******************************************************************************
                  TI ARM Linker PC v15.12.1                    
******************************************************************************
>> Linked Thu Dec 08 18:25:00 2016

OUTPUT FILE NAME:   <Motor_w_BT.out>
ENTRY POINT SYMBOL: "_c_int00"  address: 00004d91


MEMORY CONFIGURATION

         name            origin    length      used     unused   attr    fill
----------------------  --------  ---------  --------  --------  ----  --------
  MAIN                  00000000   00040000  0000536b  0003ac95  R  X
  INFO                  00200000   00004000  00000000  00004000  R  X
  SRAM_CODE             01000000   00010000  00000000  00010000  RW X
  SRAM_DATA             20000000   00010000  0000038c  0000fc74  RW  


SEGMENT ALLOCATION MAP

run origin  load origin   length   init length attrs members
----------  ----------- ---------- ----------- ----- -------
00000000    00000000    00005374   00005374    r-x
  00000000    00000000    000000e4   000000e4    r-- .intvecs
  000000e4    000000e4    00004f22   00004f22    r-x .text
  00005008    00005008    00000319   00000319    r-- .const
  00005328    00005328    0000004c   0000004c    r-- .cinit
20000000    20000000    0000018c   00000000    rw-
  20000000    20000000    000000f0   00000000    rw- .bss
  200000f0    200000f0    0000009c   00000000    rw- .data
2000fe00    2000fe00    00000200   00000000    rw-
  2000fe00    2000fe00    00000200   00000000    rw- .stack


SECTION ALLOCATION MAP

 output                                  attributes/
section   page    origin      length       input sections
--------  ----  ----------  ----------   ----------------
.intvecs   0    00000000    000000e4     
                  00000000    000000e4     startup_msp432p401r_ccs.obj (.intvecs:retain)

.text      0    000000e4    00004f22     
                  000000e4    000007ec     locator.obj (.text)
                  000008d0    00000740     rtsv7M4_T_le_v4SPD16_eabi.lib : k_rem_pio2.obj (.text)
                  00001010    000005e4                                   : s_cos.obj (.text)
                  000015f4    000005d0                                   : s_sin.obj (.text)
                  00001bc4    0000052c     logger.obj (.text)
                  000020f0    00000518     gps.obj (.text)
                  00002608    00000510     rtsv7M4_T_le_v4SPD16_eabi.lib : s_tan.obj (.text)
                  00002b18    00000468     main.obj (.text)
                  00002f80    00000410     rtsv7M4_T_le_v4SPD16_eabi.lib : e_asin.obj (.text)
                  00003390    00000328     system_msp432p401r.obj (.text)
                  000036b8    00000320     rtsv7M4_T_le_v4SPD16_eabi.lib : k_tan.obj (.text)
                  000039d8    000002ec                                   : s_atan.obj (.text)
                  00003cc4    00000230     uart.obj (.text)
                  00003ef4    000001b6     rtsv7M4_T_le_v4SPD16_eabi.lib : fd_add_t2.obj (.text)
                  000040aa    00000002                                   : mpu_init.obj (.text)
                  000040ac    00000174                                   : k_sin.obj (.text)
                  00004220    00000170                                   : e_sqrt.obj (.text)
                  00004390    0000016c     motor.obj (.text)
                  000044fc    0000016c     rtsv7M4_T_le_v4SPD16_eabi.lib : k_cos.obj (.text)
                  00004668    00000136                                   : fd_div_t2.obj (.text)
                  0000479e    000000fc                                   : fd_mul_t2.obj (.text)
                  0000489a    00000002                                   : startup.obj (.text)
                  0000489c    000000fc                                   : s_scalbn.obj (.text)
                  00004998    000000f8                                   : s_floor.obj (.text)
                  00004a90    0000009c                                   : memcpy_t2.obj (.text)
                  00004b2c    00000086                                   : fd_cmp_t2.obj (.text:__aeabi_cdcmple)
                  00004bb2    00000086                                   : fd_cmp_t2.obj (.text:__aeabi_cdrcmple)
                  00004c38    0000007a                                   : memset_t2.obj (.text)
                  00004cb2    00000002     --HOLE-- [fill = 0]
                  00004cb4    00000070                                   : autoinit.obj (.text)
                  00004d24    0000006a                                   : copy_decompress_rle.obj (.text)
                  00004d8e    00000002     --HOLE-- [fill = 0]
                  00004d90    00000054                                   : boot.obj (.text)
                  00004de4    00000054                                   : exit.obj (.text)
                  00004e38    0000004c                                   : cpy_tbl.obj (.text)
                  00004e84    00000048                                   : fd_toi_t2.obj (.text)
                  00004ecc    00000044                                   : fd_tou_t2.obj (.text)
                  00004f10    00000040     menu.obj (.text)
                  00004f50    0000002e     rtsv7M4_T_le_v4SPD16_eabi.lib : i_tofd_t2.obj (.text)
                  00004f7e    00000020                                   : u_tofd_t2.obj (.text)
                  00004f9e    00000002     --HOLE-- [fill = 0]
                  00004fa0    00000018                                   : args_main.obj (.text)
                  00004fb8    00000014                                   : _lock.obj (.text)
                  00004fcc    00000014                                   : s_copysign.obj (.text)
                  00004fe0    0000000e                                   : copy_decompress_none.obj (.text:decompress:none)
                  00004fee    0000000e     startup_msp432p401r_ccs.obj (.text)
                  00004ffc    00000006     rtsv7M4_T_le_v4SPD16_eabi.lib : copy_decompress_rle.obj (.text:decompress:rle24)
                  00005002    00000004                                   : pre_init.obj (.text)

.const     0    00005008    00000319     
                  00005008    00000158     rtsv7M4_T_le_v4SPD16_eabi.lib : k_rem_pio2.obj (.const:$O1$$)
                  00005160    00000098                                   : s_atan.obj (.const:$O1$$)
                  000051f8    00000080                                   : k_tan.obj (.const:xxx)
                  00005278    0000001a     logger.obj (.const:.string:$P$T6$7)
                  00005292    00000016     logger.obj (.const:.string:$P$T10$11)
                  000052a8    0000000e     logger.obj (.const:.string:$P$T8$9)
                  000052b6    0000000e     logger.obj (.const:.string:$P$T9$10)
                  000052c4    0000000c     logger.obj (.const:.string:$P$T3$4)
                  000052d0    0000000c     logger.obj (.const:.string:$P$T5$6)
                  000052dc    0000000b     menu.obj (.const:.string:$P$T0$1)
                  000052e7    0000000b     logger.obj (.const:.string:$P$T1$2)
                  000052f2    0000000b     menu.obj (.const:.string:$P$T1$2)
                  000052fd    0000000b     logger.obj (.const:.string:$P$T2$3)
                  00005308    00000009     logger.obj (.const:.string:$P$T0$1)
                  00005311    00000009     logger.obj (.const:.string:$P$T7$8)
                  0000531a    00000007     logger.obj (.const:.string:$P$T4$5)

.cinit     0    00005328    0000004c     
                  00005328    00000021     (.cinit..data.load) [load image, compression = rle]
                  00005349    00000007     --HOLE-- [fill = 0]
                  00005350    00000009     (.cinit..bss.load) [load image, compression = rle]
                  00005359    00000003     --HOLE-- [fill = 0]
                  0000535c    00000008     (__TI_handler_table)
                  00005364    00000010     (__TI_cinit_table)

.bss       0    20000000    000000f0     UNINITIALIZED
                  20000000    00000064     (.common:NMEA_GPRMC_string)
                  20000064    00000004     --HOLE--
                  20000068    00000050     (.common:location_info)
                  200000b8    00000030     (.common:current_info)
                  200000e8    00000008     (.common:message_id)

.data      0    200000f0    0000009c     UNINITIALIZED
                  200000f0    0000003c     main.obj (.data)
                  2000012c    00000035     gps.obj (.data)
                  20000161    00000003     --HOLE--
                  20000164    0000000c     rtsv7M4_T_le_v4SPD16_eabi.lib : exit.obj (.data:$O1$$)
                  20000170    00000008                                   : _lock.obj (.data:$O1$$)
                  20000178    00000005     gps.obj (.data:rmc_code)
                  2000017d    00000003     --HOLE--
                  20000180    00000004     rtsv7M4_T_le_v4SPD16_eabi.lib : errno.obj (.data)
                  20000184    00000004                                   : stkdepth_vars.obj (.data)
                  20000188    00000004     system_msp432p401r.obj (.data)

.stack     0    2000fe00    00000200     UNINITIALIZED
                  2000fe00    00000200     --HOLE--

MODULE SUMMARY

       Module                        code    ro data   rw data
       ------                        ----    -------   -------
    .\
       locator.obj                   2028    0         0      
       logger.obj                    1324    147       0      
       main.obj                      1128    0         288    
       gps.obj                       1304    0         66     
       system_msp432p401r.obj        808     0         4      
       uart.obj                      560     0         0      
       motor.obj                     364     0         0      
       startup_msp432p401r_ccs.obj   14      228       0      
       menu.obj                      64      22        0      
    +--+-----------------------------+-------+---------+---------+
       Total:                        7594    397       358    
                                                              
    C:\ti\ccsv6\tools\compiler\ti-cgt-arm_15.12.1.LTS\lib\rtsv7M4_T_le_v4SPD16_eabi.lib
       k_rem_pio2.obj                1856    344       0      
       s_cos.obj                     1508    0         0      
       s_sin.obj                     1488    0         0      
       s_tan.obj                     1296    0         0      
       e_asin.obj                    1040    0         0      
       k_tan.obj                     800     128       0      
       s_atan.obj                    748     152       0      
       fd_add_t2.obj                 438     0         0      
       k_sin.obj                     372     0         0      
       e_sqrt.obj                    368     0         0      
       k_cos.obj                     364     0         0      
       fd_div_t2.obj                 310     0         0      
       fd_cmp_t2.obj                 268     0         0      
       fd_mul_t2.obj                 252     0         0      
       s_scalbn.obj                  252     0         0      
       s_floor.obj                   248     0         0      
       memcpy_t2.obj                 156     0         0      
       memset_t2.obj                 122     0         0      
       autoinit.obj                  112     0         0      
       copy_decompress_rle.obj       112     0         0      
       exit.obj                      84      0         12     
       boot.obj                      84      0         0      
       cpy_tbl.obj                   76      0         0      
       fd_toi_t2.obj                 72      0         0      
       fd_tou_t2.obj                 68      0         0      
       i_tofd_t2.obj                 46      0         0      
       u_tofd_t2.obj                 32      0         0      
       _lock.obj                     20      0         8      
       args_main.obj                 24      0         0      
       s_copysign.obj                20      0         0      
       copy_decompress_none.obj      14      0         0      
       errno.obj                     0       0         4      
       pre_init.obj                  4       0         0      
       stkdepth_vars.obj             0       0         4      
       mpu_init.obj                  2       0         0      
       startup.obj                   2       0         0      
    +--+-----------------------------+-------+---------+---------+
       Total:                        12658   624       28     
                                                              
       Stack:                        0       0         512    
       Linker Generated:             0       66        0      
    +--+-----------------------------+-------+---------+---------+
       Grand Total:                  20252   1087      898    


LINKER GENERATED COPY TABLES

__TI_cinit_table @ 00005364 records: 2, size/record: 8, table size: 16
	.data: load addr=00005328, load size=00000021 bytes, run addr=200000f0, run size=0000009c bytes, compression=rle
	.bss: load addr=00005350, load size=00000009 bytes, run addr=20000000, run size=000000f0 bytes, compression=rle


LINKER GENERATED HANDLER TABLE

__TI_handler_table @ 0000535c records: 2, size/record: 4, table size: 8
	index: 0, handler: __TI_decompress_rle24
	index: 1, handler: __TI_decompress_none


GLOBAL SYMBOLS: SORTED ALPHABETICALLY BY Name 

address   name                           
-------   ----                           
00004ffb  ADC14_IRQHandler               
00004ffb  AES256_IRQHandler              
00004ffb  BusFault_Handler               
00004de5  C$$EXIT                        
00004ffb  COMP_E0_IRQHandler             
00004ffb  COMP_E1_IRQHandler             
00004ffb  CS_IRQHandler                  
00004ffb  DMA_ERR_IRQHandler             
00004ffb  DMA_INT0_IRQHandler            
00004ffb  DMA_INT1_IRQHandler            
00004ffb  DMA_INT2_IRQHandler            
00004ffb  DMA_INT3_IRQHandler            
00004ffb  DebugMon_Handler               
00004ffb  Default_Handler                
00002c99  EUSCIA0_IRQHandler             
00002c99  EUSCIA0_IRQHandler             
00004ffb  EUSCIA1_IRQHandler             
00002d81  EUSCIA2_IRQHandler             
00002d81  EUSCIA2_IRQHandler             
00004ffb  EUSCIA3_IRQHandler             
00004ffb  EUSCIB0_IRQHandler             
00004ffb  EUSCIB1_IRQHandler             
00004ffb  EUSCIB2_IRQHandler             
00004ffb  EUSCIB3_IRQHandler             
00004ffb  FLCTL_IRQHandler               
00004ffb  FPU_IRQHandler                 
00004ffb  HardFault_Handler              
00004ffb  MemManage_Handler              
20000000  NMEA_GPRMC_string              
200000f4  NMEA_count                     
00004ffb  NMI_Handler                    
00004ffb  PCM_IRQHandler                 
00004ffb  PORT1_IRQHandler               
00004ffb  PORT2_IRQHandler               
00004ffb  PORT3_IRQHandler               
00004ffb  PORT4_IRQHandler               
00004ffb  PORT5_IRQHandler               
00004ffb  PORT6_IRQHandler               
00004ffb  PSS_IRQHandler                 
00004ffb  PendSV_Handler                 
00004ffb  RTC_C_IRQHandler               
00004fef  Reset_Handler                  
UNDEFED   SHT$$INIT_ARRAY$$Base          
UNDEFED   SHT$$INIT_ARRAY$$Limit         
00004ffb  SVC_Handler                    
00004ffb  SysTick_Handler                
20000188  SystemCoreClock                
00003391  SystemCoreClockUpdate          
00003605  SystemInit                     
00004ffb  T32_INT1_IRQHandler            
00004ffb  T32_INT2_IRQHandler            
00004ffb  T32_INTC_IRQHandler            
00002e99  TA0_0_IRQHandler               
00002e99  TA0_0_IRQHandler               
00004ffb  TA0_N_IRQHandler               
00004ffb  TA1_0_IRQHandler               
00004ffb  TA1_N_IRQHandler               
00004ffb  TA2_0_IRQHandler               
00004ffb  TA2_N_IRQHandler               
00004ffb  TA3_0_IRQHandler               
00004ffb  TA3_N_IRQHandler               
00004ffb  UsageFault_Handler             
4000480c  WDTCTL_SYM                     
00004ffb  WDT_A_IRQHandler               
20010000  __STACK_END                    
00000200  __STACK_SIZE                   
00005364  __TI_CINIT_Base                
00005374  __TI_CINIT_Limit               
0000535c  __TI_Handler_Table_Base        
00005364  __TI_Handler_Table_Limit       
00004cb5  __TI_auto_init                 
20000164  __TI_cleanup_ptr               
00004fe1  __TI_decompress_none           
00004ffd  __TI_decompress_rle24          
20000168  __TI_dtors_ptr                 
2000016c  __TI_enable_exit_profile_output
ffffffff  __TI_pprof_out_hndl            
ffffffff  __TI_prof_data_size            
ffffffff  __TI_prof_data_start           
00000000  __TI_static_base__             
00004b2d  __aeabi_cdcmpeq                
00004b2d  __aeabi_cdcmple                
00004bb3  __aeabi_cdrcmple               
00004e85  __aeabi_d2iz                   
00004ecd  __aeabi_d2uiz                  
00003eff  __aeabi_dadd                   
00004669  __aeabi_ddiv                   
0000479f  __aeabi_dmul                   
00003ef5  __aeabi_dsub                   
00004f51  __aeabi_i2d                    
00004c39  __aeabi_memclr                 
00004c39  __aeabi_memclr4                
00004c39  __aeabi_memclr8                
00004a91  __aeabi_memcpy                 
00004a91  __aeabi_memcpy4                
00004a91  __aeabi_memcpy8                
00004c3b  __aeabi_memset                 
00004c3b  __aeabi_memset4                
00004c3b  __aeabi_memset8                
00004f7f  __aeabi_ui2d                   
ffffffff  __binit__                      
ffffffff  __c_args__                     
000044fd  __kernel_cos                   
000008d1  __kernel_rem_pio2              
000040ad  __kernel_sin                   
000036b9  __kernel_tan                   
000040ab  __mpu_init                     
2000fe00  __stack                        
00004fa1  _args_main                     
00004d91  _c_int00                       
20000170  _lock                          
00004fc7  _nop                           
00004fbf  _register_lock                 
00004fb9  _register_unlock               
0000489b  _system_post_cinit             
00005003  _system_pre_init               
20000174  _unlock                        
00004de9  abort                          
00002f81  asin                           
00002f81  asinl                          
000039d9  atan                           
000039d9  atanl                          
2000011c  begin_alt_motor                
20000120  begin_azi_motor                
20000118  begin_calculations             
ffffffff  binit                          
0000016d  calculate_alt                  
00000529  calculate_alt_steps            
0000032f  calculate_azi                  
0000054d  calculate_azi_steps            
000000e5  calculate_lha                  
200000f8  capture_string                 
20000158  collect_date                   
20000140  collect_latitude               
20000148  collect_latitude_dir           
2000014c  collect_longitude              
20000154  collect_longitude_dir          
20000130  collect_message_id             
20000138  collect_utc                    
000043d7  configure_pins                 
00003ce9  configure_serial_port0         
00003da9  configure_serial_port2         
000043b5  configure_timer                
0000079d  convert_alt                    
00000827  convert_azi                    
00004e39  copy_in                        
00004fcd  copysign                       
00004fcd  copysignl                      
00001011  cos                            
00001011  cosl                           
2000015c  count_date                     
20000110  count_declination              
20000108  count_gha                      
20000144  count_latitude                 
20000150  count_longitude                
20000134  count_message_id               
2000013c  count_utc                      
200000b8  current_info                   
20000180  errno                          
00004df1  exit                           
00004999  floor                          
00004999  floorl                         
20000114  found_neg                      
2000010c  gather_declination             
20000104  gather_gha                     
20000100  gather_input                   
00000571  gha_dec_atoi                   
000023c9  gps_lock_led                   
200000f0  gps_on                         
00000000  interruptVectors               
0000240d  lat_long_atoi                  
0000489d  ldexp                          
0000489d  ldexpl                         
20000068  location_info                  
00001c9d  log_date                       
0000209f  log_gathered_dec               
00002071  log_gathered_gha               
00001bc5  log_gps_lock                   
00001c19  log_latitude                   
00001c5b  log_longitude                  
00001cd3  log_movement                   
00001d09  log_object_found               
00001be9  log_utc                        
00002b19  main                           
20000184  main_func_sp                   
00004a91  memcpy                         
00004c41  memset                         
200000e8  message_id                     
20000160  prev                           
00004f2d  print_dec_menu                 
00004f11  print_gha_menu                 
200000fc  process_string                 
20000178  rmc_code                       
0000489d  scalbn                         
0000489d  scalbnl                        
000015f5  sin                            
000015f5  sinl                           
000020f1  sort_gps_data                  
00004221  sqrt                           
00004221  sqrtl                          
00004451  start_alt_motor                
00004491  start_azi_motor                
2000012c  start_search                   
20000128  step_counter                   
00004471  stop_alt_motor                 
000044b1  stop_azi_motor                 
20000124  switch_to_azi                  
00002609  tan                            
00002609  tanl                           
000044c7  toggle_laser                   
00003e69  uart_putchar                   
00003e85  uart_putchar_n                 


GLOBAL SYMBOLS: SORTED BY Symbol Address 

address   name                           
-------   ----                           
00000000  __TI_static_base__             
00000000  interruptVectors               
000000e5  calculate_lha                  
0000016d  calculate_alt                  
00000200  __STACK_SIZE                   
0000032f  calculate_azi                  
00000529  calculate_alt_steps            
0000054d  calculate_azi_steps            
00000571  gha_dec_atoi                   
0000079d  convert_alt                    
00000827  convert_azi                    
000008d1  __kernel_rem_pio2              
00001011  cos                            
00001011  cosl                           
000015f5  sin                            
000015f5  sinl                           
00001bc5  log_gps_lock                   
00001be9  log_utc                        
00001c19  log_latitude                   
00001c5b  log_longitude                  
00001c9d  log_date                       
00001cd3  log_movement                   
00001d09  log_object_found               
00002071  log_gathered_gha               
0000209f  log_gathered_dec               
000020f1  sort_gps_data                  
000023c9  gps_lock_led                   
0000240d  lat_long_atoi                  
00002609  tan                            
00002609  tanl                           
00002b19  main                           
00002c99  EUSCIA0_IRQHandler             
00002c99  EUSCIA0_IRQHandler             
00002d81  EUSCIA2_IRQHandler             
00002d81  EUSCIA2_IRQHandler             
00002e99  TA0_0_IRQHandler               
00002e99  TA0_0_IRQHandler               
00002f81  asin                           
00002f81  asinl                          
00003391  SystemCoreClockUpdate          
00003605  SystemInit                     
000036b9  __kernel_tan                   
000039d9  atan                           
000039d9  atanl                          
00003ce9  configure_serial_port0         
00003da9  configure_serial_port2         
00003e69  uart_putchar                   
00003e85  uart_putchar_n                 
00003ef5  __aeabi_dsub                   
00003eff  __aeabi_dadd                   
000040ab  __mpu_init                     
000040ad  __kernel_sin                   
00004221  sqrt                           
00004221  sqrtl                          
000043b5  configure_timer                
000043d7  configure_pins                 
00004451  start_alt_motor                
00004471  stop_alt_motor                 
00004491  start_azi_motor                
000044b1  stop_azi_motor                 
000044c7  toggle_laser                   
000044fd  __kernel_cos                   
00004669  __aeabi_ddiv                   
0000479f  __aeabi_dmul                   
0000489b  _system_post_cinit             
0000489d  ldexp                          
0000489d  ldexpl                         
0000489d  scalbn                         
0000489d  scalbnl                        
00004999  floor                          
00004999  floorl                         
00004a91  __aeabi_memcpy                 
00004a91  __aeabi_memcpy4                
00004a91  __aeabi_memcpy8                
00004a91  memcpy                         
00004b2d  __aeabi_cdcmpeq                
00004b2d  __aeabi_cdcmple                
00004bb3  __aeabi_cdrcmple               
00004c39  __aeabi_memclr                 
00004c39  __aeabi_memclr4                
00004c39  __aeabi_memclr8                
00004c3b  __aeabi_memset                 
00004c3b  __aeabi_memset4                
00004c3b  __aeabi_memset8                
00004c41  memset                         
00004cb5  __TI_auto_init                 
00004d91  _c_int00                       
00004de5  C$$EXIT                        
00004de9  abort                          
00004df1  exit                           
00004e39  copy_in                        
00004e85  __aeabi_d2iz                   
00004ecd  __aeabi_d2uiz                  
00004f11  print_gha_menu                 
00004f2d  print_dec_menu                 
00004f51  __aeabi_i2d                    
00004f7f  __aeabi_ui2d                   
00004fa1  _args_main                     
00004fb9  _register_unlock               
00004fbf  _register_lock                 
00004fc7  _nop                           
00004fcd  copysign                       
00004fcd  copysignl                      
00004fe1  __TI_decompress_none           
00004fef  Reset_Handler                  
00004ffb  ADC14_IRQHandler               
00004ffb  AES256_IRQHandler              
00004ffb  BusFault_Handler               
00004ffb  COMP_E0_IRQHandler             
00004ffb  COMP_E1_IRQHandler             
00004ffb  CS_IRQHandler                  
00004ffb  DMA_ERR_IRQHandler             
00004ffb  DMA_INT0_IRQHandler            
00004ffb  DMA_INT1_IRQHandler            
00004ffb  DMA_INT2_IRQHandler            
00004ffb  DMA_INT3_IRQHandler            
00004ffb  DebugMon_Handler               
00004ffb  Default_Handler                
00004ffb  EUSCIA1_IRQHandler             
00004ffb  EUSCIA3_IRQHandler             
00004ffb  EUSCIB0_IRQHandler             
00004ffb  EUSCIB1_IRQHandler             
00004ffb  EUSCIB2_IRQHandler             
00004ffb  EUSCIB3_IRQHandler             
00004ffb  FLCTL_IRQHandler               
00004ffb  FPU_IRQHandler                 
00004ffb  HardFault_Handler              
00004ffb  MemManage_Handler              
00004ffb  NMI_Handler                    
00004ffb  PCM_IRQHandler                 
00004ffb  PORT1_IRQHandler               
00004ffb  PORT2_IRQHandler               
00004ffb  PORT3_IRQHandler               
00004ffb  PORT4_IRQHandler               
00004ffb  PORT5_IRQHandler               
00004ffb  PORT6_IRQHandler               
00004ffb  PSS_IRQHandler                 
00004ffb  PendSV_Handler                 
00004ffb  RTC_C_IRQHandler               
00004ffb  SVC_Handler                    
00004ffb  SysTick_Handler                
00004ffb  T32_INT1_IRQHandler            
00004ffb  T32_INT2_IRQHandler            
00004ffb  T32_INTC_IRQHandler            
00004ffb  TA0_N_IRQHandler               
00004ffb  TA1_0_IRQHandler               
00004ffb  TA1_N_IRQHandler               
00004ffb  TA2_0_IRQHandler               
00004ffb  TA2_N_IRQHandler               
00004ffb  TA3_0_IRQHandler               
00004ffb  TA3_N_IRQHandler               
00004ffb  UsageFault_Handler             
00004ffb  WDT_A_IRQHandler               
00004ffd  __TI_decompress_rle24          
00005003  _system_pre_init               
0000535c  __TI_Handler_Table_Base        
00005364  __TI_CINIT_Base                
00005364  __TI_Handler_Table_Limit       
00005374  __TI_CINIT_Limit               
20000000  NMEA_GPRMC_string              
20000068  location_info                  
200000b8  current_info                   
200000e8  message_id                     
200000f0  gps_on                         
200000f4  NMEA_count                     
200000f8  capture_string                 
200000fc  process_string                 
20000100  gather_input                   
20000104  gather_gha                     
20000108  count_gha                      
2000010c  gather_declination             
20000110  count_declination              
20000114  found_neg                      
20000118  begin_calculations             
2000011c  begin_alt_motor                
20000120  begin_azi_motor                
20000124  switch_to_azi                  
20000128  step_counter                   
2000012c  start_search                   
20000130  collect_message_id             
20000134  count_message_id               
20000138  collect_utc                    
2000013c  count_utc                      
20000140  collect_latitude               
20000144  count_latitude                 
20000148  collect_latitude_dir           
2000014c  collect_longitude              
20000150  count_longitude                
20000154  collect_longitude_dir          
20000158  collect_date                   
2000015c  count_date                     
20000160  prev                           
20000164  __TI_cleanup_ptr               
20000168  __TI_dtors_ptr                 
2000016c  __TI_enable_exit_profile_output
20000170  _lock                          
20000174  _unlock                        
20000178  rmc_code                       
20000180  errno                          
20000184  main_func_sp                   
20000188  SystemCoreClock                
2000fe00  __stack                        
20010000  __STACK_END                    
4000480c  WDTCTL_SYM                     
ffffffff  __TI_pprof_out_hndl            
ffffffff  __TI_prof_data_size            
ffffffff  __TI_prof_data_start           
ffffffff  __binit__                      
ffffffff  __c_args__                     
ffffffff  binit                          
UNDEFED   SHT$$INIT_ARRAY$$Base          
UNDEFED   SHT$$INIT_ARRAY$$Limit         

[212 symbols]
