<?xml version="1.0"?>
<link_info>
   <banner>TI ARM Linker PC v15.12.1.LTS</banner>
   <copyright>Copyright (c) 1996-2015 Texas Instruments Incorporated</copyright>
   <link_time>0x584a07ec</link_time>
   <link_errors>0x0</link_errors>
   <output_file>Motor_w_BT.out</output_file>
   <entry_point>
      <name>_c_int00</name>
      <address>0x4d91</address>
   </entry_point>
   <input_file_list>
      <input_file id="fl-2">
         <path>.\</path>
         <kind>object</kind>
         <file>gps.obj</file>
         <name>gps.obj</name>
      </input_file>
      <input_file id="fl-3">
         <path>.\</path>
         <kind>object</kind>
         <file>locator.obj</file>
         <name>locator.obj</name>
      </input_file>
      <input_file id="fl-4">
         <path>.\</path>
         <kind>object</kind>
         <file>logger.obj</file>
         <name>logger.obj</name>
      </input_file>
      <input_file id="fl-5">
         <path>.\</path>
         <kind>object</kind>
         <file>main.obj</file>
         <name>main.obj</name>
      </input_file>
      <input_file id="fl-6">
         <path>.\</path>
         <kind>object</kind>
         <file>menu.obj</file>
         <name>menu.obj</name>
      </input_file>
      <input_file id="fl-7">
         <path>.\</path>
         <kind>object</kind>
         <file>motor.obj</file>
         <name>motor.obj</name>
      </input_file>
      <input_file id="fl-8">
         <path>.\</path>
         <kind>object</kind>
         <file>startup_msp432p401r_ccs.obj</file>
         <name>startup_msp432p401r_ccs.obj</name>
      </input_file>
      <input_file id="fl-9">
         <path>.\</path>
         <kind>object</kind>
         <file>system_msp432p401r.obj</file>
         <name>system_msp432p401r.obj</name>
      </input_file>
      <input_file id="fl-a">
         <path>.\</path>
         <kind>object</kind>
         <file>uart.obj</file>
         <name>uart.obj</name>
      </input_file>
      <input_file id="fl-c4">
         <path>C:\ti\ccsv6\tools\compiler\ti-cgt-arm_15.12.1.LTS\lib\</path>
         <kind>archive</kind>
         <file>rtsv7M4_T_le_v4SPD16_eabi.lib</file>
         <name>boot.obj</name>
      </input_file>
      <input_file id="fl-c5">
         <path>C:\ti\ccsv6\tools\compiler\ti-cgt-arm_15.12.1.LTS\lib\</path>
         <kind>archive</kind>
         <file>rtsv7M4_T_le_v4SPD16_eabi.lib</file>
         <name>copy_decompress_none.obj</name>
      </input_file>
      <input_file id="fl-c6">
         <path>C:\ti\ccsv6\tools\compiler\ti-cgt-arm_15.12.1.LTS\lib\</path>
         <kind>archive</kind>
         <file>rtsv7M4_T_le_v4SPD16_eabi.lib</file>
         <name>copy_decompress_rle.obj</name>
      </input_file>
      <input_file id="fl-c7">
         <path>C:\ti\ccsv6\tools\compiler\ti-cgt-arm_15.12.1.LTS\lib\</path>
         <kind>archive</kind>
         <file>rtsv7M4_T_le_v4SPD16_eabi.lib</file>
         <name>copy_zero_init.obj</name>
      </input_file>
      <input_file id="fl-c8">
         <path>C:\ti\ccsv6\tools\compiler\ti-cgt-arm_15.12.1.LTS\lib\</path>
         <kind>archive</kind>
         <file>rtsv7M4_T_le_v4SPD16_eabi.lib</file>
         <name>e_asin.obj</name>
      </input_file>
      <input_file id="fl-c9">
         <path>C:\ti\ccsv6\tools\compiler\ti-cgt-arm_15.12.1.LTS\lib\</path>
         <kind>archive</kind>
         <file>rtsv7M4_T_le_v4SPD16_eabi.lib</file>
         <name>e_sqrt.obj</name>
      </input_file>
      <input_file id="fl-ca">
         <path>C:\ti\ccsv6\tools\compiler\ti-cgt-arm_15.12.1.LTS\lib\</path>
         <kind>archive</kind>
         <file>rtsv7M4_T_le_v4SPD16_eabi.lib</file>
         <name>errno.obj</name>
      </input_file>
      <input_file id="fl-cb">
         <path>C:\ti\ccsv6\tools\compiler\ti-cgt-arm_15.12.1.LTS\lib\</path>
         <kind>archive</kind>
         <file>rtsv7M4_T_le_v4SPD16_eabi.lib</file>
         <name>exit.obj</name>
      </input_file>
      <input_file id="fl-cc">
         <path>C:\ti\ccsv6\tools\compiler\ti-cgt-arm_15.12.1.LTS\lib\</path>
         <kind>archive</kind>
         <file>rtsv7M4_T_le_v4SPD16_eabi.lib</file>
         <name>fd_add_t2.obj</name>
      </input_file>
      <input_file id="fl-cd">
         <path>C:\ti\ccsv6\tools\compiler\ti-cgt-arm_15.12.1.LTS\lib\</path>
         <kind>archive</kind>
         <file>rtsv7M4_T_le_v4SPD16_eabi.lib</file>
         <name>fd_cmp_t2.obj</name>
      </input_file>
      <input_file id="fl-ce">
         <path>C:\ti\ccsv6\tools\compiler\ti-cgt-arm_15.12.1.LTS\lib\</path>
         <kind>archive</kind>
         <file>rtsv7M4_T_le_v4SPD16_eabi.lib</file>
         <name>fd_div_t2.obj</name>
      </input_file>
      <input_file id="fl-cf">
         <path>C:\ti\ccsv6\tools\compiler\ti-cgt-arm_15.12.1.LTS\lib\</path>
         <kind>archive</kind>
         <file>rtsv7M4_T_le_v4SPD16_eabi.lib</file>
         <name>fd_mul_t2.obj</name>
      </input_file>
      <input_file id="fl-d0">
         <path>C:\ti\ccsv6\tools\compiler\ti-cgt-arm_15.12.1.LTS\lib\</path>
         <kind>archive</kind>
         <file>rtsv7M4_T_le_v4SPD16_eabi.lib</file>
         <name>fd_toi_t2.obj</name>
      </input_file>
      <input_file id="fl-d1">
         <path>C:\ti\ccsv6\tools\compiler\ti-cgt-arm_15.12.1.LTS\lib\</path>
         <kind>archive</kind>
         <file>rtsv7M4_T_le_v4SPD16_eabi.lib</file>
         <name>fd_tou_t2.obj</name>
      </input_file>
      <input_file id="fl-d2">
         <path>C:\ti\ccsv6\tools\compiler\ti-cgt-arm_15.12.1.LTS\lib\</path>
         <kind>archive</kind>
         <file>rtsv7M4_T_le_v4SPD16_eabi.lib</file>
         <name>i_tofd_t2.obj</name>
      </input_file>
      <input_file id="fl-d3">
         <path>C:\ti\ccsv6\tools\compiler\ti-cgt-arm_15.12.1.LTS\lib\</path>
         <kind>archive</kind>
         <file>rtsv7M4_T_le_v4SPD16_eabi.lib</file>
         <name>memcpy_t2.obj</name>
      </input_file>
      <input_file id="fl-d4">
         <path>C:\ti\ccsv6\tools\compiler\ti-cgt-arm_15.12.1.LTS\lib\</path>
         <kind>archive</kind>
         <file>rtsv7M4_T_le_v4SPD16_eabi.lib</file>
         <name>memset_t2.obj</name>
      </input_file>
      <input_file id="fl-d5">
         <path>C:\ti\ccsv6\tools\compiler\ti-cgt-arm_15.12.1.LTS\lib\</path>
         <kind>archive</kind>
         <file>rtsv7M4_T_le_v4SPD16_eabi.lib</file>
         <name>mpu_init.obj</name>
      </input_file>
      <input_file id="fl-d6">
         <path>C:\ti\ccsv6\tools\compiler\ti-cgt-arm_15.12.1.LTS\lib\</path>
         <kind>archive</kind>
         <file>rtsv7M4_T_le_v4SPD16_eabi.lib</file>
         <name>pre_init.obj</name>
      </input_file>
      <input_file id="fl-d7">
         <path>C:\ti\ccsv6\tools\compiler\ti-cgt-arm_15.12.1.LTS\lib\</path>
         <kind>archive</kind>
         <file>rtsv7M4_T_le_v4SPD16_eabi.lib</file>
         <name>s_atan.obj</name>
      </input_file>
      <input_file id="fl-d8">
         <path>C:\ti\ccsv6\tools\compiler\ti-cgt-arm_15.12.1.LTS\lib\</path>
         <kind>archive</kind>
         <file>rtsv7M4_T_le_v4SPD16_eabi.lib</file>
         <name>s_cos.obj</name>
      </input_file>
      <input_file id="fl-d9">
         <path>C:\ti\ccsv6\tools\compiler\ti-cgt-arm_15.12.1.LTS\lib\</path>
         <kind>archive</kind>
         <file>rtsv7M4_T_le_v4SPD16_eabi.lib</file>
         <name>s_sin.obj</name>
      </input_file>
      <input_file id="fl-da">
         <path>C:\ti\ccsv6\tools\compiler\ti-cgt-arm_15.12.1.LTS\lib\</path>
         <kind>archive</kind>
         <file>rtsv7M4_T_le_v4SPD16_eabi.lib</file>
         <name>s_tan.obj</name>
      </input_file>
      <input_file id="fl-db">
         <path>C:\ti\ccsv6\tools\compiler\ti-cgt-arm_15.12.1.LTS\lib\</path>
         <kind>archive</kind>
         <file>rtsv7M4_T_le_v4SPD16_eabi.lib</file>
         <name>stkdepth_vars.obj</name>
      </input_file>
      <input_file id="fl-dc">
         <path>C:\ti\ccsv6\tools\compiler\ti-cgt-arm_15.12.1.LTS\lib\</path>
         <kind>archive</kind>
         <file>rtsv7M4_T_le_v4SPD16_eabi.lib</file>
         <name>u_tofd_t2.obj</name>
      </input_file>
      <input_file id="fl-dd">
         <path>C:\ti\ccsv6\tools\compiler\ti-cgt-arm_15.12.1.LTS\lib\</path>
         <kind>archive</kind>
         <file>rtsv7M4_T_le_v4SPD16_eabi.lib</file>
         <name>_lock.obj</name>
      </input_file>
      <input_file id="fl-de">
         <path>C:\ti\ccsv6\tools\compiler\ti-cgt-arm_15.12.1.LTS\lib\</path>
         <kind>archive</kind>
         <file>rtsv7M4_T_le_v4SPD16_eabi.lib</file>
         <name>args_main.obj</name>
      </input_file>
      <input_file id="fl-df">
         <path>C:\ti\ccsv6\tools\compiler\ti-cgt-arm_15.12.1.LTS\lib\</path>
         <kind>archive</kind>
         <file>rtsv7M4_T_le_v4SPD16_eabi.lib</file>
         <name>autoinit.obj</name>
      </input_file>
      <input_file id="fl-e0">
         <path>C:\ti\ccsv6\tools\compiler\ti-cgt-arm_15.12.1.LTS\lib\</path>
         <kind>archive</kind>
         <file>rtsv7M4_T_le_v4SPD16_eabi.lib</file>
         <name>cpy_tbl.obj</name>
      </input_file>
      <input_file id="fl-e1">
         <path>C:\ti\ccsv6\tools\compiler\ti-cgt-arm_15.12.1.LTS\lib\</path>
         <kind>archive</kind>
         <file>rtsv7M4_T_le_v4SPD16_eabi.lib</file>
         <name>k_cos.obj</name>
      </input_file>
      <input_file id="fl-e2">
         <path>C:\ti\ccsv6\tools\compiler\ti-cgt-arm_15.12.1.LTS\lib\</path>
         <kind>archive</kind>
         <file>rtsv7M4_T_le_v4SPD16_eabi.lib</file>
         <name>k_rem_pio2.obj</name>
      </input_file>
      <input_file id="fl-e3">
         <path>C:\ti\ccsv6\tools\compiler\ti-cgt-arm_15.12.1.LTS\lib\</path>
         <kind>archive</kind>
         <file>rtsv7M4_T_le_v4SPD16_eabi.lib</file>
         <name>k_sin.obj</name>
      </input_file>
      <input_file id="fl-e4">
         <path>C:\ti\ccsv6\tools\compiler\ti-cgt-arm_15.12.1.LTS\lib\</path>
         <kind>archive</kind>
         <file>rtsv7M4_T_le_v4SPD16_eabi.lib</file>
         <name>k_tan.obj</name>
      </input_file>
      <input_file id="fl-e5">
         <path>C:\ti\ccsv6\tools\compiler\ti-cgt-arm_15.12.1.LTS\lib\</path>
         <kind>archive</kind>
         <file>rtsv7M4_T_le_v4SPD16_eabi.lib</file>
         <name>s_floor.obj</name>
      </input_file>
      <input_file id="fl-e6">
         <path>C:\ti\ccsv6\tools\compiler\ti-cgt-arm_15.12.1.LTS\lib\</path>
         <kind>archive</kind>
         <file>rtsv7M4_T_le_v4SPD16_eabi.lib</file>
         <name>s_scalbn.obj</name>
      </input_file>
      <input_file id="fl-e7">
         <path>C:\ti\ccsv6\tools\compiler\ti-cgt-arm_15.12.1.LTS\lib\</path>
         <kind>archive</kind>
         <file>rtsv7M4_T_le_v4SPD16_eabi.lib</file>
         <name>startup.obj</name>
      </input_file>
      <input_file id="fl-e8">
         <path>C:\ti\ccsv6\tools\compiler\ti-cgt-arm_15.12.1.LTS\lib\</path>
         <kind>archive</kind>
         <file>rtsv7M4_T_le_v4SPD16_eabi.lib</file>
         <name>s_copysign.obj</name>
      </input_file>
   </input_file_list>
   <object_component_list>
      <object_component id="oc-10">
         <name>.intvecs:retain</name>
         <load_address>0x0</load_address>
         <run_address>0x0</run_address>
         <size>0xe4</size>
         <input_file_ref idref="fl-8"/>
      </object_component>
      <object_component id="oc-a1">
         <name>.text</name>
         <load_address>0xe4</load_address>
         <run_address>0xe4</run_address>
         <size>0x7ec</size>
         <input_file_ref idref="fl-3"/>
      </object_component>
      <object_component id="oc-1e8">
         <name>.text</name>
         <load_address>0x8d0</load_address>
         <run_address>0x8d0</run_address>
         <size>0x740</size>
         <input_file_ref idref="fl-e2"/>
      </object_component>
      <object_component id="oc-161">
         <name>.text</name>
         <load_address>0x1010</load_address>
         <run_address>0x1010</run_address>
         <size>0x5e4</size>
         <input_file_ref idref="fl-d8"/>
      </object_component>
      <object_component id="oc-15b">
         <name>.text</name>
         <load_address>0x15f4</load_address>
         <run_address>0x15f4</run_address>
         <size>0x5d0</size>
         <input_file_ref idref="fl-d9"/>
      </object_component>
      <object_component id="oc-9b">
         <name>.text</name>
         <load_address>0x1bc4</load_address>
         <run_address>0x1bc4</run_address>
         <size>0x52c</size>
         <input_file_ref idref="fl-4"/>
      </object_component>
      <object_component id="oc-8f">
         <name>.text</name>
         <load_address>0x20f0</load_address>
         <run_address>0x20f0</run_address>
         <size>0x518</size>
         <input_file_ref idref="fl-2"/>
      </object_component>
      <object_component id="oc-16d">
         <name>.text</name>
         <load_address>0x2608</load_address>
         <run_address>0x2608</run_address>
         <size>0x510</size>
         <input_file_ref idref="fl-da"/>
      </object_component>
      <object_component id="oc-32">
         <name>.text</name>
         <load_address>0x2b18</load_address>
         <run_address>0x2b18</run_address>
         <size>0x468</size>
         <input_file_ref idref="fl-5"/>
      </object_component>
      <object_component id="oc-167">
         <name>.text</name>
         <load_address>0x2f80</load_address>
         <run_address>0x2f80</run_address>
         <size>0x410</size>
         <input_file_ref idref="fl-c8"/>
      </object_component>
      <object_component id="oc-82">
         <name>.text</name>
         <load_address>0x3390</load_address>
         <run_address>0x3390</run_address>
         <size>0x328</size>
         <input_file_ref idref="fl-9"/>
      </object_component>
      <object_component id="oc-20d">
         <name>.text</name>
         <load_address>0x36b8</load_address>
         <run_address>0x36b8</run_address>
         <size>0x320</size>
         <input_file_ref idref="fl-e4"/>
      </object_component>
      <object_component id="oc-173">
         <name>.text</name>
         <load_address>0x39d8</load_address>
         <run_address>0x39d8</run_address>
         <size>0x2ec</size>
         <input_file_ref idref="fl-d7"/>
      </object_component>
      <object_component id="oc-89">
         <name>.text</name>
         <load_address>0x3cc4</load_address>
         <run_address>0x3cc4</run_address>
         <size>0x230</size>
         <input_file_ref idref="fl-a"/>
      </object_component>
      <object_component id="oc-112">
         <name>.text</name>
         <load_address>0x3ef4</load_address>
         <run_address>0x3ef4</run_address>
         <size>0x1b6</size>
         <input_file_ref idref="fl-cc"/>
      </object_component>
      <object_component id="oc-60">
         <name>.text</name>
         <load_address>0x40aa</load_address>
         <run_address>0x40aa</run_address>
         <size>0x2</size>
         <input_file_ref idref="fl-d5"/>
      </object_component>
      <object_component id="oc-1e2">
         <name>.text</name>
         <load_address>0x40ac</load_address>
         <run_address>0x40ac</run_address>
         <size>0x174</size>
         <input_file_ref idref="fl-e3"/>
      </object_component>
      <object_component id="oc-1fd">
         <name>.text</name>
         <load_address>0x4220</load_address>
         <run_address>0x4220</run_address>
         <size>0x170</size>
         <input_file_ref idref="fl-c9"/>
      </object_component>
      <object_component id="oc-ac">
         <name>.text</name>
         <load_address>0x4390</load_address>
         <run_address>0x4390</run_address>
         <size>0x16c</size>
         <input_file_ref idref="fl-7"/>
      </object_component>
      <object_component id="oc-1ee">
         <name>.text</name>
         <load_address>0x44fc</load_address>
         <run_address>0x44fc</run_address>
         <size>0x16c</size>
         <input_file_ref idref="fl-e1"/>
      </object_component>
      <object_component id="oc-117">
         <name>.text</name>
         <load_address>0x4668</load_address>
         <run_address>0x4668</run_address>
         <size>0x136</size>
         <input_file_ref idref="fl-ce"/>
      </object_component>
      <object_component id="oc-156">
         <name>.text</name>
         <load_address>0x479e</load_address>
         <run_address>0x479e</run_address>
         <size>0xfc</size>
         <input_file_ref idref="fl-cf"/>
      </object_component>
      <object_component id="oc-e2">
         <name>.text</name>
         <load_address>0x489a</load_address>
         <run_address>0x489a</run_address>
         <size>0x2</size>
         <input_file_ref idref="fl-e7"/>
      </object_component>
      <object_component id="oc-228">
         <name>.text</name>
         <load_address>0x489c</load_address>
         <run_address>0x489c</run_address>
         <size>0xfc</size>
         <input_file_ref idref="fl-e6"/>
      </object_component>
      <object_component id="oc-22e">
         <name>.text</name>
         <load_address>0x4998</load_address>
         <run_address>0x4998</run_address>
         <size>0xf8</size>
         <input_file_ref idref="fl-e5"/>
      </object_component>
      <object_component id="oc-3b">
         <name>.text</name>
         <load_address>0x4a90</load_address>
         <run_address>0x4a90</run_address>
         <size>0x9c</size>
         <input_file_ref idref="fl-d3"/>
      </object_component>
      <object_component id="oc-179">
         <name>.text:__aeabi_cdcmple</name>
         <load_address>0x4b2c</load_address>
         <run_address>0x4b2c</run_address>
         <size>0x86</size>
         <input_file_ref idref="fl-cd"/>
      </object_component>
      <object_component id="oc-203">
         <name>.text:__aeabi_cdrcmple</name>
         <load_address>0x4bb2</load_address>
         <run_address>0x4bb2</run_address>
         <size>0x86</size>
         <input_file_ref idref="fl-cd"/>
      </object_component>
      <object_component id="oc-54">
         <name>.text</name>
         <load_address>0x4c38</load_address>
         <run_address>0x4c38</run_address>
         <size>0x7a</size>
         <input_file_ref idref="fl-d4"/>
      </object_component>
      <object_component id="oc-6c">
         <name>.text</name>
         <load_address>0x4cb4</load_address>
         <run_address>0x4cb4</run_address>
         <size>0x70</size>
         <input_file_ref idref="fl-df"/>
      </object_component>
      <object_component id="oc-47">
         <name>.text</name>
         <load_address>0x4d24</load_address>
         <run_address>0x4d24</run_address>
         <size>0x6a</size>
         <input_file_ref idref="fl-c6"/>
      </object_component>
      <object_component id="oc-25">
         <name>.text</name>
         <load_address>0x4d90</load_address>
         <run_address>0x4d90</run_address>
         <size>0x54</size>
         <input_file_ref idref="fl-c4"/>
      </object_component>
      <object_component id="oc-78">
         <name>.text</name>
         <load_address>0x4de4</load_address>
         <run_address>0x4de4</run_address>
         <size>0x54</size>
         <input_file_ref idref="fl-cb"/>
      </object_component>
      <object_component id="oc-dc">
         <name>.text</name>
         <load_address>0x4e38</load_address>
         <run_address>0x4e38</run_address>
         <size>0x4c</size>
         <input_file_ref idref="fl-e0"/>
      </object_component>
      <object_component id="oc-13c">
         <name>.text</name>
         <load_address>0x4e84</load_address>
         <run_address>0x4e84</run_address>
         <size>0x48</size>
         <input_file_ref idref="fl-d0"/>
      </object_component>
      <object_component id="oc-a7">
         <name>.text</name>
         <load_address>0x4ecc</load_address>
         <run_address>0x4ecc</run_address>
         <size>0x44</size>
         <input_file_ref idref="fl-d1"/>
      </object_component>
      <object_component id="oc-95">
         <name>.text</name>
         <load_address>0x4f10</load_address>
         <run_address>0x4f10</run_address>
         <size>0x40</size>
         <input_file_ref idref="fl-6"/>
      </object_component>
      <object_component id="oc-10d">
         <name>.text</name>
         <load_address>0x4f50</load_address>
         <run_address>0x4f50</run_address>
         <size>0x2e</size>
         <input_file_ref idref="fl-d2"/>
      </object_component>
      <object_component id="oc-151">
         <name>.text</name>
         <load_address>0x4f7e</load_address>
         <run_address>0x4f7e</run_address>
         <size>0x20</size>
         <input_file_ref idref="fl-dc"/>
      </object_component>
      <object_component id="oc-72">
         <name>.text</name>
         <load_address>0x4fa0</load_address>
         <run_address>0x4fa0</run_address>
         <size>0x18</size>
         <input_file_ref idref="fl-de"/>
      </object_component>
      <object_component id="oc-1a8">
         <name>.text</name>
         <load_address>0x4fb8</load_address>
         <run_address>0x4fb8</run_address>
         <size>0x14</size>
         <input_file_ref idref="fl-dd"/>
      </object_component>
      <object_component id="oc-259">
         <name>.text</name>
         <load_address>0x4fcc</load_address>
         <run_address>0x4fcc</run_address>
         <size>0x14</size>
         <input_file_ref idref="fl-e8"/>
      </object_component>
      <object_component id="oc-13">
         <name>.text:decompress:none</name>
         <load_address>0x4fe0</load_address>
         <run_address>0x4fe0</run_address>
         <size>0xe</size>
         <input_file_ref idref="fl-c5"/>
      </object_component>
      <object_component id="oc-2c">
         <name>.text</name>
         <load_address>0x4fee</load_address>
         <run_address>0x4fee</run_address>
         <size>0xe</size>
         <input_file_ref idref="fl-8"/>
      </object_component>
      <object_component id="oc-19">
         <name>.text:decompress:rle24</name>
         <load_address>0x4ffc</load_address>
         <run_address>0x4ffc</run_address>
         <size>0x6</size>
         <input_file_ref idref="fl-c6"/>
      </object_component>
      <object_component id="oc-66">
         <name>.text</name>
         <load_address>0x5002</load_address>
         <run_address>0x5002</run_address>
         <size>0x4</size>
         <input_file_ref idref="fl-d6"/>
      </object_component>
      <object_component id="oc-234">
         <name>.const:$O1$$</name>
         <load_address>0x5008</load_address>
         <run_address>0x5008</run_address>
         <size>0x158</size>
         <input_file_ref idref="fl-e2"/>
      </object_component>
      <object_component id="oc-215">
         <name>.const:$O1$$</name>
         <load_address>0x5160</load_address>
         <run_address>0x5160</run_address>
         <size>0x98</size>
         <input_file_ref idref="fl-d7"/>
      </object_component>
      <object_component id="oc-24c">
         <name>.const:xxx</name>
         <load_address>0x51f8</load_address>
         <run_address>0x51f8</run_address>
         <size>0x80</size>
         <input_file_ref idref="fl-e4"/>
      </object_component>
      <object_component id="oc-141">
         <name>.const:.string:$P$T6$7</name>
         <load_address>0x5278</load_address>
         <run_address>0x5278</run_address>
         <size>0x1a</size>
         <input_file_ref idref="fl-4"/>
      </object_component>
      <object_component id="oc-14d">
         <name>.const:.string:$P$T10$11</name>
         <load_address>0x5292</load_address>
         <run_address>0x5292</run_address>
         <size>0x16</size>
         <input_file_ref idref="fl-4"/>
      </object_component>
      <object_component id="oc-147">
         <name>.const:.string:$P$T8$9</name>
         <load_address>0x52a8</load_address>
         <run_address>0x52a8</run_address>
         <size>0xe</size>
         <input_file_ref idref="fl-4"/>
      </object_component>
      <object_component id="oc-14a">
         <name>.const:.string:$P$T9$10</name>
         <load_address>0x52b6</load_address>
         <run_address>0x52b6</run_address>
         <size>0xe</size>
         <input_file_ref idref="fl-4"/>
      </object_component>
      <object_component id="oc-133">
         <name>.const:.string:$P$T3$4</name>
         <load_address>0x52c4</load_address>
         <run_address>0x52c4</run_address>
         <size>0xc</size>
         <input_file_ref idref="fl-4"/>
      </object_component>
      <object_component id="oc-139">
         <name>.const:.string:$P$T5$6</name>
         <load_address>0x52d0</load_address>
         <run_address>0x52d0</run_address>
         <size>0xc</size>
         <input_file_ref idref="fl-4"/>
      </object_component>
      <object_component id="oc-122">
         <name>.const:.string:$P$T0$1</name>
         <load_address>0x52dc</load_address>
         <run_address>0x52dc</run_address>
         <size>0xb</size>
         <input_file_ref idref="fl-6"/>
      </object_component>
      <object_component id="oc-12d">
         <name>.const:.string:$P$T1$2</name>
         <load_address>0x52e7</load_address>
         <run_address>0x52e7</run_address>
         <size>0xb</size>
         <input_file_ref idref="fl-4"/>
      </object_component>
      <object_component id="oc-125">
         <name>.const:.string:$P$T1$2</name>
         <load_address>0x52f2</load_address>
         <run_address>0x52f2</run_address>
         <size>0xb</size>
         <input_file_ref idref="fl-6"/>
      </object_component>
      <object_component id="oc-130">
         <name>.const:.string:$P$T2$3</name>
         <load_address>0x52fd</load_address>
         <run_address>0x52fd</run_address>
         <size>0xb</size>
         <input_file_ref idref="fl-4"/>
      </object_component>
      <object_component id="oc-12a">
         <name>.const:.string:$P$T0$1</name>
         <load_address>0x5308</load_address>
         <run_address>0x5308</run_address>
         <size>0x9</size>
         <input_file_ref idref="fl-4"/>
      </object_component>
      <object_component id="oc-144">
         <name>.const:.string:$P$T7$8</name>
         <load_address>0x5311</load_address>
         <run_address>0x5311</run_address>
         <size>0x9</size>
         <input_file_ref idref="fl-4"/>
      </object_component>
      <object_component id="oc-136">
         <name>.const:.string:$P$T4$5</name>
         <load_address>0x531a</load_address>
         <run_address>0x531a</run_address>
         <size>0x7</size>
         <input_file_ref idref="fl-4"/>
      </object_component>
      <object_component id="oc-297">
         <name>.cinit..data.load</name>
         <load_address>0x5328</load_address>
         <run_address>0x5328</run_address>
         <size>0x21</size>
      </object_component>
      <object_component id="oc-298">
         <name>.cinit..bss.load</name>
         <load_address>0x5350</load_address>
         <run_address>0x5350</run_address>
         <size>0x9</size>
      </object_component>
      <object_component id="oc-295">
         <name>__TI_handler_table</name>
         <load_address>0x535c</load_address>
         <run_address>0x535c</run_address>
         <size>0x8</size>
      </object_component>
      <object_component id="oc-296">
         <name>__TI_cinit_table</name>
         <load_address>0x5364</load_address>
         <run_address>0x5364</run_address>
         <size>0x10</size>
      </object_component>
      <object_component id="oc-102">
         <name>.data</name>
         <load_address>0x2000012c</load_address>
         <run_address>0x2000012c</run_address>
         <size>0x35</size>
         <input_file_ref idref="fl-2"/>
      </object_component>
      <object_component id="oc-10a">
         <name>.data:rmc_code</name>
         <load_address>0x20000178</load_address>
         <run_address>0x20000178</run_address>
         <size>0x5</size>
         <input_file_ref idref="fl-2"/>
      </object_component>
      <object_component id="oc-b2">
         <name>.data</name>
         <load_address>0x200000f0</load_address>
         <run_address>0x200000f0</run_address>
         <size>0x3c</size>
         <input_file_ref idref="fl-5"/>
      </object_component>
      <object_component id="oc-f7">
         <name>.data</name>
         <load_address>0x20000188</load_address>
         <run_address>0x20000188</run_address>
         <size>0x4</size>
         <input_file_ref idref="fl-9"/>
      </object_component>
      <object_component id="oc-208">
         <name>.data</name>
         <load_address>0x20000180</load_address>
         <run_address>0x20000180</run_address>
         <size>0x4</size>
         <input_file_ref idref="fl-ca"/>
      </object_component>
      <object_component id="oc-ec">
         <name>.data:$O1$$</name>
         <load_address>0x20000164</load_address>
         <run_address>0x20000164</run_address>
         <size>0xc</size>
         <input_file_ref idref="fl-cb"/>
      </object_component>
      <object_component id="oc-7e">
         <name>.data</name>
         <load_address>0x20000184</load_address>
         <run_address>0x20000184</run_address>
         <size>0x4</size>
         <input_file_ref idref="fl-db"/>
      </object_component>
      <object_component id="oc-ef">
         <name>.data:$O1$$</name>
         <load_address>0x20000170</load_address>
         <run_address>0x20000170</run_address>
         <size>0x8</size>
         <input_file_ref idref="fl-dd"/>
      </object_component>
      <object_component id="oc-105">
         <name>.common:message_id</name>
         <uninitialized>true</uninitialized>
         <run_address>0x200000e8</run_address>
         <size>0x8</size>
      </object_component>
      <object_component id="oc-b5">
         <name>.common:NMEA_GPRMC_string</name>
         <uninitialized>true</uninitialized>
         <run_address>0x20000000</run_address>
         <size>0x64</size>
      </object_component>
      <object_component id="oc-b8">
         <name>.common:current_info</name>
         <uninitialized>true</uninitialized>
         <run_address>0x200000b8</run_address>
         <size>0x30</size>
      </object_component>
      <object_component id="oc-b9">
         <name>.common:location_info</name>
         <uninitialized>true</uninitialized>
         <run_address>0x20000068</run_address>
         <size>0x50</size>
      </object_component>
      <object_component id="oc-2b">
         <name>.stack</name>
         <uninitialized>true</uninitialized>
         <run_address>0x2000fe00</run_address>
         <size>0x0</size>
         <input_file_ref idref="fl-c4"/>
      </object_component>
      <object_component id="oc-299">
         <name>.stack</name>
         <uninitialized>true</uninitialized>
         <run_address>0x2000fe00</run_address>
         <size>0x0</size>
      </object_component>
      <object_component id="oc-106">
         <name>.debug_info</name>
         <load_address>0x0</load_address>
         <run_address>0x0</run_address>
         <size>0x4a7</size>
         <input_file_ref idref="fl-2"/>
      </object_component>
      <object_component id="oc-103">
         <name>.debug_info</name>
         <load_address>0x4a7</load_address>
         <run_address>0x4a7</run_address>
         <size>0x326</size>
         <input_file_ref idref="fl-2"/>
      </object_component>
      <object_component id="oc-10b">
         <name>.debug_info</name>
         <load_address>0x7cd</load_address>
         <run_address>0x7cd</run_address>
         <size>0xd3</size>
         <input_file_ref idref="fl-2"/>
      </object_component>
      <object_component id="oc-90">
         <name>.debug_info</name>
         <load_address>0x8a0</load_address>
         <run_address>0x8a0</run_address>
         <size>0x4e7</size>
         <input_file_ref idref="fl-2"/>
      </object_component>
      <object_component id="oc-186">
         <name>.debug_info</name>
         <load_address>0xd87</load_address>
         <run_address>0xd87</run_address>
         <size>0x103e</size>
         <input_file_ref idref="fl-2"/>
      </object_component>
      <object_component id="oc-fd">
         <name>.debug_info</name>
         <load_address>0x1dc5</load_address>
         <run_address>0x1dc5</run_address>
         <size>0x36f2</size>
         <input_file_ref idref="fl-2"/>
      </object_component>
      <object_component id="oc-11d">
         <name>.debug_info</name>
         <load_address>0x54b7</load_address>
         <run_address>0x54b7</run_address>
         <size>0x12f</size>
         <input_file_ref idref="fl-2"/>
      </object_component>
      <object_component id="oc-bb">
         <name>.debug_info</name>
         <load_address>0x55e6</load_address>
         <run_address>0x55e6</run_address>
         <size>0x84</size>
         <input_file_ref idref="fl-2"/>
      </object_component>
      <object_component id="oc-c0">
         <name>.debug_info</name>
         <load_address>0x566a</load_address>
         <run_address>0x566a</run_address>
         <size>0x18b</size>
         <input_file_ref idref="fl-2"/>
      </object_component>
      <object_component id="oc-17f">
         <name>.debug_info</name>
         <load_address>0x57f5</load_address>
         <run_address>0x57f5</run_address>
         <size>0x1b4</size>
         <input_file_ref idref="fl-3"/>
      </object_component>
      <object_component id="oc-a2">
         <name>.debug_info</name>
         <load_address>0x59a9</load_address>
         <run_address>0x59a9</run_address>
         <size>0xefa</size>
         <input_file_ref idref="fl-3"/>
      </object_component>
      <object_component id="oc-18b">
         <name>.debug_info</name>
         <load_address>0x68a3</load_address>
         <run_address>0x68a3</run_address>
         <size>0x116</size>
         <input_file_ref idref="fl-3"/>
      </object_component>
      <object_component id="oc-108">
         <name>.debug_info</name>
         <load_address>0x69b9</load_address>
         <run_address>0x69b9</run_address>
         <size>0x228</size>
         <input_file_ref idref="fl-4"/>
      </object_component>
      <object_component id="oc-12b">
         <name>.debug_info</name>
         <load_address>0x6be1</load_address>
         <run_address>0x6be1</run_address>
         <size>0xd3</size>
         <input_file_ref idref="fl-4"/>
      </object_component>
      <object_component id="oc-12e">
         <name>.debug_info</name>
         <load_address>0x6cb4</load_address>
         <run_address>0x6cb4</run_address>
         <size>0xd3</size>
         <input_file_ref idref="fl-4"/>
      </object_component>
      <object_component id="oc-131">
         <name>.debug_info</name>
         <load_address>0x6d87</load_address>
         <run_address>0x6d87</run_address>
         <size>0xd3</size>
         <input_file_ref idref="fl-4"/>
      </object_component>
      <object_component id="oc-134">
         <name>.debug_info</name>
         <load_address>0x6e5a</load_address>
         <run_address>0x6e5a</run_address>
         <size>0xd3</size>
         <input_file_ref idref="fl-4"/>
      </object_component>
      <object_component id="oc-137">
         <name>.debug_info</name>
         <load_address>0x6f2d</load_address>
         <run_address>0x6f2d</run_address>
         <size>0xd3</size>
         <input_file_ref idref="fl-4"/>
      </object_component>
      <object_component id="oc-13a">
         <name>.debug_info</name>
         <load_address>0x7000</load_address>
         <run_address>0x7000</run_address>
         <size>0xd3</size>
         <input_file_ref idref="fl-4"/>
      </object_component>
      <object_component id="oc-142">
         <name>.debug_info</name>
         <load_address>0x70d3</load_address>
         <run_address>0x70d3</run_address>
         <size>0xd3</size>
         <input_file_ref idref="fl-4"/>
      </object_component>
      <object_component id="oc-145">
         <name>.debug_info</name>
         <load_address>0x71a6</load_address>
         <run_address>0x71a6</run_address>
         <size>0xd3</size>
         <input_file_ref idref="fl-4"/>
      </object_component>
      <object_component id="oc-148">
         <name>.debug_info</name>
         <load_address>0x7279</load_address>
         <run_address>0x7279</run_address>
         <size>0xd3</size>
         <input_file_ref idref="fl-4"/>
      </object_component>
      <object_component id="oc-14b">
         <name>.debug_info</name>
         <load_address>0x734c</load_address>
         <run_address>0x734c</run_address>
         <size>0xd5</size>
         <input_file_ref idref="fl-4"/>
      </object_component>
      <object_component id="oc-14e">
         <name>.debug_info</name>
         <load_address>0x7421</load_address>
         <run_address>0x7421</run_address>
         <size>0xd7</size>
         <input_file_ref idref="fl-4"/>
      </object_component>
      <object_component id="oc-9c">
         <name>.debug_info</name>
         <load_address>0x74f8</load_address>
         <run_address>0x74f8</run_address>
         <size>0xe3c</size>
         <input_file_ref idref="fl-4"/>
      </object_component>
      <object_component id="oc-b6">
         <name>.debug_info</name>
         <load_address>0x8334</load_address>
         <run_address>0x8334</run_address>
         <size>0x8a7</size>
         <input_file_ref idref="fl-5"/>
      </object_component>
      <object_component id="oc-b3">
         <name>.debug_info</name>
         <load_address>0x8bdb</load_address>
         <run_address>0x8bdb</run_address>
         <size>0x332</size>
         <input_file_ref idref="fl-5"/>
      </object_component>
      <object_component id="oc-35">
         <name>.debug_info</name>
         <load_address>0x8f0d</load_address>
         <run_address>0x8f0d</run_address>
         <size>0x478</size>
         <input_file_ref idref="fl-5"/>
      </object_component>
      <object_component id="oc-129">
         <name>.debug_info</name>
         <load_address>0x9385</load_address>
         <run_address>0x9385</run_address>
         <size>0x137</size>
         <input_file_ref idref="fl-6"/>
      </object_component>
      <object_component id="oc-123">
         <name>.debug_info</name>
         <load_address>0x94bc</load_address>
         <run_address>0x94bc</run_address>
         <size>0xd1</size>
         <input_file_ref idref="fl-6"/>
      </object_component>
      <object_component id="oc-126">
         <name>.debug_info</name>
         <load_address>0x958d</load_address>
         <run_address>0x958d</run_address>
         <size>0xd1</size>
         <input_file_ref idref="fl-6"/>
      </object_component>
      <object_component id="oc-96">
         <name>.debug_info</name>
         <load_address>0x965e</load_address>
         <run_address>0x965e</run_address>
         <size>0x1f3</size>
         <input_file_ref idref="fl-6"/>
      </object_component>
      <object_component id="oc-ae">
         <name>.debug_info</name>
         <load_address>0x9851</load_address>
         <run_address>0x9851</run_address>
         <size>0x3ce</size>
         <input_file_ref idref="fl-7"/>
      </object_component>
      <object_component id="oc-3a">
         <name>.debug_info</name>
         <load_address>0x9c1f</load_address>
         <run_address>0x9c1f</run_address>
         <size>0x11f</size>
         <input_file_ref idref="fl-8"/>
      </object_component>
      <object_component id="oc-11">
         <name>.debug_info</name>
         <load_address>0x9d3e</load_address>
         <run_address>0x9d3e</run_address>
         <size>0xf7</size>
         <input_file_ref idref="fl-8"/>
      </object_component>
      <object_component id="oc-2d">
         <name>.debug_info</name>
         <load_address>0x9e35</load_address>
         <run_address>0x9e35</run_address>
         <size>0x1be</size>
         <input_file_ref idref="fl-8"/>
      </object_component>
      <object_component id="oc-f8">
         <name>.debug_info</name>
         <load_address>0x9ff3</load_address>
         <run_address>0x9ff3</run_address>
         <size>0xf0</size>
         <input_file_ref idref="fl-9"/>
      </object_component>
      <object_component id="oc-83">
         <name>.debug_info</name>
         <load_address>0xa0e3</load_address>
         <run_address>0xa0e3</run_address>
         <size>0x262</size>
         <input_file_ref idref="fl-9"/>
      </object_component>
      <object_component id="oc-fc">
         <name>.debug_info</name>
         <load_address>0xa345</load_address>
         <run_address>0xa345</run_address>
         <size>0x385</size>
         <input_file_ref idref="fl-a"/>
      </object_component>
      <object_component id="oc-8a">
         <name>.debug_info</name>
         <load_address>0xa6ca</load_address>
         <run_address>0xa6ca</run_address>
         <size>0x39d</size>
         <input_file_ref idref="fl-a"/>
      </object_component>
      <object_component id="oc-28">
         <name>.debug_info</name>
         <load_address>0xaa67</load_address>
         <run_address>0xaa67</run_address>
         <size>0x17c</size>
         <input_file_ref idref="fl-c4"/>
      </object_component>
      <object_component id="oc-46">
         <name>.debug_info</name>
         <load_address>0xabe3</load_address>
         <run_address>0xabe3</run_address>
         <size>0x15c</size>
         <input_file_ref idref="fl-c5"/>
      </object_component>
      <object_component id="oc-17">
         <name>.debug_info</name>
         <load_address>0xad3f</load_address>
         <run_address>0xad3f</run_address>
         <size>0x1fb</size>
         <input_file_ref idref="fl-c5"/>
      </object_component>
      <object_component id="oc-41">
         <name>.debug_info</name>
         <load_address>0xaf3a</load_address>
         <run_address>0xaf3a</run_address>
         <size>0x46</size>
         <input_file_ref idref="fl-c5"/>
      </object_component>
      <object_component id="oc-c8">
         <name>.debug_info</name>
         <load_address>0xaf80</load_address>
         <run_address>0xaf80</run_address>
         <size>0x2c</size>
         <input_file_ref idref="fl-c5"/>
      </object_component>
      <object_component id="oc-4e">
         <name>.debug_info</name>
         <load_address>0xafac</load_address>
         <run_address>0xafac</run_address>
         <size>0x150</size>
         <input_file_ref idref="fl-c6"/>
      </object_component>
      <object_component id="oc-48">
         <name>.debug_info</name>
         <load_address>0xb0fc</load_address>
         <run_address>0xb0fc</run_address>
         <size>0x263</size>
         <input_file_ref idref="fl-c6"/>
      </object_component>
      <object_component id="oc-1a">
         <name>.debug_info</name>
         <load_address>0xb35f</load_address>
         <run_address>0xb35f</run_address>
         <size>0x1cd</size>
         <input_file_ref idref="fl-c6"/>
      </object_component>
      <object_component id="oc-4f">
         <name>.debug_info</name>
         <load_address>0xb52c</load_address>
         <run_address>0xb52c</run_address>
         <size>0x39</size>
         <input_file_ref idref="fl-c6"/>
      </object_component>
      <object_component id="oc-d2">
         <name>.debug_info</name>
         <load_address>0xb565</load_address>
         <run_address>0xb565</run_address>
         <size>0x2c</size>
         <input_file_ref idref="fl-c6"/>
      </object_component>
      <object_component id="oc-20c">
         <name>.debug_info</name>
         <load_address>0xb591</load_address>
         <run_address>0xb591</run_address>
         <size>0x1a3</size>
         <input_file_ref idref="fl-c8"/>
      </object_component>
      <object_component id="oc-16a">
         <name>.debug_info</name>
         <load_address>0xb734</load_address>
         <run_address>0xb734</run_address>
         <size>0x69d</size>
         <input_file_ref idref="fl-c8"/>
      </object_component>
      <object_component id="oc-1f5">
         <name>.debug_info</name>
         <load_address>0xbdd1</load_address>
         <run_address>0xbdd1</run_address>
         <size>0x39</size>
         <input_file_ref idref="fl-c8"/>
      </object_component>
      <object_component id="oc-246">
         <name>.debug_info</name>
         <load_address>0xbe0a</load_address>
         <run_address>0xbe0a</run_address>
         <size>0x165</size>
         <input_file_ref idref="fl-c9"/>
      </object_component>
      <object_component id="oc-1ff">
         <name>.debug_info</name>
         <load_address>0xbf6f</load_address>
         <run_address>0xbf6f</run_address>
         <size>0x25c</size>
         <input_file_ref idref="fl-c9"/>
      </object_component>
      <object_component id="oc-209">
         <name>.debug_info</name>
         <load_address>0xc1cb</load_address>
         <run_address>0xc1cb</run_address>
         <size>0x10f</size>
         <input_file_ref idref="fl-ca"/>
      </object_component>
      <object_component id="oc-f3">
         <name>.debug_info</name>
         <load_address>0xc2da</load_address>
         <run_address>0xc2da</run_address>
         <size>0x250</size>
         <input_file_ref idref="fl-cb"/>
      </object_component>
      <object_component id="oc-ed">
         <name>.debug_info</name>
         <load_address>0xc52a</load_address>
         <run_address>0xc52a</run_address>
         <size>0x1a1</size>
         <input_file_ref idref="fl-cb"/>
      </object_component>
      <object_component id="oc-7b">
         <name>.debug_info</name>
         <load_address>0xc6cb</load_address>
         <run_address>0xc6cb</run_address>
         <size>0x230</size>
         <input_file_ref idref="fl-cb"/>
      </object_component>
      <object_component id="oc-115">
         <name>.debug_info</name>
         <load_address>0xc8fb</load_address>
         <run_address>0xc8fb</run_address>
         <size>0x160</size>
         <input_file_ref idref="fl-cc"/>
      </object_component>
      <object_component id="oc-17a">
         <name>.debug_info</name>
         <load_address>0xca5b</load_address>
         <run_address>0xca5b</run_address>
         <size>0x13c</size>
         <input_file_ref idref="fl-cd"/>
      </object_component>
      <object_component id="oc-204">
         <name>.debug_info</name>
         <load_address>0xcb97</load_address>
         <run_address>0xcb97</run_address>
         <size>0x13e</size>
         <input_file_ref idref="fl-cd"/>
      </object_component>
      <object_component id="oc-11a">
         <name>.debug_info</name>
         <load_address>0xccd5</load_address>
         <run_address>0xccd5</run_address>
         <size>0x14e</size>
         <input_file_ref idref="fl-ce"/>
      </object_component>
      <object_component id="oc-157">
         <name>.debug_info</name>
         <load_address>0xce23</load_address>
         <run_address>0xce23</run_address>
         <size>0x14e</size>
         <input_file_ref idref="fl-cf"/>
      </object_component>
      <object_component id="oc-13d">
         <name>.debug_info</name>
         <load_address>0xcf71</load_address>
         <run_address>0xcf71</run_address>
         <size>0x142</size>
         <input_file_ref idref="fl-d0"/>
      </object_component>
      <object_component id="oc-a8">
         <name>.debug_info</name>
         <load_address>0xd0b3</load_address>
         <run_address>0xd0b3</run_address>
         <size>0x14d</size>
         <input_file_ref idref="fl-d1"/>
      </object_component>
      <object_component id="oc-10e">
         <name>.debug_info</name>
         <load_address>0xd200</load_address>
         <run_address>0xd200</run_address>
         <size>0x140</size>
         <input_file_ref idref="fl-d2"/>
      </object_component>
      <object_component id="oc-3e">
         <name>.debug_info</name>
         <load_address>0xd340</load_address>
         <run_address>0xd340</run_address>
         <size>0x12d</size>
         <input_file_ref idref="fl-d3"/>
      </object_component>
      <object_component id="oc-57">
         <name>.debug_info</name>
         <load_address>0xd46d</load_address>
         <run_address>0xd46d</run_address>
         <size>0x15b</size>
         <input_file_ref idref="fl-d4"/>
      </object_component>
      <object_component id="oc-61">
         <name>.debug_info</name>
         <load_address>0xd5c8</load_address>
         <run_address>0xd5c8</run_address>
         <size>0x154</size>
         <input_file_ref idref="fl-d5"/>
      </object_component>
      <object_component id="oc-67">
         <name>.debug_info</name>
         <load_address>0xd71c</load_address>
         <run_address>0xd71c</run_address>
         <size>0x164</size>
         <input_file_ref idref="fl-d6"/>
      </object_component>
      <object_component id="oc-255">
         <name>.debug_info</name>
         <load_address>0xd880</load_address>
         <run_address>0xd880</run_address>
         <size>0x1b5</size>
         <input_file_ref idref="fl-d7"/>
      </object_component>
      <object_component id="oc-216">
         <name>.debug_info</name>
         <load_address>0xda35</load_address>
         <run_address>0xda35</run_address>
         <size>0x142</size>
         <input_file_ref idref="fl-d7"/>
      </object_component>
      <object_component id="oc-174">
         <name>.debug_info</name>
         <load_address>0xdb77</load_address>
         <run_address>0xdb77</run_address>
         <size>0x4bd</size>
         <input_file_ref idref="fl-d7"/>
      </object_component>
      <object_component id="oc-1fc">
         <name>.debug_info</name>
         <load_address>0xe034</load_address>
         <run_address>0xe034</run_address>
         <size>0x227</size>
         <input_file_ref idref="fl-d8"/>
      </object_component>
      <object_component id="oc-162">
         <name>.debug_info</name>
         <load_address>0xe25b</load_address>
         <run_address>0xe25b</run_address>
         <size>0x7ab</size>
         <input_file_ref idref="fl-d8"/>
      </object_component>
      <object_component id="oc-1fa">
         <name>.debug_info</name>
         <load_address>0xea06</load_address>
         <run_address>0xea06</run_address>
         <size>0x282</size>
         <input_file_ref idref="fl-d9"/>
      </object_component>
      <object_component id="oc-15c">
         <name>.debug_info</name>
         <load_address>0xec88</load_address>
         <run_address>0xec88</run_address>
         <size>0x7a6</size>
         <input_file_ref idref="fl-d9"/>
      </object_component>
      <object_component id="oc-214">
         <name>.debug_info</name>
         <load_address>0xf42e</load_address>
         <run_address>0xf42e</run_address>
         <size>0x20a</size>
         <input_file_ref idref="fl-da"/>
      </object_component>
      <object_component id="oc-16e">
         <name>.debug_info</name>
         <load_address>0xf638</load_address>
         <run_address>0xf638</run_address>
         <size>0x5cb</size>
         <input_file_ref idref="fl-da"/>
      </object_component>
      <object_component id="oc-7f">
         <name>.debug_info</name>
         <load_address>0xfc03</load_address>
         <run_address>0xfc03</run_address>
         <size>0x125</size>
         <input_file_ref idref="fl-db"/>
      </object_component>
      <object_component id="oc-152">
         <name>.debug_info</name>
         <load_address>0xfd28</load_address>
         <run_address>0xfd28</run_address>
         <size>0x142</size>
         <input_file_ref idref="fl-dc"/>
      </object_component>
      <object_component id="oc-1b0">
         <name>.debug_info</name>
         <load_address>0xfe6a</load_address>
         <run_address>0xfe6a</run_address>
         <size>0x140</size>
         <input_file_ref idref="fl-dd"/>
      </object_component>
      <object_component id="oc-f0">
         <name>.debug_info</name>
         <load_address>0xffaa</load_address>
         <run_address>0xffaa</run_address>
         <size>0x12f</size>
         <input_file_ref idref="fl-dd"/>
      </object_component>
      <object_component id="oc-1a9">
         <name>.debug_info</name>
         <load_address>0x100d9</load_address>
         <run_address>0x100d9</run_address>
         <size>0x23b</size>
         <input_file_ref idref="fl-dd"/>
      </object_component>
      <object_component id="oc-eb">
         <name>.debug_info</name>
         <load_address>0x10314</load_address>
         <run_address>0x10314</run_address>
         <size>0x182</size>
         <input_file_ref idref="fl-de"/>
      </object_component>
      <object_component id="oc-73">
         <name>.debug_info</name>
         <load_address>0x10496</load_address>
         <run_address>0x10496</run_address>
         <size>0x183</size>
         <input_file_ref idref="fl-de"/>
      </object_component>
      <object_component id="oc-1a1">
         <name>.debug_info</name>
         <load_address>0x10619</load_address>
         <run_address>0x10619</run_address>
         <size>0x5e</size>
         <input_file_ref idref="fl-de"/>
      </object_component>
      <object_component id="oc-e9">
         <name>.debug_info</name>
         <load_address>0x10677</load_address>
         <run_address>0x10677</run_address>
         <size>0x305</size>
         <input_file_ref idref="fl-df"/>
      </object_component>
      <object_component id="oc-70">
         <name>.debug_info</name>
         <load_address>0x1097c</load_address>
         <run_address>0x1097c</run_address>
         <size>0x1ac</size>
         <input_file_ref idref="fl-df"/>
      </object_component>
      <object_component id="oc-195">
         <name>.debug_info</name>
         <load_address>0x10b28</load_address>
         <run_address>0x10b28</run_address>
         <size>0x39</size>
         <input_file_ref idref="fl-df"/>
      </object_component>
      <object_component id="oc-19a">
         <name>.debug_info</name>
         <load_address>0x10b61</load_address>
         <run_address>0x10b61</run_address>
         <size>0xcd</size>
         <input_file_ref idref="fl-df"/>
      </object_component>
      <object_component id="oc-191">
         <name>.debug_info</name>
         <load_address>0x10c2e</load_address>
         <run_address>0x10c2e</run_address>
         <size>0x1fc</size>
         <input_file_ref idref="fl-e0"/>
      </object_component>
      <object_component id="oc-e0">
         <name>.debug_info</name>
         <load_address>0x10e2a</load_address>
         <run_address>0x10e2a</run_address>
         <size>0x19f</size>
         <input_file_ref idref="fl-e0"/>
      </object_component>
      <object_component id="oc-21e">
         <name>.debug_info</name>
         <load_address>0x10fc9</load_address>
         <run_address>0x10fc9</run_address>
         <size>0x2c</size>
         <input_file_ref idref="fl-e0"/>
      </object_component>
      <object_component id="oc-240">
         <name>.debug_info</name>
         <load_address>0x10ff5</load_address>
         <run_address>0x10ff5</run_address>
         <size>0xfa</size>
         <input_file_ref idref="fl-e1"/>
      </object_component>
      <object_component id="oc-1f1">
         <name>.debug_info</name>
         <load_address>0x110ef</load_address>
         <run_address>0x110ef</run_address>
         <size>0x338</size>
         <input_file_ref idref="fl-e1"/>
      </object_component>
      <object_component id="oc-238">
         <name>.debug_info</name>
         <load_address>0x11427</load_address>
         <run_address>0x11427</run_address>
         <size>0x21c</size>
         <input_file_ref idref="fl-e2"/>
      </object_component>
      <object_component id="oc-235">
         <name>.debug_info</name>
         <load_address>0x11643</load_address>
         <run_address>0x11643</run_address>
         <size>0x14b</size>
         <input_file_ref idref="fl-e2"/>
      </object_component>
      <object_component id="oc-1e9">
         <name>.debug_info</name>
         <load_address>0x1178e</load_address>
         <run_address>0x1178e</run_address>
         <size>0x742</size>
         <input_file_ref idref="fl-e2"/>
      </object_component>
      <object_component id="oc-23a">
         <name>.debug_info</name>
         <load_address>0x11ed0</load_address>
         <run_address>0x11ed0</run_address>
         <size>0x2c</size>
         <input_file_ref idref="fl-e2"/>
      </object_component>
      <object_component id="oc-227">
         <name>.debug_info</name>
         <load_address>0x11efc</load_address>
         <run_address>0x11efc</run_address>
         <size>0xff</size>
         <input_file_ref idref="fl-e3"/>
      </object_component>
      <object_component id="oc-1e3">
         <name>.debug_info</name>
         <load_address>0x11ffb</load_address>
         <run_address>0x11ffb</run_address>
         <size>0x391</size>
         <input_file_ref idref="fl-e3"/>
      </object_component>
      <object_component id="oc-250">
         <name>.debug_info</name>
         <load_address>0x1238c</load_address>
         <run_address>0x1238c</run_address>
         <size>0x148</size>
         <input_file_ref idref="fl-e4"/>
      </object_component>
      <object_component id="oc-24d">
         <name>.debug_info</name>
         <load_address>0x124d4</load_address>
         <run_address>0x124d4</run_address>
         <size>0x10b</size>
         <input_file_ref idref="fl-e4"/>
      </object_component>
      <object_component id="oc-20f">
         <name>.debug_info</name>
         <load_address>0x125df</load_address>
         <run_address>0x125df</run_address>
         <size>0x5e0</size>
         <input_file_ref idref="fl-e4"/>
      </object_component>
      <object_component id="oc-262">
         <name>.debug_info</name>
         <load_address>0x12bbf</load_address>
         <run_address>0x12bbf</run_address>
         <size>0x150</size>
         <input_file_ref idref="fl-e5"/>
      </object_component>
      <object_component id="oc-22f">
         <name>.debug_info</name>
         <load_address>0x12d0f</load_address>
         <run_address>0x12d0f</run_address>
         <size>0x23b</size>
         <input_file_ref idref="fl-e5"/>
      </object_component>
      <object_component id="oc-260">
         <name>.debug_info</name>
         <load_address>0x12f4a</load_address>
         <run_address>0x12f4a</run_address>
         <size>0x198</size>
         <input_file_ref idref="fl-e6"/>
      </object_component>
      <object_component id="oc-22c">
         <name>.debug_info</name>
         <load_address>0x130e2</load_address>
         <run_address>0x130e2</run_address>
         <size>0x1f1</size>
         <input_file_ref idref="fl-e6"/>
      </object_component>
      <object_component id="oc-e3">
         <name>.debug_info</name>
         <load_address>0x132d3</load_address>
         <run_address>0x132d3</run_address>
         <size>0x161</size>
         <input_file_ref idref="fl-e7"/>
      </object_component>
      <object_component id="oc-25a">
         <name>.debug_info</name>
         <load_address>0x13434</load_address>
         <run_address>0x13434</run_address>
         <size>0x172</size>
         <input_file_ref idref="fl-e8"/>
      </object_component>
      <object_component id="oc-29a">
         <name>.debug_info</name>
         <load_address>0x135a6</load_address>
         <run_address>0x135a6</run_address>
         <size>0xa6</size>
      </object_component>
      <object_component id="oc-1bb">
         <name>.debug_line</name>
         <load_address>0x0</load_address>
         <run_address>0x0</run_address>
         <size>0x3b</size>
         <input_file_ref idref="fl-2"/>
      </object_component>
      <object_component id="oc-1b9">
         <name>.debug_line</name>
         <load_address>0x3b</load_address>
         <run_address>0x3b</run_address>
         <size>0x2c</size>
         <input_file_ref idref="fl-2"/>
      </object_component>
      <object_component id="oc-1bf">
         <name>.debug_line</name>
         <load_address>0x67</load_address>
         <run_address>0x67</run_address>
         <size>0x2c</size>
         <input_file_ref idref="fl-2"/>
      </object_component>
      <object_component id="oc-93">
         <name>.debug_line</name>
         <load_address>0x93</load_address>
         <run_address>0x93</run_address>
         <size>0x170</size>
         <input_file_ref idref="fl-2"/>
      </object_component>
      <object_component id="oc-189">
         <name>.debug_line</name>
         <load_address>0x203</load_address>
         <run_address>0x203</run_address>
         <size>0x55</size>
         <input_file_ref idref="fl-2"/>
      </object_component>
      <object_component id="oc-100">
         <name>.debug_line</name>
         <load_address>0x258</load_address>
         <run_address>0x258</run_address>
         <size>0x52</size>
         <input_file_ref idref="fl-2"/>
      </object_component>
      <object_component id="oc-120">
         <name>.debug_line</name>
         <load_address>0x2aa</load_address>
         <run_address>0x2aa</run_address>
         <size>0x2c</size>
         <input_file_ref idref="fl-2"/>
      </object_component>
      <object_component id="oc-be">
         <name>.debug_line</name>
         <load_address>0x2d6</load_address>
         <run_address>0x2d6</run_address>
         <size>0x20</size>
         <input_file_ref idref="fl-2"/>
      </object_component>
      <object_component id="oc-c3">
         <name>.debug_line</name>
         <load_address>0x2f6</load_address>
         <run_address>0x2f6</run_address>
         <size>0x66</size>
         <input_file_ref idref="fl-2"/>
      </object_component>
      <object_component id="oc-21b">
         <name>.debug_line</name>
         <load_address>0x35c</load_address>
         <run_address>0x35c</run_address>
         <size>0x64</size>
         <input_file_ref idref="fl-3"/>
      </object_component>
      <object_component id="oc-a5">
         <name>.debug_line</name>
         <load_address>0x3c0</load_address>
         <run_address>0x3c0</run_address>
         <size>0x1a9</size>
         <input_file_ref idref="fl-3"/>
      </object_component>
      <object_component id="oc-18e">
         <name>.debug_line</name>
         <load_address>0x569</load_address>
         <run_address>0x569</run_address>
         <size>0x30</size>
         <input_file_ref idref="fl-3"/>
      </object_component>
      <object_component id="oc-1bd">
         <name>.debug_line</name>
         <load_address>0x599</load_address>
         <run_address>0x599</run_address>
         <size>0x39</size>
         <input_file_ref idref="fl-4"/>
      </object_component>
      <object_component id="oc-1ca">
         <name>.debug_line</name>
         <load_address>0x5d2</load_address>
         <run_address>0x5d2</run_address>
         <size>0x2f</size>
         <input_file_ref idref="fl-4"/>
      </object_component>
      <object_component id="oc-1cc">
         <name>.debug_line</name>
         <load_address>0x601</load_address>
         <run_address>0x601</run_address>
         <size>0x2f</size>
         <input_file_ref idref="fl-4"/>
      </object_component>
      <object_component id="oc-1ce">
         <name>.debug_line</name>
         <load_address>0x630</load_address>
         <run_address>0x630</run_address>
         <size>0x2f</size>
         <input_file_ref idref="fl-4"/>
      </object_component>
      <object_component id="oc-1d0">
         <name>.debug_line</name>
         <load_address>0x65f</load_address>
         <run_address>0x65f</run_address>
         <size>0x2f</size>
         <input_file_ref idref="fl-4"/>
      </object_component>
      <object_component id="oc-1d2">
         <name>.debug_line</name>
         <load_address>0x68e</load_address>
         <run_address>0x68e</run_address>
         <size>0x2f</size>
         <input_file_ref idref="fl-4"/>
      </object_component>
      <object_component id="oc-1d4">
         <name>.debug_line</name>
         <load_address>0x6bd</load_address>
         <run_address>0x6bd</run_address>
         <size>0x2f</size>
         <input_file_ref idref="fl-4"/>
      </object_component>
      <object_component id="oc-1d7">
         <name>.debug_line</name>
         <load_address>0x6ec</load_address>
         <run_address>0x6ec</run_address>
         <size>0x2f</size>
         <input_file_ref idref="fl-4"/>
      </object_component>
      <object_component id="oc-1d9">
         <name>.debug_line</name>
         <load_address>0x71b</load_address>
         <run_address>0x71b</run_address>
         <size>0x2f</size>
         <input_file_ref idref="fl-4"/>
      </object_component>
      <object_component id="oc-1db">
         <name>.debug_line</name>
         <load_address>0x74a</load_address>
         <run_address>0x74a</run_address>
         <size>0x2f</size>
         <input_file_ref idref="fl-4"/>
      </object_component>
      <object_component id="oc-1dd">
         <name>.debug_line</name>
         <load_address>0x779</load_address>
         <run_address>0x779</run_address>
         <size>0x2f</size>
         <input_file_ref idref="fl-4"/>
      </object_component>
      <object_component id="oc-1df">
         <name>.debug_line</name>
         <load_address>0x7a8</load_address>
         <run_address>0x7a8</run_address>
         <size>0x2f</size>
         <input_file_ref idref="fl-4"/>
      </object_component>
      <object_component id="oc-9f">
         <name>.debug_line</name>
         <load_address>0x7d7</load_address>
         <run_address>0x7d7</run_address>
         <size>0x17b</size>
         <input_file_ref idref="fl-4"/>
      </object_component>
      <object_component id="oc-185">
         <name>.debug_line</name>
         <load_address>0x952</load_address>
         <run_address>0x952</run_address>
         <size>0x80</size>
         <input_file_ref idref="fl-5"/>
      </object_component>
      <object_component id="oc-183">
         <name>.debug_line</name>
         <load_address>0x9d2</load_address>
         <run_address>0x9d2</run_address>
         <size>0x2d</size>
         <input_file_ref idref="fl-5"/>
      </object_component>
      <object_component id="oc-37">
         <name>.debug_line</name>
         <load_address>0x9ff</load_address>
         <run_address>0x9ff</run_address>
         <size>0x19d</size>
         <input_file_ref idref="fl-5"/>
      </object_component>
      <object_component id="oc-1c8">
         <name>.debug_line</name>
         <load_address>0xb9c</load_address>
         <run_address>0xb9c</run_address>
         <size>0x2d</size>
         <input_file_ref idref="fl-6"/>
      </object_component>
      <object_component id="oc-1c4">
         <name>.debug_line</name>
         <load_address>0xbc9</load_address>
         <run_address>0xbc9</run_address>
         <size>0x2d</size>
         <input_file_ref idref="fl-6"/>
      </object_component>
      <object_component id="oc-1c6">
         <name>.debug_line</name>
         <load_address>0xbf6</load_address>
         <run_address>0xbf6</run_address>
         <size>0x2d</size>
         <input_file_ref idref="fl-6"/>
      </object_component>
      <object_component id="oc-99">
         <name>.debug_line</name>
         <load_address>0xc23</load_address>
         <run_address>0xc23</run_address>
         <size>0x62</size>
         <input_file_ref idref="fl-6"/>
      </object_component>
      <object_component id="oc-ad">
         <name>.debug_line</name>
         <load_address>0xc85</load_address>
         <run_address>0xc85</run_address>
         <size>0x153</size>
         <input_file_ref idref="fl-7"/>
      </object_component>
      <object_component id="oc-c6">
         <name>.debug_line</name>
         <load_address>0xdd8</load_address>
         <run_address>0xdd8</run_address>
         <size>0x40</size>
         <input_file_ref idref="fl-8"/>
      </object_component>
      <object_component id="oc-39">
         <name>.debug_line</name>
         <load_address>0xe18</load_address>
         <run_address>0xe18</run_address>
         <size>0x40</size>
         <input_file_ref idref="fl-8"/>
      </object_component>
      <object_component id="oc-30">
         <name>.debug_line</name>
         <load_address>0xe58</load_address>
         <run_address>0xe58</run_address>
         <size>0x71</size>
         <input_file_ref idref="fl-8"/>
      </object_component>
      <object_component id="oc-1b5">
         <name>.debug_line</name>
         <load_address>0xec9</load_address>
         <run_address>0xec9</run_address>
         <size>0x3b</size>
         <input_file_ref idref="fl-9"/>
      </object_component>
      <object_component id="oc-86">
         <name>.debug_line</name>
         <load_address>0xf04</load_address>
         <run_address>0xf04</run_address>
         <size>0x146</size>
         <input_file_ref idref="fl-9"/>
      </object_component>
      <object_component id="oc-1b7">
         <name>.debug_line</name>
         <load_address>0x104a</load_address>
         <run_address>0x104a</run_address>
         <size>0x20</size>
         <input_file_ref idref="fl-a"/>
      </object_component>
      <object_component id="oc-8d">
         <name>.debug_line</name>
         <load_address>0x106a</load_address>
         <run_address>0x106a</run_address>
         <size>0x124</size>
         <input_file_ref idref="fl-a"/>
      </object_component>
      <object_component id="oc-26">
         <name>.debug_line</name>
         <load_address>0x118e</load_address>
         <run_address>0x118e</run_address>
         <size>0x53</size>
         <input_file_ref idref="fl-c4"/>
      </object_component>
      <object_component id="oc-ce">
         <name>.debug_line</name>
         <load_address>0x11e1</load_address>
         <run_address>0x11e1</run_address>
         <size>0xa5</size>
         <input_file_ref idref="fl-c5"/>
      </object_component>
      <object_component id="oc-14">
         <name>.debug_line</name>
         <load_address>0x1286</load_address>
         <run_address>0x1286</run_address>
         <size>0x55</size>
         <input_file_ref idref="fl-c5"/>
      </object_component>
      <object_component id="oc-44">
         <name>.debug_line</name>
         <load_address>0x12db</load_address>
         <run_address>0x12db</run_address>
         <size>0x3a</size>
         <input_file_ref idref="fl-c5"/>
      </object_component>
      <object_component id="oc-cb">
         <name>.debug_line</name>
         <load_address>0x1315</load_address>
         <run_address>0x1315</run_address>
         <size>0xa5</size>
         <input_file_ref idref="fl-c5"/>
      </object_component>
      <object_component id="oc-d1">
         <name>.debug_line</name>
         <load_address>0x13ba</load_address>
         <run_address>0x13ba</run_address>
         <size>0xa5</size>
         <input_file_ref idref="fl-c6"/>
      </object_component>
      <object_component id="oc-4b">
         <name>.debug_line</name>
         <load_address>0x145f</load_address>
         <run_address>0x145f</run_address>
         <size>0x98</size>
         <input_file_ref idref="fl-c6"/>
      </object_component>
      <object_component id="oc-1d">
         <name>.debug_line</name>
         <load_address>0x14f7</load_address>
         <run_address>0x14f7</run_address>
         <size>0x4b</size>
         <input_file_ref idref="fl-c6"/>
      </object_component>
      <object_component id="oc-52">
         <name>.debug_line</name>
         <load_address>0x1542</load_address>
         <run_address>0x1542</run_address>
         <size>0x39</size>
         <input_file_ref idref="fl-c6"/>
      </object_component>
      <object_component id="oc-d5">
         <name>.debug_line</name>
         <load_address>0x157b</load_address>
         <run_address>0x157b</run_address>
         <size>0xa5</size>
         <input_file_ref idref="fl-c6"/>
      </object_component>
      <object_component id="oc-24b">
         <name>.debug_line</name>
         <load_address>0x1620</load_address>
         <run_address>0x1620</run_address>
         <size>0xae</size>
         <input_file_ref idref="fl-c8"/>
      </object_component>
      <object_component id="oc-168">
         <name>.debug_line</name>
         <load_address>0x16ce</load_address>
         <run_address>0x16ce</run_address>
         <size>0xd7</size>
         <input_file_ref idref="fl-c8"/>
      </object_component>
      <object_component id="oc-1f8">
         <name>.debug_line</name>
         <load_address>0x17a5</load_address>
         <run_address>0x17a5</run_address>
         <size>0xa5</size>
         <input_file_ref idref="fl-c8"/>
      </object_component>
      <object_component id="oc-26a">
         <name>.debug_line</name>
         <load_address>0x184a</load_address>
         <run_address>0x184a</run_address>
         <size>0xa4</size>
         <input_file_ref idref="fl-c9"/>
      </object_component>
      <object_component id="oc-202">
         <name>.debug_line</name>
         <load_address>0x18ee</load_address>
         <run_address>0x18ee</run_address>
         <size>0x132</size>
         <input_file_ref idref="fl-c9"/>
      </object_component>
      <object_component id="oc-249">
         <name>.debug_line</name>
         <load_address>0x1a20</load_address>
         <run_address>0x1a20</run_address>
         <size>0x2b</size>
         <input_file_ref idref="fl-ca"/>
      </object_component>
      <object_component id="oc-1b3">
         <name>.debug_line</name>
         <load_address>0x1a4b</load_address>
         <run_address>0x1a4b</run_address>
         <size>0x128</size>
         <input_file_ref idref="fl-cb"/>
      </object_component>
      <object_component id="oc-1a7">
         <name>.debug_line</name>
         <load_address>0x1b73</load_address>
         <run_address>0x1b73</run_address>
         <size>0x2a</size>
         <input_file_ref idref="fl-cb"/>
      </object_component>
      <object_component id="oc-7d">
         <name>.debug_line</name>
         <load_address>0x1b9d</load_address>
         <run_address>0x1b9d</run_address>
         <size>0x86</size>
         <input_file_ref idref="fl-cb"/>
      </object_component>
      <object_component id="oc-114">
         <name>.debug_line</name>
         <load_address>0x1c23</load_address>
         <run_address>0x1c23</run_address>
         <size>0xd2</size>
         <input_file_ref idref="fl-cc"/>
      </object_component>
      <object_component id="oc-17d">
         <name>.debug_line</name>
         <load_address>0x1cf5</load_address>
         <run_address>0x1cf5</run_address>
         <size>0x77</size>
         <input_file_ref idref="fl-cd"/>
      </object_component>
      <object_component id="oc-207">
         <name>.debug_line</name>
         <load_address>0x1d6c</load_address>
         <run_address>0x1d6c</run_address>
         <size>0x77</size>
         <input_file_ref idref="fl-cd"/>
      </object_component>
      <object_component id="oc-119">
         <name>.debug_line</name>
         <load_address>0x1de3</load_address>
         <run_address>0x1de3</run_address>
         <size>0xa8</size>
         <input_file_ref idref="fl-ce"/>
      </object_component>
      <object_component id="oc-15a">
         <name>.debug_line</name>
         <load_address>0x1e8b</load_address>
         <run_address>0x1e8b</run_address>
         <size>0x8e</size>
         <input_file_ref idref="fl-cf"/>
      </object_component>
      <object_component id="oc-140">
         <name>.debug_line</name>
         <load_address>0x1f19</load_address>
         <run_address>0x1f19</run_address>
         <size>0x5a</size>
         <input_file_ref idref="fl-d0"/>
      </object_component>
      <object_component id="oc-ab">
         <name>.debug_line</name>
         <load_address>0x1f73</load_address>
         <run_address>0x1f73</run_address>
         <size>0x59</size>
         <input_file_ref idref="fl-d1"/>
      </object_component>
      <object_component id="oc-111">
         <name>.debug_line</name>
         <load_address>0x1fcc</load_address>
         <run_address>0x1fcc</run_address>
         <size>0x50</size>
         <input_file_ref idref="fl-d2"/>
      </object_component>
      <object_component id="oc-3c">
         <name>.debug_line</name>
         <load_address>0x201c</load_address>
         <run_address>0x201c</run_address>
         <size>0x88</size>
         <input_file_ref idref="fl-d3"/>
      </object_component>
      <object_component id="oc-56">
         <name>.debug_line</name>
         <load_address>0x20a4</load_address>
         <run_address>0x20a4</run_address>
         <size>0x79</size>
         <input_file_ref idref="fl-d4"/>
      </object_component>
      <object_component id="oc-64">
         <name>.debug_line</name>
         <load_address>0x211d</load_address>
         <run_address>0x211d</run_address>
         <size>0x3d</size>
         <input_file_ref idref="fl-d5"/>
      </object_component>
      <object_component id="oc-6a">
         <name>.debug_line</name>
         <load_address>0x215a</load_address>
         <run_address>0x215a</run_address>
         <size>0x40</size>
         <input_file_ref idref="fl-d6"/>
      </object_component>
      <object_component id="oc-270">
         <name>.debug_line</name>
         <load_address>0x219a</load_address>
         <run_address>0x219a</run_address>
         <size>0x2a</size>
         <input_file_ref idref="fl-d7"/>
      </object_component>
      <object_component id="oc-254">
         <name>.debug_line</name>
         <load_address>0x21c4</load_address>
         <run_address>0x21c4</run_address>
         <size>0x2c</size>
         <input_file_ref idref="fl-d7"/>
      </object_component>
      <object_component id="oc-177">
         <name>.debug_line</name>
         <load_address>0x21f0</load_address>
         <run_address>0x21f0</run_address>
         <size>0xca</size>
         <input_file_ref idref="fl-d7"/>
      </object_component>
      <object_component id="oc-244">
         <name>.debug_line</name>
         <load_address>0x22ba</load_address>
         <run_address>0x22ba</run_address>
         <size>0x32</size>
         <input_file_ref idref="fl-d8"/>
      </object_component>
      <object_component id="oc-165">
         <name>.debug_line</name>
         <load_address>0x22ec</load_address>
         <run_address>0x22ec</run_address>
         <size>0x21d</size>
         <input_file_ref idref="fl-d8"/>
      </object_component>
      <object_component id="oc-242">
         <name>.debug_line</name>
         <load_address>0x2509</load_address>
         <run_address>0x2509</run_address>
         <size>0x32</size>
         <input_file_ref idref="fl-d9"/>
      </object_component>
      <object_component id="oc-160">
         <name>.debug_line</name>
         <load_address>0x253b</load_address>
         <run_address>0x253b</run_address>
         <size>0x209</size>
         <input_file_ref idref="fl-d9"/>
      </object_component>
      <object_component id="oc-252">
         <name>.debug_line</name>
         <load_address>0x2744</load_address>
         <run_address>0x2744</run_address>
         <size>0xb6</size>
         <input_file_ref idref="fl-da"/>
      </object_component>
      <object_component id="oc-171">
         <name>.debug_line</name>
         <load_address>0x27fa</load_address>
         <run_address>0x27fa</run_address>
         <size>0x2a2</size>
         <input_file_ref idref="fl-da"/>
      </object_component>
      <object_component id="oc-f6">
         <name>.debug_line</name>
         <load_address>0x2a9c</load_address>
         <run_address>0x2a9c</run_address>
         <size>0x33</size>
         <input_file_ref idref="fl-db"/>
      </object_component>
      <object_component id="oc-155">
         <name>.debug_line</name>
         <load_address>0x2acf</load_address>
         <run_address>0x2acf</run_address>
[...]
      </symbol>
      <symbol id="sm-1f1">
         <name>gps_on</name>
         <value>0x200000f0</value>
         <object_component_ref idref="oc-b2"/>
      </symbol>
      <symbol id="sm-210">
         <name>print_gha_menu</name>
         <value>0x4f11</value>
         <object_component_ref idref="oc-95"/>
      </symbol>
      <symbol id="sm-211">
         <name>print_dec_menu</name>
         <value>0x4f2d</value>
         <object_component_ref idref="oc-95"/>
      </symbol>
      <symbol id="sm-22e">
         <name>start_azi_motor</name>
         <value>0x4491</value>
         <object_component_ref idref="oc-ac"/>
      </symbol>
      <symbol id="sm-22f">
         <name>stop_alt_motor</name>
         <value>0x4471</value>
         <object_component_ref idref="oc-ac"/>
      </symbol>
      <symbol id="sm-230">
         <name>toggle_laser</name>
         <value>0x44c7</value>
         <object_component_ref idref="oc-ac"/>
      </symbol>
      <symbol id="sm-231">
         <name>stop_azi_motor</name>
         <value>0x44b1</value>
         <object_component_ref idref="oc-ac"/>
      </symbol>
      <symbol id="sm-232">
         <name>start_alt_motor</name>
         <value>0x4451</value>
         <object_component_ref idref="oc-ac"/>
      </symbol>
      <symbol id="sm-233">
         <name>configure_timer</name>
         <value>0x43b5</value>
         <object_component_ref idref="oc-ac"/>
      </symbol>
      <symbol id="sm-234">
         <name>configure_pins</name>
         <value>0x43d7</value>
         <object_component_ref idref="oc-ac"/>
      </symbol>
      <symbol id="sm-249">
         <name>Reset_Handler</name>
         <value>0x4fef</value>
         <object_component_ref idref="oc-2c"/>
      </symbol>
      <symbol id="sm-24a">
         <name>Default_Handler</name>
         <value>0x4ffb</value>
         <object_component_ref idref="oc-2c"/>
      </symbol>
      <symbol id="sm-24b">
         <name>interruptVectors</name>
         <value>0x0</value>
         <object_component_ref idref="oc-10"/>
      </symbol>
      <symbol id="sm-292">
         <name>SystemInit</name>
         <value>0x3605</value>
         <object_component_ref idref="oc-82"/>
      </symbol>
      <symbol id="sm-293">
         <name>SystemCoreClockUpdate</name>
         <value>0x3391</value>
         <object_component_ref idref="oc-82"/>
      </symbol>
      <symbol id="sm-294">
         <name>SystemCoreClock</name>
         <value>0x20000188</value>
         <object_component_ref idref="oc-f7"/>
      </symbol>
      <symbol id="sm-2bb">
         <name>uart_putchar_n</name>
         <value>0x3e85</value>
         <object_component_ref idref="oc-89"/>
      </symbol>
      <symbol id="sm-2bc">
         <name>uart_putchar</name>
         <value>0x3e69</value>
         <object_component_ref idref="oc-89"/>
      </symbol>
      <symbol id="sm-2bd">
         <name>configure_serial_port2</name>
         <value>0x3da9</value>
         <object_component_ref idref="oc-89"/>
      </symbol>
      <symbol id="sm-2be">
         <name>configure_serial_port0</name>
         <value>0x3ce9</value>
         <object_component_ref idref="oc-89"/>
      </symbol>
      <symbol id="sm-2cf">
         <name>_c_int00</name>
         <value>0x4d91</value>
         <object_component_ref idref="oc-25"/>
      </symbol>
      <symbol id="sm-2d0">
         <name>__stack</name>
         <value>0x2000fe00</value>
         <object_component_ref idref="oc-2b"/>
      </symbol>
      <symbol id="sm-2e7">
         <name>__TI_decompress_none</name>
         <value>0x4fe1</value>
         <object_component_ref idref="oc-13"/>
      </symbol>
      <symbol id="sm-30f">
         <name>__TI_decompress_rle24</name>
         <value>0x4ffd</value>
         <object_component_ref idref="oc-19"/>
      </symbol>
      <symbol id="sm-34b">
         <name>asinl</name>
         <value>0x2f81</value>
         <object_component_ref idref="oc-167"/>
      </symbol>
      <symbol id="sm-34c">
         <name>asin</name>
         <value>0x2f81</value>
         <object_component_ref idref="oc-167"/>
      </symbol>
      <symbol id="sm-370">
         <name>sqrtl</name>
         <value>0x4221</value>
         <object_component_ref idref="oc-1fd"/>
      </symbol>
      <symbol id="sm-371">
         <name>sqrt</name>
         <value>0x4221</value>
         <object_component_ref idref="oc-1fd"/>
      </symbol>
      <symbol id="sm-379">
         <name>errno</name>
         <value>0x20000180</value>
         <object_component_ref idref="oc-208"/>
      </symbol>
      <symbol id="sm-39a">
         <name>C$$EXIT</name>
         <value>0x4de5</value>
         <object_component_ref idref="oc-78"/>
      </symbol>
      <symbol id="sm-39b">
         <name>abort</name>
         <value>0x4de9</value>
         <object_component_ref idref="oc-78"/>
      </symbol>
      <symbol id="sm-39c">
         <name>exit</name>
         <value>0x4df1</value>
         <object_component_ref idref="oc-78"/>
      </symbol>
      <symbol id="sm-39d">
         <name>__TI_dtors_ptr</name>
         <value>0x20000168</value>
         <object_component_ref idref="oc-ec"/>
      </symbol>
      <symbol id="sm-39e">
         <name>__TI_cleanup_ptr</name>
         <value>0x20000164</value>
         <object_component_ref idref="oc-ec"/>
      </symbol>
      <symbol id="sm-39f">
         <name>__TI_enable_exit_profile_output</name>
         <value>0x2000016c</value>
         <object_component_ref idref="oc-ec"/>
      </symbol>
      <symbol id="sm-3b6">
         <name>__aeabi_dsub</name>
         <value>0x3ef5</value>
         <object_component_ref idref="oc-112"/>
      </symbol>
      <symbol id="sm-3b7">
         <name>__aeabi_dadd</name>
         <value>0x3eff</value>
         <object_component_ref idref="oc-112"/>
      </symbol>
      <symbol id="sm-3d9">
         <name>__aeabi_cdcmpeq</name>
         <value>0x4b2d</value>
         <object_component_ref idref="oc-179"/>
      </symbol>
      <symbol id="sm-3da">
         <name>__aeabi_cdcmple</name>
         <value>0x4b2d</value>
         <object_component_ref idref="oc-179"/>
      </symbol>
      <symbol id="sm-3db">
         <name>__aeabi_cdrcmple</name>
         <value>0x4bb3</value>
         <object_component_ref idref="oc-203"/>
      </symbol>
      <symbol id="sm-3ef">
         <name>__aeabi_ddiv</name>
         <value>0x4669</value>
         <object_component_ref idref="oc-117"/>
      </symbol>
      <symbol id="sm-3fa">
         <name>__aeabi_dmul</name>
         <value>0x479f</value>
         <object_component_ref idref="oc-156"/>
      </symbol>
      <symbol id="sm-404">
         <name>__aeabi_d2iz</name>
         <value>0x4e85</value>
         <object_component_ref idref="oc-13c"/>
      </symbol>
      <symbol id="sm-40e">
         <name>__aeabi_d2uiz</name>
         <value>0x4ecd</value>
         <object_component_ref idref="oc-a7"/>
      </symbol>
      <symbol id="sm-418">
         <name>__aeabi_i2d</name>
         <value>0x4f51</value>
         <object_component_ref idref="oc-10d"/>
      </symbol>
      <symbol id="sm-433">
         <name>memcpy</name>
         <value>0x4a91</value>
         <object_component_ref idref="oc-3b"/>
      </symbol>
      <symbol id="sm-434">
         <name>__aeabi_memcpy</name>
         <value>0x4a91</value>
         <object_component_ref idref="oc-3b"/>
      </symbol>
      <symbol id="sm-435">
         <name>__aeabi_memcpy8</name>
         <value>0x4a91</value>
         <object_component_ref idref="oc-3b"/>
      </symbol>
      <symbol id="sm-436">
         <name>__aeabi_memcpy4</name>
         <value>0x4a91</value>
         <object_component_ref idref="oc-3b"/>
      </symbol>
      <symbol id="sm-445">
         <name>__aeabi_memset</name>
         <value>0x4c3b</value>
         <object_component_ref idref="oc-54"/>
      </symbol>
      <symbol id="sm-446">
         <name>memset</name>
         <value>0x4c41</value>
         <object_component_ref idref="oc-54"/>
      </symbol>
      <symbol id="sm-447">
         <name>__aeabi_memset8</name>
         <value>0x4c3b</value>
         <object_component_ref idref="oc-54"/>
      </symbol>
      <symbol id="sm-448">
         <name>__aeabi_memset4</name>
         <value>0x4c3b</value>
         <object_component_ref idref="oc-54"/>
      </symbol>
      <symbol id="sm-449">
         <name>__aeabi_memclr8</name>
         <value>0x4c39</value>
         <object_component_ref idref="oc-54"/>
      </symbol>
      <symbol id="sm-44a">
         <name>__aeabi_memclr4</name>
         <value>0x4c39</value>
         <object_component_ref idref="oc-54"/>
      </symbol>
      <symbol id="sm-44b">
         <name>__aeabi_memclr</name>
         <value>0x4c39</value>
         <object_component_ref idref="oc-54"/>
      </symbol>
      <symbol id="sm-455">
         <name>__mpu_init</name>
         <value>0x40ab</value>
         <object_component_ref idref="oc-60"/>
      </symbol>
      <symbol id="sm-45f">
         <name>_system_pre_init</name>
         <value>0x5003</value>
         <object_component_ref idref="oc-66"/>
      </symbol>
      <symbol id="sm-492">
         <name>atanl</name>
         <value>0x39d9</value>
         <object_component_ref idref="oc-173"/>
      </symbol>
      <symbol id="sm-493">
         <name>atan</name>
         <value>0x39d9</value>
         <object_component_ref idref="oc-173"/>
      </symbol>
      <symbol id="sm-4e5">
         <name>cosl</name>
         <value>0x1011</value>
         <object_component_ref idref="oc-161"/>
      </symbol>
      <symbol id="sm-4e6">
         <name>cos</name>
         <value>0x1011</value>
         <object_component_ref idref="oc-161"/>
      </symbol>
      <symbol id="sm-533">
         <name>sin</name>
         <value>0x15f5</value>
         <object_component_ref idref="oc-15b"/>
      </symbol>
      <symbol id="sm-534">
         <name>sinl</name>
         <value>0x15f5</value>
         <object_component_ref idref="oc-15b"/>
      </symbol>
      <symbol id="sm-584">
         <name>tanl</name>
         <value>0x2609</value>
         <object_component_ref idref="oc-16d"/>
      </symbol>
      <symbol id="sm-585">
         <name>tan</name>
         <value>0x2609</value>
         <object_component_ref idref="oc-16d"/>
      </symbol>
      <symbol id="sm-58d">
         <name>main_func_sp</name>
         <value>0x20000184</value>
         <object_component_ref idref="oc-7e"/>
      </symbol>
      <symbol id="sm-597">
         <name>__aeabi_ui2d</name>
         <value>0x4f7f</value>
         <object_component_ref idref="oc-151"/>
      </symbol>
      <symbol id="sm-5b0">
         <name>_nop</name>
         <value>0x4fc7</value>
         <object_component_ref idref="oc-1a8"/>
      </symbol>
      <symbol id="sm-5b1">
         <name>_lock</name>
         <value>0x20000170</value>
         <object_component_ref idref="oc-ef"/>
      </symbol>
      <symbol id="sm-5b2">
         <name>_unlock</name>
         <value>0x20000174</value>
         <object_component_ref idref="oc-ef"/>
      </symbol>
      <symbol id="sm-5b3">
         <name>_register_lock</name>
         <value>0x4fbf</value>
         <object_component_ref idref="oc-1a8"/>
      </symbol>
      <symbol id="sm-5b4">
         <name>_register_unlock</name>
         <value>0x4fb9</value>
         <object_component_ref idref="oc-1a8"/>
      </symbol>
      <symbol id="sm-5c8">
         <name>_args_main</name>
         <value>0x4fa1</value>
         <object_component_ref idref="oc-72"/>
      </symbol>
      <symbol id="sm-5ed">
         <name>__TI_auto_init</name>
         <value>0x4cb5</value>
         <object_component_ref idref="oc-6c"/>
      </symbol>
      <symbol id="sm-607">
         <name>copy_in</name>
         <value>0x4e39</value>
         <object_component_ref idref="oc-dc"/>
      </symbol>
      <symbol id="sm-61d">
         <name>__kernel_cos</name>
         <value>0x44fd</value>
         <object_component_ref idref="oc-1ee"/>
      </symbol>
      <symbol id="sm-685">
         <name>__kernel_rem_pio2</name>
         <value>0x8d1</value>
         <object_component_ref idref="oc-1e8"/>
      </symbol>
      <symbol id="sm-69c">
         <name>__kernel_sin</name>
         <value>0x40ad</value>
         <object_component_ref idref="oc-1e2"/>
      </symbol>
      <symbol id="sm-6ba">
         <name>__kernel_tan</name>
         <value>0x36b9</value>
         <object_component_ref idref="oc-20d"/>
      </symbol>
      <symbol id="sm-6d7">
         <name>floorl</name>
         <value>0x4999</value>
         <object_component_ref idref="oc-22e"/>
      </symbol>
      <symbol id="sm-6d8">
         <name>floor</name>
         <value>0x4999</value>
         <object_component_ref idref="oc-22e"/>
      </symbol>
      <symbol id="sm-6f5">
         <name>scalbn</name>
         <value>0x489d</value>
         <object_component_ref idref="oc-228"/>
      </symbol>
      <symbol id="sm-6f6">
         <name>scalbnl</name>
         <value>0x489d</value>
         <object_component_ref idref="oc-228"/>
      </symbol>
      <symbol id="sm-6f7">
         <name>ldexpl</name>
         <value>0x489d</value>
         <object_component_ref idref="oc-228"/>
      </symbol>
      <symbol id="sm-6f8">
         <name>ldexp</name>
         <value>0x489d</value>
         <object_component_ref idref="oc-228"/>
      </symbol>
      <symbol id="sm-702">
         <name>_system_post_cinit</name>
         <value>0x489b</value>
         <object_component_ref idref="oc-e2"/>
      </symbol>
      <symbol id="sm-70c">
         <name>copysign</name>
         <value>0x4fcd</value>
         <object_component_ref idref="oc-259"/>
      </symbol>
      <symbol id="sm-70d">
         <name>copysignl</name>
         <value>0x4fcd</value>
         <object_component_ref idref="oc-259"/>
      </symbol>
      <symbol id="sm-70e">
         <name>__TI_static_base__</name>
         <value>0x0</value>
      </symbol>
      <symbol id="sm-711">
         <name>SHT$$INIT_ARRAY$$Limit</name>
         <value>0x0</value>
      </symbol>
      <symbol id="sm-712">
         <name>SHT$$INIT_ARRAY$$Base</name>
         <value>0x0</value>
      </symbol>
      <symbol id="sm-713">
         <name>NMI_Handler</name>
         <value>0x4ffb</value>
      </symbol>
      <symbol id="sm-714">
         <name>HardFault_Handler</name>
         <value>0x4ffb</value>
      </symbol>
      <symbol id="sm-715">
         <name>MemManage_Handler</name>
         <value>0x4ffb</value>
      </symbol>
      <symbol id="sm-716">
         <name>BusFault_Handler</name>
         <value>0x4ffb</value>
      </symbol>
      <symbol id="sm-717">
         <name>UsageFault_Handler</name>
         <value>0x4ffb</value>
      </symbol>
      <symbol id="sm-718">
         <name>SVC_Handler</name>
         <value>0x4ffb</value>
      </symbol>
      <symbol id="sm-719">
         <name>DebugMon_Handler</name>
         <value>0x4ffb</value>
      </symbol>
      <symbol id="sm-71a">
         <name>PendSV_Handler</name>
         <value>0x4ffb</value>
      </symbol>
      <symbol id="sm-71b">
         <name>SysTick_Handler</name>
         <value>0x4ffb</value>
      </symbol>
      <symbol id="sm-71c">
         <name>PSS_IRQHandler</name>
         <value>0x4ffb</value>
      </symbol>
      <symbol id="sm-71d">
         <name>CS_IRQHandler</name>
         <value>0x4ffb</value>
      </symbol>
      <symbol id="sm-71e">
         <name>PCM_IRQHandler</name>
         <value>0x4ffb</value>
      </symbol>
      <symbol id="sm-71f">
         <name>WDT_A_IRQHandler</name>
         <value>0x4ffb</value>
      </symbol>
      <symbol id="sm-720">
         <name>FPU_IRQHandler</name>
         <value>0x4ffb</value>
      </symbol>
      <symbol id="sm-721">
         <name>FLCTL_IRQHandler</name>
         <value>0x4ffb</value>
      </symbol>
      <symbol id="sm-722">
         <name>COMP_E0_IRQHandler</name>
         <value>0x4ffb</value>
      </symbol>
      <symbol id="sm-723">
         <name>COMP_E1_IRQHandler</name>
         <value>0x4ffb</value>
      </symbol>
      <symbol id="sm-724">
         <name>TA0_0_IRQHandler</name>
         <value>0x2e99</value>
      </symbol>
      <symbol id="sm-725">
         <name>TA0_N_IRQHandler</name>
         <value>0x4ffb</value>
      </symbol>
      <symbol id="sm-726">
         <name>TA1_0_IRQHandler</name>
         <value>0x4ffb</value>
      </symbol>
      <symbol id="sm-727">
         <name>TA1_N_IRQHandler</name>
         <value>0x4ffb</value>
      </symbol>
      <symbol id="sm-728">
         <name>TA2_0_IRQHandler</name>
         <value>0x4ffb</value>
      </symbol>
      <symbol id="sm-729">
         <name>TA2_N_IRQHandler</name>
         <value>0x4ffb</value>
      </symbol>
      <symbol id="sm-72a">
         <name>TA3_0_IRQHandler</name>
         <value>0x4ffb</value>
      </symbol>
      <symbol id="sm-72b">
         <name>TA3_N_IRQHandler</name>
         <value>0x4ffb</value>
      </symbol>
      <symbol id="sm-72c">
         <name>EUSCIA0_IRQHandler</name>
         <value>0x2c99</value>
      </symbol>
      <symbol id="sm-72d">
         <name>EUSCIA1_IRQHandler</name>
         <value>0x4ffb</value>
      </symbol>
      <symbol id="sm-72e">
         <name>EUSCIA2_IRQHandler</name>
         <value>0x2d81</value>
      </symbol>
      <symbol id="sm-72f">
         <name>EUSCIA3_IRQHandler</name>
         <value>0x4ffb</value>
      </symbol>
      <symbol id="sm-730">
         <name>EUSCIB0_IRQHandler</name>
         <value>0x4ffb</value>
      </symbol>
      <symbol id="sm-731">
         <name>EUSCIB1_IRQHandler</name>
         <value>0x4ffb</value>
      </symbol>
      <symbol id="sm-732">
         <name>EUSCIB2_IRQHandler</name>
         <value>0x4ffb</value>
      </symbol>
      <symbol id="sm-733">
         <name>EUSCIB3_IRQHandler</name>
         <value>0x4ffb</value>
      </symbol>
      <symbol id="sm-734">
         <name>ADC14_IRQHandler</name>
         <value>0x4ffb</value>
      </symbol>
      <symbol id="sm-735">
         <name>T32_INT1_IRQHandler</name>
         <value>0x4ffb</value>
      </symbol>
      <symbol id="sm-736">
         <name>T32_INT2_IRQHandler</name>
         <value>0x4ffb</value>
      </symbol>
      <symbol id="sm-737">
         <name>T32_INTC_IRQHandler</name>
         <value>0x4ffb</value>
      </symbol>
      <symbol id="sm-738">
         <name>AES256_IRQHandler</name>
         <value>0x4ffb</value>
      </symbol>
      <symbol id="sm-739">
         <name>RTC_C_IRQHandler</name>
         <value>0x4ffb</value>
      </symbol>
      <symbol id="sm-73a">
         <name>DMA_ERR_IRQHandler</name>
         <value>0x4ffb</value>
      </symbol>
      <symbol id="sm-73b">
         <name>DMA_INT3_IRQHandler</name>
         <value>0x4ffb</value>
      </symbol>
      <symbol id="sm-73c">
         <name>DMA_INT2_IRQHandler</name>
         <value>0x4ffb</value>
      </symbol>
      <symbol id="sm-73d">
         <name>DMA_INT1_IRQHandler</name>
         <value>0x4ffb</value>
      </symbol>
      <symbol id="sm-73e">
         <name>DMA_INT0_IRQHandler</name>
         <value>0x4ffb</value>
      </symbol>
      <symbol id="sm-73f">
         <name>PORT1_IRQHandler</name>
         <value>0x4ffb</value>
      </symbol>
      <symbol id="sm-740">
         <name>PORT2_IRQHandler</name>
         <value>0x4ffb</value>
      </symbol>
      <symbol id="sm-741">
         <name>PORT3_IRQHandler</name>
         <value>0x4ffb</value>
      </symbol>
      <symbol id="sm-742">
         <name>PORT4_IRQHandler</name>
         <value>0x4ffb</value>
      </symbol>
      <symbol id="sm-743">
         <name>PORT5_IRQHandler</name>
         <value>0x4ffb</value>
      </symbol>
      <symbol id="sm-744">
         <name>PORT6_IRQHandler</name>
         <value>0x4ffb</value>
      </symbol>
   </symbol_table>
   <title>Link successful</title>
</link_info>
