<?xml version="1.0"?>
<link_info>
   <banner>TI ARM Linker PC v15.12.1.LTS</banner>
   <copyright>Copyright (c) 1996-2015 Texas Instruments Incorporated</copyright>
   <link_time>0x58486f7e</link_time>
   <link_errors>0x0</link_errors>
   <output_file>Motor_w_BT.out</output_file>
   <entry_point>
      <name>_c_int00</name>
      <address>0x43a1</address>
   </entry_point>
   <input_file_list>
      <input_file id="fl-2">
         <path>.\</path>
         <kind>object</kind>
         <file>gps.obj</file>
         <name>gps.obj</name>
      </input_file>
      <input_file id="fl-3">
         <path>.\</path>
         <kind>object</kind>
         <file>locator.obj</file>
         <name>locator.obj</name>
      </input_file>
      <input_file id="fl-4">
         <path>.\</path>
         <kind>object</kind>
         <file>logger.obj</file>
         <name>logger.obj</name>
      </input_file>
      <input_file id="fl-5">
         <path>.\</path>
         <kind>object</kind>
         <file>main.obj</file>
         <name>main.obj</name>
      </input_file>
      <input_file id="fl-6">
         <path>.\</path>
         <kind>object</kind>
         <file>motor.obj</file>
         <name>motor.obj</name>
      </input_file>
      <input_file id="fl-7">
         <path>.\</path>
         <kind>object</kind>
         <file>startup_msp432p401r_ccs.obj</file>
         <name>startup_msp432p401r_ccs.obj</name>
      </input_file>
      <input_file id="fl-8">
         <path>.\</path>
         <kind>object</kind>
         <file>system_msp432p401r.obj</file>
         <name>system_msp432p401r.obj</name>
      </input_file>
      <input_file id="fl-9">
         <path>.\</path>
         <kind>object</kind>
         <file>uart.obj</file>
         <name>uart.obj</name>
      </input_file>
      <input_file id="fl-c3">
         <path>C:\ti\ccsv6\tools\compiler\ti-cgt-arm_15.12.1.LTS\lib\</path>
         <kind>archive</kind>
         <file>rtsv7M4_T_le_v4SPD16_eabi.lib</file>
         <name>boot.obj</name>
      </input_file>
      <input_file id="fl-c4">
         <path>C:\ti\ccsv6\tools\compiler\ti-cgt-arm_15.12.1.LTS\lib\</path>
         <kind>archive</kind>
         <file>rtsv7M4_T_le_v4SPD16_eabi.lib</file>
         <name>copy_decompress_none.obj</name>
      </input_file>
      <input_file id="fl-c5">
         <path>C:\ti\ccsv6\tools\compiler\ti-cgt-arm_15.12.1.LTS\lib\</path>
         <kind>archive</kind>
         <file>rtsv7M4_T_le_v4SPD16_eabi.lib</file>
         <name>copy_decompress_rle.obj</name>
      </input_file>
      <input_file id="fl-c6">
         <path>C:\ti\ccsv6\tools\compiler\ti-cgt-arm_15.12.1.LTS\lib\</path>
         <kind>archive</kind>
         <file>rtsv7M4_T_le_v4SPD16_eabi.lib</file>
         <name>copy_zero_init.obj</name>
      </input_file>
      <input_file id="fl-c7">
         <path>C:\ti\ccsv6\tools\compiler\ti-cgt-arm_15.12.1.LTS\lib\</path>
         <kind>archive</kind>
         <file>rtsv7M4_T_le_v4SPD16_eabi.lib</file>
         <name>e_asin.obj</name>
      </input_file>
      <input_file id="fl-c8">
         <path>C:\ti\ccsv6\tools\compiler\ti-cgt-arm_15.12.1.LTS\lib\</path>
         <kind>archive</kind>
         <file>rtsv7M4_T_le_v4SPD16_eabi.lib</file>
         <name>e_sqrt.obj</name>
      </input_file>
      <input_file id="fl-c9">
         <path>C:\ti\ccsv6\tools\compiler\ti-cgt-arm_15.12.1.LTS\lib\</path>
         <kind>archive</kind>
         <file>rtsv7M4_T_le_v4SPD16_eabi.lib</file>
         <name>errno.obj</name>
      </input_file>
      <input_file id="fl-ca">
         <path>C:\ti\ccsv6\tools\compiler\ti-cgt-arm_15.12.1.LTS\lib\</path>
         <kind>archive</kind>
         <file>rtsv7M4_T_le_v4SPD16_eabi.lib</file>
         <name>exit.obj</name>
      </input_file>
      <input_file id="fl-cb">
         <path>C:\ti\ccsv6\tools\compiler\ti-cgt-arm_15.12.1.LTS\lib\</path>
         <kind>archive</kind>
         <file>rtsv7M4_T_le_v4SPD16_eabi.lib</file>
         <name>fd_add_t2.obj</name>
      </input_file>
      <input_file id="fl-cc">
         <path>C:\ti\ccsv6\tools\compiler\ti-cgt-arm_15.12.1.LTS\lib\</path>
         <kind>archive</kind>
         <file>rtsv7M4_T_le_v4SPD16_eabi.lib</file>
         <name>fd_cmp_t2.obj</name>
      </input_file>
      <input_file id="fl-cd">
         <path>C:\ti\ccsv6\tools\compiler\ti-cgt-arm_15.12.1.LTS\lib\</path>
         <kind>archive</kind>
         <file>rtsv7M4_T_le_v4SPD16_eabi.lib</file>
         <name>fd_div_t2.obj</name>
      </input_file>
      <input_file id="fl-ce">
         <path>C:\ti\ccsv6\tools\compiler\ti-cgt-arm_15.12.1.LTS\lib\</path>
         <kind>archive</kind>
         <file>rtsv7M4_T_le_v4SPD16_eabi.lib</file>
         <name>fd_mul_t2.obj</name>
      </input_file>
      <input_file id="fl-cf">
         <path>C:\ti\ccsv6\tools\compiler\ti-cgt-arm_15.12.1.LTS\lib\</path>
         <kind>archive</kind>
         <file>rtsv7M4_T_le_v4SPD16_eabi.lib</file>
         <name>fd_tou_t2.obj</name>
      </input_file>
      <input_file id="fl-d0">
         <path>C:\ti\ccsv6\tools\compiler\ti-cgt-arm_15.12.1.LTS\lib\</path>
         <kind>archive</kind>
         <file>rtsv7M4_T_le_v4SPD16_eabi.lib</file>
         <name>memcpy_t2.obj</name>
      </input_file>
      <input_file id="fl-d1">
         <path>C:\ti\ccsv6\tools\compiler\ti-cgt-arm_15.12.1.LTS\lib\</path>
         <kind>archive</kind>
         <file>rtsv7M4_T_le_v4SPD16_eabi.lib</file>
         <name>memset_t2.obj</name>
      </input_file>
      <input_file id="fl-d2">
         <path>C:\ti\ccsv6\tools\compiler\ti-cgt-arm_15.12.1.LTS\lib\</path>
         <kind>archive</kind>
         <file>rtsv7M4_T_le_v4SPD16_eabi.lib</file>
         <name>mpu_init.obj</name>
      </input_file>
      <input_file id="fl-d3">
         <path>C:\ti\ccsv6\tools\compiler\ti-cgt-arm_15.12.1.LTS\lib\</path>
         <kind>archive</kind>
         <file>rtsv7M4_T_le_v4SPD16_eabi.lib</file>
         <name>pre_init.obj</name>
      </input_file>
      <input_file id="fl-d4">
         <path>C:\ti\ccsv6\tools\compiler\ti-cgt-arm_15.12.1.LTS\lib\</path>
         <kind>archive</kind>
         <file>rtsv7M4_T_le_v4SPD16_eabi.lib</file>
         <name>s_atan.obj</name>
      </input_file>
      <input_file id="fl-d5">
         <path>C:\ti\ccsv6\tools\compiler\ti-cgt-arm_15.12.1.LTS\lib\</path>
         <kind>archive</kind>
         <file>rtsv7M4_T_le_v4SPD16_eabi.lib</file>
         <name>s_cos.obj</name>
      </input_file>
      <input_file id="fl-d6">
         <path>C:\ti\ccsv6\tools\compiler\ti-cgt-arm_15.12.1.LTS\lib\</path>
         <kind>archive</kind>
         <file>rtsv7M4_T_le_v4SPD16_eabi.lib</file>
         <name>s_sin.obj</name>
      </input_file>
      <input_file id="fl-d7">
         <path>C:\ti\ccsv6\tools\compiler\ti-cgt-arm_15.12.1.LTS\lib\</path>
         <kind>archive</kind>
         <file>rtsv7M4_T_le_v4SPD16_eabi.lib</file>
         <name>s_tan.obj</name>
      </input_file>
      <input_file id="fl-d8">
         <path>C:\ti\ccsv6\tools\compiler\ti-cgt-arm_15.12.1.LTS\lib\</path>
         <kind>archive</kind>
         <file>rtsv7M4_T_le_v4SPD16_eabi.lib</file>
         <name>stkdepth_vars.obj</name>
      </input_file>
      <input_file id="fl-d9">
         <path>C:\ti\ccsv6\tools\compiler\ti-cgt-arm_15.12.1.LTS\lib\</path>
         <kind>archive</kind>
         <file>rtsv7M4_T_le_v4SPD16_eabi.lib</file>
         <name>u_tofd_t2.obj</name>
      </input_file>
      <input_file id="fl-da">
         <path>C:\ti\ccsv6\tools\compiler\ti-cgt-arm_15.12.1.LTS\lib\</path>
         <kind>archive</kind>
         <file>rtsv7M4_T_le_v4SPD16_eabi.lib</file>
         <name>_lock.obj</name>
      </input_file>
      <input_file id="fl-db">
         <path>C:\ti\ccsv6\tools\compiler\ti-cgt-arm_15.12.1.LTS\lib\</path>
         <kind>archive</kind>
         <file>rtsv7M4_T_le_v4SPD16_eabi.lib</file>
         <name>args_main.obj</name>
      </input_file>
      <input_file id="fl-dc">
         <path>C:\ti\ccsv6\tools\compiler\ti-cgt-arm_15.12.1.LTS\lib\</path>
         <kind>archive</kind>
         <file>rtsv7M4_T_le_v4SPD16_eabi.lib</file>
         <name>autoinit.obj</name>
      </input_file>
      <input_file id="fl-dd">
         <path>C:\ti\ccsv6\tools\compiler\ti-cgt-arm_15.12.1.LTS\lib\</path>
         <kind>archive</kind>
         <file>rtsv7M4_T_le_v4SPD16_eabi.lib</file>
         <name>cpy_tbl.obj</name>
      </input_file>
      <input_file id="fl-de">
         <path>C:\ti\ccsv6\tools\compiler\ti-cgt-arm_15.12.1.LTS\lib\</path>
         <kind>archive</kind>
         <file>rtsv7M4_T_le_v4SPD16_eabi.lib</file>
         <name>fd_toi_t2.obj</name>
      </input_file>
      <input_file id="fl-df">
         <path>C:\ti\ccsv6\tools\compiler\ti-cgt-arm_15.12.1.LTS\lib\</path>
         <kind>archive</kind>
         <file>rtsv7M4_T_le_v4SPD16_eabi.lib</file>
         <name>i_tofd_t2.obj</name>
      </input_file>
      <input_file id="fl-e0">
         <path>C:\ti\ccsv6\tools\compiler\ti-cgt-arm_15.12.1.LTS\lib\</path>
         <kind>archive</kind>
         <file>rtsv7M4_T_le_v4SPD16_eabi.lib</file>
         <name>k_cos.obj</name>
      </input_file>
      <input_file id="fl-e1">
         <path>C:\ti\ccsv6\tools\compiler\ti-cgt-arm_15.12.1.LTS\lib\</path>
         <kind>archive</kind>
         <file>rtsv7M4_T_le_v4SPD16_eabi.lib</file>
         <name>k_rem_pio2.obj</name>
      </input_file>
      <input_file id="fl-e2">
         <path>C:\ti\ccsv6\tools\compiler\ti-cgt-arm_15.12.1.LTS\lib\</path>
         <kind>archive</kind>
         <file>rtsv7M4_T_le_v4SPD16_eabi.lib</file>
         <name>k_sin.obj</name>
      </input_file>
      <input_file id="fl-e3">
         <path>C:\ti\ccsv6\tools\compiler\ti-cgt-arm_15.12.1.LTS\lib\</path>
         <kind>archive</kind>
         <file>rtsv7M4_T_le_v4SPD16_eabi.lib</file>
         <name>k_tan.obj</name>
      </input_file>
      <input_file id="fl-e4">
         <path>C:\ti\ccsv6\tools\compiler\ti-cgt-arm_15.12.1.LTS\lib\</path>
         <kind>archive</kind>
         <file>rtsv7M4_T_le_v4SPD16_eabi.lib</file>
         <name>s_floor.obj</name>
      </input_file>
      <input_file id="fl-e5">
         <path>C:\ti\ccsv6\tools\compiler\ti-cgt-arm_15.12.1.LTS\lib\</path>
         <kind>archive</kind>
         <file>rtsv7M4_T_le_v4SPD16_eabi.lib</file>
         <name>s_scalbn.obj</name>
      </input_file>
      <input_file id="fl-e6">
         <path>C:\ti\ccsv6\tools\compiler\ti-cgt-arm_15.12.1.LTS\lib\</path>
         <kind>archive</kind>
         <file>rtsv7M4_T_le_v4SPD16_eabi.lib</file>
         <name>startup.obj</name>
      </input_file>
      <input_file id="fl-e7">
         <path>C:\ti\ccsv6\tools\compiler\ti-cgt-arm_15.12.1.LTS\lib\</path>
         <kind>archive</kind>
         <file>rtsv7M4_T_le_v4SPD16_eabi.lib</file>
         <name>s_copysign.obj</name>
      </input_file>
   </input_file_list>
   <object_component_list>
      <object_component id="oc-10">
         <name>.intvecs:retain</name>
         <load_address>0x0</load_address>
         <run_address>0x0</run_address>
         <size>0xe4</size>
         <input_file_ref idref="fl-7"/>
      </object_component>
      <object_component id="oc-1a9">
         <name>.text</name>
         <load_address>0xe4</load_address>
         <run_address>0xe4</run_address>
         <size>0x740</size>
         <input_file_ref idref="fl-e1"/>
      </object_component>
      <object_component id="oc-122">
         <name>.text</name>
         <load_address>0x824</load_address>
         <run_address>0x824</run_address>
         <size>0x5e4</size>
         <input_file_ref idref="fl-d5"/>
      </object_component>
      <object_component id="oc-11c">
         <name>.text</name>
         <load_address>0xe08</load_address>
         <run_address>0xe08</run_address>
         <size>0x5d0</size>
         <input_file_ref idref="fl-d6"/>
      </object_component>
      <object_component id="oc-12e">
         <name>.text</name>
         <load_address>0x13d8</load_address>
         <run_address>0x13d8</run_address>
         <size>0x510</size>
         <input_file_ref idref="fl-d7"/>
      </object_component>
      <object_component id="oc-95">
         <name>.text</name>
         <load_address>0x18e8</load_address>
         <run_address>0x18e8</run_address>
         <size>0x484</size>
         <input_file_ref idref="fl-3"/>
      </object_component>
      <object_component id="oc-128">
         <name>.text</name>
         <load_address>0x1d6c</load_address>
         <run_address>0x1d6c</run_address>
         <size>0x410</size>
         <input_file_ref idref="fl-c7"/>
      </object_component>
      <object_component id="oc-8f">
         <name>.text</name>
         <load_address>0x217c</load_address>
         <run_address>0x217c</run_address>
         <size>0x3d4</size>
         <input_file_ref idref="fl-2"/>
      </object_component>
      <object_component id="oc-32">
         <name>.text</name>
         <load_address>0x2550</load_address>
         <run_address>0x2550</run_address>
         <size>0x344</size>
         <input_file_ref idref="fl-5"/>
      </object_component>
      <object_component id="oc-82">
         <name>.text</name>
         <load_address>0x2894</load_address>
         <run_address>0x2894</run_address>
         <size>0x328</size>
         <input_file_ref idref="fl-8"/>
      </object_component>
      <object_component id="oc-1ce">
         <name>.text</name>
         <load_address>0x2bbc</load_address>
         <run_address>0x2bbc</run_address>
         <size>0x320</size>
         <input_file_ref idref="fl-e3"/>
      </object_component>
      <object_component id="oc-134">
         <name>.text</name>
         <load_address>0x2edc</load_address>
         <run_address>0x2edc</run_address>
         <size>0x2ec</size>
         <input_file_ref idref="fl-d4"/>
      </object_component>
      <object_component id="oc-89">
         <name>.text</name>
         <load_address>0x31c8</load_address>
         <run_address>0x31c8</run_address>
         <size>0x230</size>
         <input_file_ref idref="fl-9"/>
      </object_component>
      <object_component id="oc-10d">
         <name>.text</name>
         <load_address>0x33f8</load_address>
         <run_address>0x33f8</run_address>
         <size>0x1b6</size>
         <input_file_ref idref="fl-cb"/>
      </object_component>
      <object_component id="oc-60">
         <name>.text</name>
         <load_address>0x35ae</load_address>
         <run_address>0x35ae</run_address>
         <size>0x2</size>
         <input_file_ref idref="fl-d2"/>
      </object_component>
      <object_component id="oc-199">
         <name>.text</name>
         <load_address>0x35b0</load_address>
         <run_address>0x35b0</run_address>
         <size>0x174</size>
         <input_file_ref idref="fl-e2"/>
      </object_component>
      <object_component id="oc-1be">
         <name>.text</name>
         <load_address>0x3724</load_address>
         <run_address>0x3724</run_address>
         <size>0x170</size>
         <input_file_ref idref="fl-c8"/>
      </object_component>
      <object_component id="oc-1af">
         <name>.text</name>
         <load_address>0x3894</load_address>
         <run_address>0x3894</run_address>
         <size>0x16c</size>
         <input_file_ref idref="fl-e0"/>
      </object_component>
      <object_component id="oc-9b">
         <name>.text</name>
         <load_address>0x3a00</load_address>
         <run_address>0x3a00</run_address>
         <size>0x154</size>
         <input_file_ref idref="fl-6"/>
      </object_component>
      <object_component id="oc-117">
         <name>.text</name>
         <load_address>0x3b54</load_address>
         <run_address>0x3b54</run_address>
         <size>0x136</size>
         <input_file_ref idref="fl-cd"/>
      </object_component>
      <object_component id="oc-d1">
         <name>.text</name>
         <load_address>0x3c8a</load_address>
         <run_address>0x3c8a</run_address>
         <size>0x2</size>
         <input_file_ref idref="fl-e6"/>
      </object_component>
      <object_component id="oc-f1">
         <name>.text</name>
         <load_address>0x3c8c</load_address>
         <run_address>0x3c8c</run_address>
         <size>0x124</size>
         <input_file_ref idref="fl-4"/>
      </object_component>
      <object_component id="oc-112">
         <name>.text</name>
         <load_address>0x3db0</load_address>
         <run_address>0x3db0</run_address>
         <size>0xfc</size>
         <input_file_ref idref="fl-ce"/>
      </object_component>
      <object_component id="oc-1f6">
         <name>.text</name>
         <load_address>0x3eac</load_address>
         <run_address>0x3eac</run_address>
         <size>0xfc</size>
         <input_file_ref idref="fl-e5"/>
      </object_component>
      <object_component id="oc-1fc">
         <name>.text</name>
         <load_address>0x3fa8</load_address>
         <run_address>0x3fa8</run_address>
         <size>0xf8</size>
         <input_file_ref idref="fl-e4"/>
      </object_component>
      <object_component id="oc-3b">
         <name>.text</name>
         <load_address>0x40a0</load_address>
         <run_address>0x40a0</run_address>
         <size>0x9c</size>
         <input_file_ref idref="fl-d0"/>
      </object_component>
      <object_component id="oc-1a4">
         <name>.text:__aeabi_cdcmple</name>
         <load_address>0x413c</load_address>
         <run_address>0x413c</run_address>
         <size>0x86</size>
         <input_file_ref idref="fl-cc"/>
      </object_component>
      <object_component id="oc-1c4">
         <name>.text:__aeabi_cdrcmple</name>
         <load_address>0x41c2</load_address>
         <run_address>0x41c2</run_address>
         <size>0x86</size>
         <input_file_ref idref="fl-cc"/>
      </object_component>
      <object_component id="oc-54">
         <name>.text</name>
         <load_address>0x4248</load_address>
         <run_address>0x4248</run_address>
         <size>0x7a</size>
         <input_file_ref idref="fl-d1"/>
      </object_component>
      <object_component id="oc-6c">
         <name>.text</name>
         <load_address>0x42c4</load_address>
         <run_address>0x42c4</run_address>
         <size>0x70</size>
         <input_file_ref idref="fl-dc"/>
      </object_component>
      <object_component id="oc-47">
         <name>.text</name>
         <load_address>0x4334</load_address>
         <run_address>0x4334</run_address>
         <size>0x6a</size>
         <input_file_ref idref="fl-c5"/>
      </object_component>
      <object_component id="oc-25">
         <name>.text</name>
         <load_address>0x43a0</load_address>
         <run_address>0x43a0</run_address>
         <size>0x54</size>
         <input_file_ref idref="fl-c3"/>
      </object_component>
      <object_component id="oc-78">
         <name>.text</name>
         <load_address>0x43f4</load_address>
         <run_address>0x43f4</run_address>
         <size>0x54</size>
         <input_file_ref idref="fl-ca"/>
      </object_component>
      <object_component id="oc-cb">
         <name>.text</name>
         <load_address>0x4448</load_address>
         <run_address>0x4448</run_address>
         <size>0x4c</size>
         <input_file_ref idref="fl-dd"/>
      </object_component>
      <object_component id="oc-194">
         <name>.text</name>
         <load_address>0x4494</load_address>
         <run_address>0x4494</run_address>
         <size>0x48</size>
         <input_file_ref idref="fl-de"/>
      </object_component>
      <object_component id="oc-13a">
         <name>.text</name>
         <load_address>0x44dc</load_address>
         <run_address>0x44dc</run_address>
         <size>0x44</size>
         <input_file_ref idref="fl-cf"/>
      </object_component>
      <object_component id="oc-19f">
         <name>.text</name>
         <load_address>0x4520</load_address>
         <run_address>0x4520</run_address>
         <size>0x2e</size>
         <input_file_ref idref="fl-df"/>
      </object_component>
      <object_component id="oc-108">
         <name>.text</name>
         <load_address>0x454e</load_address>
         <run_address>0x454e</run_address>
         <size>0x20</size>
         <input_file_ref idref="fl-d9"/>
      </object_component>
      <object_component id="oc-72">
         <name>.text</name>
         <load_address>0x4570</load_address>
         <run_address>0x4570</run_address>
         <size>0x18</size>
         <input_file_ref idref="fl-db"/>
      </object_component>
      <object_component id="oc-168">
         <name>.text</name>
         <load_address>0x4588</load_address>
         <run_address>0x4588</run_address>
         <size>0x14</size>
         <input_file_ref idref="fl-da"/>
      </object_component>
      <object_component id="oc-227">
         <name>.text</name>
         <load_address>0x459c</load_address>
         <run_address>0x459c</run_address>
         <size>0x14</size>
         <input_file_ref idref="fl-e7"/>
      </object_component>
      <object_component id="oc-13">
         <name>.text:decompress:none</name>
         <load_address>0x45b0</load_address>
         <run_address>0x45b0</run_address>
         <size>0xe</size>
         <input_file_ref idref="fl-c4"/>
      </object_component>
      <object_component id="oc-2c">
         <name>.text</name>
         <load_address>0x45be</load_address>
         <run_address>0x45be</run_address>
         <size>0xe</size>
         <input_file_ref idref="fl-7"/>
      </object_component>
      <object_component id="oc-19">
         <name>.text:decompress:rle24</name>
         <load_address>0x45cc</load_address>
         <run_address>0x45cc</run_address>
         <size>0x6</size>
         <input_file_ref idref="fl-c5"/>
      </object_component>
      <object_component id="oc-66">
         <name>.text</name>
         <load_address>0x45d2</load_address>
         <run_address>0x45d2</run_address>
         <size>0x4</size>
         <input_file_ref idref="fl-d3"/>
      </object_component>
      <object_component id="oc-202">
         <name>.const:$O1$$</name>
         <load_address>0x45d8</load_address>
         <run_address>0x45d8</run_address>
         <size>0x158</size>
         <input_file_ref idref="fl-e1"/>
      </object_component>
      <object_component id="oc-1d6">
         <name>.const:$O1$$</name>
         <load_address>0x4730</load_address>
         <run_address>0x4730</run_address>
         <size>0x98</size>
         <input_file_ref idref="fl-d4"/>
      </object_component>
      <object_component id="oc-21a">
         <name>.const:xxx</name>
         <load_address>0x47c8</load_address>
         <run_address>0x47c8</run_address>
         <size>0x80</size>
         <input_file_ref idref="fl-e3"/>
      </object_component>
      <object_component id="oc-181">
         <name>.const:.string:$P$T3$4</name>
         <load_address>0x4848</load_address>
         <run_address>0x4848</run_address>
         <size>0xc</size>
         <input_file_ref idref="fl-4"/>
      </object_component>
      <object_component id="oc-17b">
         <name>.const:.string:$P$T1$2</name>
         <load_address>0x4854</load_address>
         <run_address>0x4854</run_address>
         <size>0xb</size>
         <input_file_ref idref="fl-4"/>
      </object_component>
      <object_component id="oc-17e">
         <name>.const:.string:$P$T2$3</name>
         <load_address>0x485f</load_address>
         <run_address>0x485f</run_address>
         <size>0xb</size>
         <input_file_ref idref="fl-4"/>
      </object_component>
      <object_component id="oc-178">
         <name>.const:.string:$P$T0$1</name>
         <load_address>0x486a</load_address>
         <run_address>0x486a</run_address>
         <size>0x9</size>
         <input_file_ref idref="fl-4"/>
      </object_component>
      <object_component id="oc-184">
         <name>.const:.string:$P$T4$5</name>
         <load_address>0x4873</load_address>
         <run_address>0x4873</run_address>
         <size>0x7</size>
         <input_file_ref idref="fl-4"/>
      </object_component>
      <object_component id="oc-265">
         <name>.cinit..data.load</name>
         <load_address>0x4880</load_address>
         <run_address>0x4880</run_address>
         <size>0x21</size>
      </object_component>
      <object_component id="oc-266">
         <name>.cinit..bss.load</name>
         <load_address>0x48a8</load_address>
         <run_address>0x48a8</run_address>
         <size>0x9</size>
      </object_component>
      <object_component id="oc-263">
         <name>__TI_handler_table</name>
         <load_address>0x48b4</load_address>
         <run_address>0x48b4</run_address>
         <size>0x8</size>
      </object_component>
      <object_component id="oc-264">
         <name>__TI_cinit_table</name>
         <load_address>0x48bc</load_address>
         <run_address>0x48bc</run_address>
         <size>0x10</size>
      </object_component>
      <object_component id="oc-f7">
         <name>.data</name>
         <load_address>0x200000ac</load_address>
         <run_address>0x200000ac</run_address>
         <size>0x35</size>
         <input_file_ref idref="fl-2"/>
      </object_component>
      <object_component id="oc-ff">
         <name>.data:rmc_code</name>
         <load_address>0x2000011c</load_address>
         <run_address>0x2000011c</run_address>
         <size>0x5</size>
         <input_file_ref idref="fl-2"/>
      </object_component>
      <object_component id="oc-a1">
         <name>.data</name>
         <load_address>0x200000e4</load_address>
         <run_address>0x200000e4</run_address>
         <size>0x24</size>
         <input_file_ref idref="fl-5"/>
      </object_component>
      <object_component id="oc-e6">
         <name>.data</name>
         <load_address>0x2000012c</load_address>
         <run_address>0x2000012c</run_address>
         <size>0x4</size>
         <input_file_ref idref="fl-8"/>
      </object_component>
      <object_component id="oc-1c9">
         <name>.data</name>
         <load_address>0x20000124</load_address>
         <run_address>0x20000124</run_address>
         <size>0x4</size>
         <input_file_ref idref="fl-c9"/>
      </object_component>
      <object_component id="oc-db">
         <name>.data:$O1$$</name>
         <load_address>0x20000108</load_address>
         <run_address>0x20000108</run_address>
         <size>0xc</size>
         <input_file_ref idref="fl-ca"/>
      </object_component>
      <object_component id="oc-7e">
         <name>.data</name>
         <load_address>0x20000128</load_address>
         <run_address>0x20000128</run_address>
         <size>0x4</size>
         <input_file_ref idref="fl-d8"/>
      </object_component>
      <object_component id="oc-de">
         <name>.data:$O1$$</name>
         <load_address>0x20000114</load_address>
         <run_address>0x20000114</run_address>
         <size>0x8</size>
         <input_file_ref idref="fl-da"/>
      </object_component>
      <object_component id="oc-fa">
         <name>.common:message_id</name>
         <uninitialized>true</uninitialized>
         <run_address>0x200000a4</run_address>
         <size>0x8</size>
      </object_component>
      <object_component id="oc-a4">
         <name>.common:NMEA_GPRMC_string</name>
         <uninitialized>true</uninitialized>
         <run_address>0x20000000</run_address>
         <size>0x64</size>
      </object_component>
      <object_component id="oc-a7">
         <name>.common:current_info</name>
         <uninitialized>true</uninitialized>
         <run_address>0x20000088</run_address>
         <size>0x1c</size>
      </object_component>
      <object_component id="oc-a8">
         <name>.common:location_info</name>
         <uninitialized>true</uninitialized>
         <run_address>0x20000068</run_address>
         <size>0x20</size>
      </object_component>
      <object_component id="oc-2b">
         <name>.stack</name>
         <uninitialized>true</uninitialized>
         <run_address>0x2000fe00</run_address>
         <size>0x0</size>
         <input_file_ref idref="fl-c3"/>
      </object_component>
      <object_component id="oc-267">
         <name>.stack</name>
         <uninitialized>true</uninitialized>
         <run_address>0x2000fe00</run_address>
         <size>0x0</size>
      </object_component>
      <object_component id="oc-fb">
         <name>.debug_info</name>
         <load_address>0x0</load_address>
         <run_address>0x0</run_address>
         <size>0x4a7</size>
         <input_file_ref idref="fl-2"/>
      </object_component>
      <object_component id="oc-f8">
         <name>.debug_info</name>
         <load_address>0x4a7</load_address>
         <run_address>0x4a7</run_address>
         <size>0x326</size>
         <input_file_ref idref="fl-2"/>
      </object_component>
      <object_component id="oc-100">
         <name>.debug_info</name>
         <load_address>0x7cd</load_address>
         <run_address>0x7cd</run_address>
         <size>0xd3</size>
         <input_file_ref idref="fl-2"/>
      </object_component>
      <object_component id="oc-90">
         <name>.debug_info</name>
         <load_address>0x8a0</load_address>
         <run_address>0x8a0</run_address>
         <size>0x330</size>
         <input_file_ref idref="fl-2"/>
      </object_component>
      <object_component id="oc-146">
         <name>.debug_info</name>
         <load_address>0xbd0</load_address>
         <run_address>0xbd0</run_address>
         <size>0x103e</size>
         <input_file_ref idref="fl-2"/>
      </object_component>
      <object_component id="oc-ec">
         <name>.debug_info</name>
         <load_address>0x1c0e</load_address>
         <run_address>0x1c0e</run_address>
         <size>0x36f2</size>
         <input_file_ref idref="fl-2"/>
      </object_component>
      <object_component id="oc-103">
         <name>.debug_info</name>
         <load_address>0x5300</load_address>
         <run_address>0x5300</run_address>
         <size>0x12f</size>
         <input_file_ref idref="fl-2"/>
      </object_component>
      <object_component id="oc-aa">
         <name>.debug_info</name>
         <load_address>0x542f</load_address>
         <run_address>0x542f</run_address>
         <size>0x84</size>
         <input_file_ref idref="fl-2"/>
      </object_component>
      <object_component id="oc-af">
         <name>.debug_info</name>
         <load_address>0x54b3</load_address>
         <run_address>0x54b3</run_address>
         <size>0x18b</size>
         <input_file_ref idref="fl-2"/>
      </object_component>
      <object_component id="oc-140">
         <name>.debug_info</name>
         <load_address>0x563e</load_address>
         <run_address>0x563e</run_address>
         <size>0x1a0</size>
         <input_file_ref idref="fl-3"/>
      </object_component>
      <object_component id="oc-97">
         <name>.debug_info</name>
         <load_address>0x57de</load_address>
         <run_address>0x57de</run_address>
         <size>0xa14</size>
         <input_file_ref idref="fl-3"/>
      </object_component>
      <object_component id="oc-14b">
         <name>.debug_info</name>
         <load_address>0x61f2</load_address>
         <run_address>0x61f2</run_address>
         <size>0x9e</size>
         <input_file_ref idref="fl-3"/>
      </object_component>
      <object_component id="oc-fd">
         <name>.debug_info</name>
         <load_address>0x6290</load_address>
         <run_address>0x6290</run_address>
         <size>0x1ce</size>
         <input_file_ref idref="fl-4"/>
      </object_component>
      <object_component id="oc-179">
         <name>.debug_info</name>
         <load_address>0x645e</load_address>
         <run_address>0x645e</run_address>
         <size>0xd3</size>
         <input_file_ref idref="fl-4"/>
      </object_component>
      <object_component id="oc-17c">
         <name>.debug_info</name>
         <load_address>0x6531</load_address>
         <run_address>0x6531</run_address>
         <size>0xd3</size>
         <input_file_ref idref="fl-4"/>
      </object_component>
      <object_component id="oc-17f">
         <name>.debug_info</name>
         <load_address>0x6604</load_address>
         <run_address>0x6604</run_address>
         <size>0xd3</size>
         <input_file_ref idref="fl-4"/>
      </object_component>
      <object_component id="oc-182">
         <name>.debug_info</name>
         <load_address>0x66d7</load_address>
         <run_address>0x66d7</run_address>
         <size>0xd3</size>
         <input_file_ref idref="fl-4"/>
      </object_component>
      <object_component id="oc-185">
         <name>.debug_info</name>
         <load_address>0x67aa</load_address>
         <run_address>0x67aa</run_address>
         <size>0xd3</size>
         <input_file_ref idref="fl-4"/>
      </object_component>
      <object_component id="oc-f2">
         <name>.debug_info</name>
         <load_address>0x687d</load_address>
         <run_address>0x687d</run_address>
         <size>0x5bd</size>
         <input_file_ref idref="fl-4"/>
      </object_component>
      <object_component id="oc-a5">
         <name>.debug_info</name>
         <load_address>0x6e3a</load_address>
         <run_address>0x6e3a</run_address>
         <size>0x7b6</size>
         <input_file_ref idref="fl-5"/>
      </object_component>
      <object_component id="oc-a2">
         <name>.debug_info</name>
         <load_address>0x75f0</load_address>
         <run_address>0x75f0</run_address>
         <size>0x236</size>
         <input_file_ref idref="fl-5"/>
      </object_component>
      <object_component id="oc-33">
         <name>.debug_info</name>
         <load_address>0x7826</load_address>
         <run_address>0x7826</run_address>
         <size>0x3e2</size>
         <input_file_ref idref="fl-5"/>
      </object_component>
      <object_component id="oc-9d">
         <name>.debug_info</name>
         <load_address>0x7c08</load_address>
         <run_address>0x7c08</run_address>
         <size>0x3ce</size>
         <input_file_ref idref="fl-6"/>
      </object_component>
      <object_component id="oc-3a">
         <name>.debug_info</name>
         <load_address>0x7fd6</load_address>
         <run_address>0x7fd6</run_address>
         <size>0x11f</size>
         <input_file_ref idref="fl-7"/>
      </object_component>
      <object_component id="oc-11">
         <name>.debug_info</name>
         <load_address>0x80f5</load_address>
         <run_address>0x80f5</run_address>
         <size>0xf7</size>
         <input_file_ref idref="fl-7"/>
      </object_component>
      <object_component id="oc-30">
         <name>.debug_info</name>
         <load_address>0x81ec</load_address>
         <run_address>0x81ec</run_address>
         <size>0x1be</size>
         <input_file_ref idref="fl-7"/>
      </object_component>
      <object_component id="oc-e7">
         <name>.debug_info</name>
         <load_address>0x83aa</load_address>
         <run_address>0x83aa</run_address>
         <size>0xf0</size>
         <input_file_ref idref="fl-8"/>
      </object_component>
      <object_component id="oc-86">
         <name>.debug_info</name>
         <load_address>0x849a</load_address>
         <run_address>0x849a</run_address>
         <size>0x262</size>
         <input_file_ref idref="fl-8"/>
      </object_component>
      <object_component id="oc-eb">
         <name>.debug_info</name>
         <load_address>0x86fc</load_address>
         <run_address>0x86fc</run_address>
         <size>0x385</size>
         <input_file_ref idref="fl-9"/>
      </object_component>
      <object_component id="oc-8c">
         <name>.debug_info</name>
         <load_address>0x8a81</load_address>
         <run_address>0x8a81</run_address>
         <size>0x39d</size>
         <input_file_ref idref="fl-9"/>
      </object_component>
      <object_component id="oc-28">
         <name>.debug_info</name>
         <load_address>0x8e1e</load_address>
         <run_address>0x8e1e</run_address>
         <size>0x17c</size>
         <input_file_ref idref="fl-c3"/>
      </object_component>
      <object_component id="oc-46">
         <name>.debug_info</name>
         <load_address>0x8f9a</load_address>
         <run_address>0x8f9a</run_address>
         <size>0x15c</size>
         <input_file_ref idref="fl-c4"/>
      </object_component>
      <object_component id="oc-15">
         <name>.debug_info</name>
         <load_address>0x90f6</load_address>
         <run_address>0x90f6</run_address>
         <size>0x1fb</size>
         <input_file_ref idref="fl-c4"/>
      </object_component>
      <object_component id="oc-41">
         <name>.debug_info</name>
         <load_address>0x92f1</load_address>
         <run_address>0x92f1</run_address>
         <size>0x46</size>
         <input_file_ref idref="fl-c4"/>
      </object_component>
      <object_component id="oc-b7">
         <name>.debug_info</name>
         <load_address>0x9337</load_address>
         <run_address>0x9337</run_address>
         <size>0x2c</size>
         <input_file_ref idref="fl-c4"/>
      </object_component>
      <object_component id="oc-4e">
         <name>.debug_info</name>
         <load_address>0x9363</load_address>
         <run_address>0x9363</run_address>
         <size>0x150</size>
         <input_file_ref idref="fl-c5"/>
      </object_component>
      <object_component id="oc-48">
         <name>.debug_info</name>
         <load_address>0x94b3</load_address>
         <run_address>0x94b3</run_address>
         <size>0x263</size>
         <input_file_ref idref="fl-c5"/>
      </object_component>
      <object_component id="oc-1a">
         <name>.debug_info</name>
         <load_address>0x9716</load_address>
         <run_address>0x9716</run_address>
         <size>0x1cd</size>
         <input_file_ref idref="fl-c5"/>
      </object_component>
      <object_component id="oc-4f">
         <name>.debug_info</name>
         <load_address>0x98e3</load_address>
         <run_address>0x98e3</run_address>
         <size>0x39</size>
         <input_file_ref idref="fl-c5"/>
      </object_component>
      <object_component id="oc-c1">
         <name>.debug_info</name>
         <load_address>0x991c</load_address>
         <run_address>0x991c</run_address>
         <size>0x2c</size>
         <input_file_ref idref="fl-c5"/>
      </object_component>
      <object_component id="oc-1cd">
         <name>.debug_info</name>
         <load_address>0x9948</load_address>
         <run_address>0x9948</run_address>
         <size>0x1a3</size>
         <input_file_ref idref="fl-c7"/>
      </object_component>
      <object_component id="oc-12a">
         <name>.debug_info</name>
         <load_address>0x9aeb</load_address>
         <run_address>0x9aeb</run_address>
         <size>0x69d</size>
         <input_file_ref idref="fl-c7"/>
      </object_component>
      <object_component id="oc-1b6">
         <name>.debug_info</name>
         <load_address>0xa188</load_address>
         <run_address>0xa188</run_address>
         <size>0x39</size>
         <input_file_ref idref="fl-c7"/>
      </object_component>
      <object_component id="oc-214">
         <name>.debug_info</name>
         <load_address>0xa1c1</load_address>
         <run_address>0xa1c1</run_address>
         <size>0x165</size>
         <input_file_ref idref="fl-c8"/>
      </object_component>
      <object_component id="oc-1c1">
         <name>.debug_info</name>
         <load_address>0xa326</load_address>
         <run_address>0xa326</run_address>
         <size>0x25c</size>
         <input_file_ref idref="fl-c8"/>
      </object_component>
      <object_component id="oc-1ca">
         <name>.debug_info</name>
         <load_address>0xa582</load_address>
         <run_address>0xa582</run_address>
         <size>0x10f</size>
         <input_file_ref idref="fl-c9"/>
      </object_component>
      <object_component id="oc-e2">
         <name>.debug_info</name>
         <load_address>0xa691</load_address>
         <run_address>0xa691</run_address>
         <size>0x250</size>
         <input_file_ref idref="fl-ca"/>
      </object_component>
      <object_component id="oc-dc">
         <name>.debug_info</name>
         <load_address>0xa8e1</load_address>
         <run_address>0xa8e1</run_address>
         <size>0x1a1</size>
         <input_file_ref idref="fl-ca"/>
      </object_component>
      <object_component id="oc-7a">
         <name>.debug_info</name>
         <load_address>0xaa82</load_address>
         <run_address>0xaa82</run_address>
         <size>0x230</size>
         <input_file_ref idref="fl-ca"/>
      </object_component>
      <object_component id="oc-10e">
         <name>.debug_info</name>
         <load_address>0xacb2</load_address>
         <run_address>0xacb2</run_address>
         <size>0x160</size>
         <input_file_ref idref="fl-cb"/>
      </object_component>
      <object_component id="oc-1a5">
         <name>.debug_info</name>
         <load_address>0xae12</load_address>
         <run_address>0xae12</run_address>
         <size>0x13c</size>
         <input_file_ref idref="fl-cc"/>
      </object_component>
      <object_component id="oc-1c6">
         <name>.debug_info</name>
         <load_address>0xaf4e</load_address>
         <run_address>0xaf4e</run_address>
         <size>0x13e</size>
         <input_file_ref idref="fl-cc"/>
      </object_component>
      <object_component id="oc-118">
         <name>.debug_info</name>
         <load_address>0xb08c</load_address>
         <run_address>0xb08c</run_address>
         <size>0x14e</size>
         <input_file_ref idref="fl-cd"/>
      </object_component>
      <object_component id="oc-115">
         <name>.debug_info</name>
         <load_address>0xb1da</load_address>
         <run_address>0xb1da</run_address>
         <size>0x14e</size>
         <input_file_ref idref="fl-ce"/>
      </object_component>
      <object_component id="oc-13d">
         <name>.debug_info</name>
         <load_address>0xb328</load_address>
         <run_address>0xb328</run_address>
         <size>0x14d</size>
         <input_file_ref idref="fl-cf"/>
      </object_component>
      <object_component id="oc-3d">
         <name>.debug_info</name>
         <load_address>0xb475</load_address>
         <run_address>0xb475</run_address>
         <size>0x12d</size>
         <input_file_ref idref="fl-d0"/>
      </object_component>
      <object_component id="oc-56">
         <name>.debug_info</name>
         <load_address>0xb5a2</load_address>
         <run_address>0xb5a2</run_address>
         <size>0x15b</size>
         <input_file_ref idref="fl-d1"/>
      </object_component>
      <object_component id="oc-61">
         <name>.debug_info</name>
         <load_address>0xb6fd</load_address>
         <run_address>0xb6fd</run_address>
         <size>0x154</size>
         <input_file_ref idref="fl-d2"/>
      </object_component>
      <object_component id="oc-67">
         <name>.debug_info</name>
         <load_address>0xb851</load_address>
         <run_address>0xb851</run_address>
         <size>0x164</size>
         <input_file_ref idref="fl-d3"/>
      </object_component>
      <object_component id="oc-223">
         <name>.debug_info</name>
         <load_address>0xb9b5</load_address>
         <run_address>0xb9b5</run_address>
         <size>0x1b5</size>
         <input_file_ref idref="fl-d4"/>
      </object_component>
      <object_component id="oc-1d7">
         <name>.debug_info</name>
         <load_address>0xbb6a</load_address>
         <run_address>0xbb6a</run_address>
         <size>0x142</size>
         <input_file_ref idref="fl-d4"/>
      </object_component>
      <object_component id="oc-135">
         <name>.debug_info</name>
         <load_address>0xbcac</load_address>
         <run_address>0xbcac</run_address>
         <size>0x4bd</size>
         <input_file_ref idref="fl-d4"/>
      </object_component>
      <object_component id="oc-1bd">
         <name>.debug_info</name>
         <load_address>0xc169</load_address>
         <run_address>0xc169</run_address>
         <size>0x227</size>
         <input_file_ref idref="fl-d5"/>
      </object_component>
      <object_component id="oc-123">
         <name>.debug_info</name>
         <load_address>0xc390</load_address>
         <run_address>0xc390</run_address>
         <size>0x7ab</size>
         <input_file_ref idref="fl-d5"/>
      </object_component>
      <object_component id="oc-1bb">
         <name>.debug_info</name>
         <load_address>0xcb3b</load_address>
         <run_address>0xcb3b</run_address>
         <size>0x282</size>
         <input_file_ref idref="fl-d6"/>
      </object_component>
      <object_component id="oc-11e">
         <name>.debug_info</name>
         <load_address>0xcdbd</load_address>
         <run_address>0xcdbd</run_address>
         <size>0x7a6</size>
         <input_file_ref idref="fl-d6"/>
      </object_component>
      <object_component id="oc-1d5">
         <name>.debug_info</name>
         <load_address>0xd563</load_address>
         <run_address>0xd563</run_address>
         <size>0x20a</size>
         <input_file_ref idref="fl-d7"/>
      </object_component>
      <object_component id="oc-130">
         <name>.debug_info</name>
         <load_address>0xd76d</load_address>
         <run_address>0xd76d</run_address>
         <size>0x5cb</size>
         <input_file_ref idref="fl-d7"/>
      </object_component>
      <object_component id="oc-7f">
         <name>.debug_info</name>
         <load_address>0xdd38</load_address>
         <run_address>0xdd38</run_address>
         <size>0x125</size>
         <input_file_ref idref="fl-d8"/>
      </object_component>
      <object_component id="oc-109">
         <name>.debug_info</name>
         <load_address>0xde5d</load_address>
         <run_address>0xde5d</run_address>
         <size>0x142</size>
         <input_file_ref idref="fl-d9"/>
      </object_component>
      <object_component id="oc-170">
         <name>.debug_info</name>
         <load_address>0xdf9f</load_address>
         <run_address>0xdf9f</run_address>
         <size>0x140</size>
         <input_file_ref idref="fl-da"/>
      </object_component>
      <object_component id="oc-df">
         <name>.debug_info</name>
         <load_address>0xe0df</load_address>
         <run_address>0xe0df</run_address>
         <size>0x12f</size>
         <input_file_ref idref="fl-da"/>
      </object_component>
      <object_component id="oc-169">
         <name>.debug_info</name>
         <load_address>0xe20e</load_address>
         <run_address>0xe20e</run_address>
         <size>0x23b</size>
         <input_file_ref idref="fl-da"/>
      </object_component>
      <object_component id="oc-da">
         <name>.debug_info</name>
         <load_address>0xe449</load_address>
         <run_address>0xe449</run_address>
         <size>0x182</size>
         <input_file_ref idref="fl-db"/>
      </object_component>
      <object_component id="oc-75">
         <name>.debug_info</name>
         <load_address>0xe5cb</load_address>
         <run_address>0xe5cb</run_address>
         <size>0x183</size>
         <input_file_ref idref="fl-db"/>
      </object_component>
      <object_component id="oc-161">
         <name>.debug_info</name>
         <load_address>0xe74e</load_address>
         <run_address>0xe74e</run_address>
         <size>0x5e</size>
         <input_file_ref idref="fl-db"/>
      </object_component>
      <object_component id="oc-d8">
         <name>.debug_info</name>
         <load_address>0xe7ac</load_address>
         <run_address>0xe7ac</run_address>
         <size>0x305</size>
         <input_file_ref idref="fl-dc"/>
      </object_component>
      <object_component id="oc-6d">
         <name>.debug_info</name>
         <load_address>0xeab1</load_address>
         <run_address>0xeab1</run_address>
         <size>0x1ac</size>
         <input_file_ref idref="fl-dc"/>
      </object_component>
      <object_component id="oc-155">
         <name>.debug_info</name>
         <load_address>0xec5d</load_address>
         <run_address>0xec5d</run_address>
         <size>0x39</size>
         <input_file_ref idref="fl-dc"/>
      </object_component>
      <object_component id="oc-15a">
         <name>.debug_info</name>
         <load_address>0xec96</load_address>
         <run_address>0xec96</run_address>
         <size>0xcd</size>
         <input_file_ref idref="fl-dc"/>
      </object_component>
      <object_component id="oc-151">
         <name>.debug_info</name>
         <load_address>0xed63</load_address>
         <run_address>0xed63</run_address>
         <size>0x1fc</size>
         <input_file_ref idref="fl-dd"/>
      </object_component>
      <object_component id="oc-cd">
         <name>.debug_info</name>
         <load_address>0xef5f</load_address>
         <run_address>0xef5f</run_address>
         <size>0x19f</size>
         <input_file_ref idref="fl-dd"/>
      </object_component>
      <object_component id="oc-1df">
         <name>.debug_info</name>
         <load_address>0xf0fe</load_address>
         <run_address>0xf0fe</run_address>
         <size>0x2c</size>
         <input_file_ref idref="fl-dd"/>
      </object_component>
      <object_component id="oc-195">
         <name>.debug_info</name>
         <load_address>0xf12a</load_address>
         <run_address>0xf12a</run_address>
         <size>0x142</size>
         <input_file_ref idref="fl-de"/>
      </object_component>
      <object_component id="oc-1a0">
         <name>.debug_info</name>
         <load_address>0xf26c</load_address>
         <run_address>0xf26c</run_address>
         <size>0x140</size>
         <input_file_ref idref="fl-df"/>
      </object_component>
      <object_component id="oc-20e">
         <name>.debug_info</name>
         <load_address>0xf3ac</load_address>
         <run_address>0xf3ac</run_address>
         <size>0xfa</size>
         <input_file_ref idref="fl-e0"/>
      </object_component>
      <object_component id="oc-1b0">
         <name>.debug_info</name>
         <load_address>0xf4a6</load_address>
         <run_address>0xf4a6</run_address>
         <size>0x338</size>
         <input_file_ref idref="fl-e0"/>
      </object_component>
      <object_component id="oc-206">
         <name>.debug_info</name>
         <load_address>0xf7de</load_address>
         <run_address>0xf7de</run_address>
         <size>0x21c</size>
         <input_file_ref idref="fl-e1"/>
      </object_component>
      <object_component id="oc-203">
         <name>.debug_info</name>
         <load_address>0xf9fa</load_address>
         <run_address>0xf9fa</run_address>
         <size>0x14b</size>
         <input_file_ref idref="fl-e1"/>
      </object_component>
      <object_component id="oc-1aa">
         <name>.debug_info</name>
         <load_address>0xfb45</load_address>
         <run_address>0xfb45</run_address>
         <size>0x742</size>
         <input_file_ref idref="fl-e1"/>
      </object_component>
      <object_component id="oc-208">
         <name>.debug_info</name>
         <load_address>0x10287</load_address>
         <run_address>0x10287</run_address>
         <size>0x2c</size>
         <input_file_ref idref="fl-e1"/>
      </object_component>
      <object_component id="oc-1f3">
         <name>.debug_info</name>
         <load_address>0x102b3</load_address>
         <run_address>0x102b3</run_address>
         <size>0xff</size>
         <input_file_ref idref="fl-e2"/>
      </object_component>
      <object_component id="oc-19c">
         <name>.debug_info</name>
         <load_address>0x103b2</load_address>
         <run_address>0x103b2</run_address>
         <size>0x391</size>
         <input_file_ref idref="fl-e2"/>
      </object_component>
      <object_component id="oc-21e">
         <name>.debug_info</name>
         <load_address>0x10743</load_address>
         <run_address>0x10743</run_address>
         <size>0x148</size>
         <input_file_ref idref="fl-e3"/>
      </object_component>
      <object_component id="oc-21b">
         <name>.debug_info</name>
         <load_address>0x1088b</load_address>
         <run_address>0x1088b</run_address>
         <size>0x10b</size>
         <input_file_ref idref="fl-e3"/>
      </object_component>
      <object_component id="oc-1d1">
         <name>.debug_info</name>
         <load_address>0x10996</load_address>
         <run_address>0x10996</run_address>
         <size>0x5e0</size>
         <input_file_ref idref="fl-e3"/>
      </object_component>
      <object_component id="oc-230">
         <name>.debug_info</name>
         <load_address>0x10f76</load_address>
         <run_address>0x10f76</run_address>
         <size>0x150</size>
         <input_file_ref idref="fl-e4"/>
      </object_component>
      <object_component id="oc-1ff">
         <name>.debug_info</name>
         <load_address>0x110c6</load_address>
         <run_address>0x110c6</run_address>
         <size>0x23b</size>
         <input_file_ref idref="fl-e4"/>
      </object_component>
      <object_component id="oc-22e">
         <name>.debug_info</name>
         <load_address>0x11301</load_address>
         <run_address>0x11301</run_address>
         <size>0x198</size>
         <input_file_ref idref="fl-e5"/>
      </object_component>
      <object_component id="oc-1f7">
         <name>.debug_info</name>
         <load_address>0x11499</load_address>
         <run_address>0x11499</run_address>
         <size>0x1f1</size>
         <input_file_ref idref="fl-e5"/>
      </object_component>
      <object_component id="oc-d2">
         <name>.debug_info</name>
         <load_address>0x1168a</load_address>
         <run_address>0x1168a</run_address>
         <size>0x161</size>
         <input_file_ref idref="fl-e6"/>
      </object_component>
      <object_component id="oc-22a">
         <name>.debug_info</name>
         <load_address>0x117eb</load_address>
         <run_address>0x117eb</run_address>
         <size>0x172</size>
         <input_file_ref idref="fl-e7"/>
      </object_component>
      <object_component id="oc-268">
         <name>.debug_info</name>
         <load_address>0x1195d</load_address>
         <run_address>0x1195d</run_address>
         <size>0xa6</size>
      </object_component>
      <object_component id="oc-18b">
         <name>.debug_line</name>
         <load_address>0x0</load_address>
         <run_address>0x0</run_address>
         <size>0x3b</size>
         <input_file_ref idref="fl-2"/>
      </object_component>
      <object_component id="oc-189">
         <name>.debug_line</name>
         <load_address>0x3b</load_address>
         <run_address>0x3b</run_address>
         <size>0x2c</size>
         <input_file_ref idref="fl-2"/>
      </object_component>
      <object_component id="oc-18f">
         <name>.debug_line</name>
         <load_address>0x67</load_address>
         <run_address>0x67</run_address>
         <size>0x2c</size>
         <input_file_ref idref="fl-2"/>
      </object_component>
      <object_component id="oc-93">
         <name>.debug_line</name>
         <load_address>0x93</load_address>
         <run_address>0x93</run_address>
         <size>0x162</size>
         <input_file_ref idref="fl-2"/>
      </object_component>
      <object_component id="oc-149">
         <name>.debug_line</name>
         <load_address>0x1f5</load_address>
         <run_address>0x1f5</run_address>
         <size>0x55</size>
         <input_file_ref idref="fl-2"/>
      </object_component>
      <object_component id="oc-ef">
         <name>.debug_line</name>
         <load_address>0x24a</load_address>
         <run_address>0x24a</run_address>
         <size>0x52</size>
         <input_file_ref idref="fl-2"/>
      </object_component>
      <object_component id="oc-106">
         <name>.debug_line</name>
         <load_address>0x29c</load_address>
         <run_address>0x29c</run_address>
         <size>0x2c</size>
         <input_file_ref idref="fl-2"/>
      </object_component>
      <object_component id="oc-ad">
         <name>.debug_line</name>
         <load_address>0x2c8</load_address>
         <run_address>0x2c8</run_address>
         <size>0x20</size>
         <input_file_ref idref="fl-2"/>
      </object_component>
      <object_component id="oc-b2">
         <name>.debug_line</name>
         <load_address>0x2e8</load_address>
         <run_address>0x2e8</run_address>
         <size>0x66</size>
         <input_file_ref idref="fl-2"/>
      </object_component>
      <object_component id="oc-1dc">
         <name>.debug_line</name>
         <load_address>0x34e</load_address>
         <run_address>0x34e</run_address>
         <size>0x64</size>
         <input_file_ref idref="fl-3"/>
      </object_component>
      <object_component id="oc-96">
         <name>.debug_line</name>
         <load_address>0x3b2</load_address>
         <run_address>0x3b2</run_address>
         <size>0xe9</size>
         <input_file_ref idref="fl-3"/>
      </object_component>
      <object_component id="oc-14e">
         <name>.debug_line</name>
         <load_address>0x49b</load_address>
         <run_address>0x49b</run_address>
         <size>0x30</size>
         <input_file_ref idref="fl-3"/>
      </object_component>
      <object_component id="oc-18d">
         <name>.debug_line</name>
         <load_address>0x4cb</load_address>
         <run_address>0x4cb</run_address>
         <size>0x39</size>
         <input_file_ref idref="fl-4"/>
      </object_component>
      <object_component id="oc-1e8">
         <name>.debug_line</name>
         <load_address>0x504</load_address>
         <run_address>0x504</run_address>
         <size>0x2f</size>
         <input_file_ref idref="fl-4"/>
      </object_component>
      <object_component id="oc-1ea">
         <name>.debug_line</name>
         <load_address>0x533</load_address>
         <run_address>0x533</run_address>
         <size>0x2f</size>
         <input_file_ref idref="fl-4"/>
      </object_component>
      <object_component id="oc-1ec">
         <name>.debug_line</name>
         <load_address>0x562</load_address>
         <run_address>0x562</run_address>
         <size>0x2f</size>
         <input_file_ref idref="fl-4"/>
      </object_component>
      <object_component id="oc-1ee">
         <name>.debug_line</name>
         <load_address>0x591</load_address>
         <run_address>0x591</run_address>
         <size>0x2f</size>
         <input_file_ref idref="fl-4"/>
      </object_component>
      <object_component id="oc-1f0">
         <name>.debug_line</name>
         <load_address>0x5c0</load_address>
         <run_address>0x5c0</run_address>
         <size>0x2f</size>
         <input_file_ref idref="fl-4"/>
      </object_component>
      <object_component id="oc-f5">
         <name>.debug_line</name>
         <load_address>0x5ef</load_address>
         <run_address>0x5ef</run_address>
         <size>0xcb</size>
         <input_file_ref idref="fl-4"/>
      </object_component>
      <object_component id="oc-145">
         <name>.debug_line</name>
         <load_address>0x6ba</load_address>
         <run_address>0x6ba</run_address>
         <size>0x64</size>
         <input_file_ref idref="fl-5"/>
      </object_component>
      <object_component id="oc-143">
         <name>.debug_line</name>
         <load_address>0x71e</load_address>
         <run_address>0x71e</run_address>
         <size>0x2d</size>
         <input_file_ref idref="fl-5"/>
      </object_component>
      <object_component id="oc-36">
         <name>.debug_line</name>
         <load_address>0x74b</load_address>
         <run_address>0x74b</run_address>
         <size>0x147</size>
         <input_file_ref idref="fl-5"/>
      </object_component>
      <object_component id="oc-a0">
         <name>.debug_line</name>
         <load_address>0x892</load_address>
         <run_address>0x892</run_address>
         <size>0x151</size>
         <input_file_ref idref="fl-6"/>
      </object_component>
      <object_component id="oc-b5">
         <name>.debug_line</name>
         <load_address>0x9e3</load_address>
         <run_address>0x9e3</run_address>
         <size>0x40</size>
         <input_file_ref idref="fl-7"/>
      </object_component>
      <object_component id="oc-39">
         <name>.debug_line</name>
         <load_address>0xa23</load_address>
         <run_address>0xa23</run_address>
         <size>0x40</size>
         <input_file_ref idref="fl-7"/>
      </object_component>
      <object_component id="oc-2d">
         <name>.debug_line</name>
         <load_address>0xa63</load_address>
         <run_address>0xa63</run_address>
         <size>0x71</size>
         <input_file_ref idref="fl-7"/>
      </object_component>
      <object_component id="oc-175">
         <name>.debug_line</name>
         <load_address>0xad4</load_address>
         <run_address>0xad4</run_address>
         <size>0x3b</size>
         <input_file_ref idref="fl-8"/>
      </object_component>
      <object_component id="oc-85">
         <name>.debug_line</name>
         <load_address>0xb0f</load_address>
         <run_address>0xb0f</run_address>
         <size>0x146</size>
         <input_file_ref idref="fl-8"/>
      </object_component>
      <object_component id="oc-177">
         <name>.debug_line</name>
         <load_address>0xc55</load_address>
         <run_address>0xc55</run_address>
         <size>0x20</size>
         <input_file_ref idref="fl-9"/>
      </object_component>
      <object_component id="oc-8e">
         <name>.debug_line</name>
         <load_address>0xc75</load_address>
         <run_address>0xc75</run_address>
         <size>0x124</size>
         <input_file_ref idref="fl-9"/>
      </object_component>
      <object_component id="oc-26">
         <name>.debug_line</name>
         <load_address>0xd99</load_address>
         <run_address>0xd99</run_address>
         <size>0x53</size>
         <input_file_ref idref="fl-c3"/>
      </object_component>
      <object_component id="oc-bd">
         <name>.debug_line</name>
         <load_address>0xdec</load_address>
         <run_address>0xdec</run_address>
         <size>0xa5</size>
         <input_file_ref idref="fl-c4"/>
      </object_component>
      <object_component id="oc-18">
         <name>.debug_line</name>
         <load_address>0xe91</load_address>
         <run_address>0xe91</run_address>
         <size>0x55</size>
         <input_file_ref idref="fl-c4"/>
      </object_component>
      <object_component id="oc-44">
         <name>.debug_line</name>
         <load_address>0xee6</load_address>
         <run_address>0xee6</run_address>
         <size>0x3a</size>
         <input_file_ref idref="fl-c4"/>
      </object_component>
      <object_component id="oc-ba">
         <name>.debug_line</name>
         <load_address>0xf20</load_address>
         <run_address>0xf20</run_address>
         <size>0xa5</size>
         <input_file_ref idref="fl-c4"/>
      </object_component>
      <object_component id="oc-c0">
         <name>.debug_line</name>
         <load_address>0xfc5</load_address>
         <run_address>0xfc5</run_address>
         <size>0xa5</size>
         <input_file_ref idref="fl-c5"/>
      </object_component>
      <object_component id="oc-4c">
         <name>.debug_line</name>
         <load_address>0x106a</load_address>
         <run_address>0x106a</run_address>
         <size>0x98</size>
         <input_file_ref idref="fl-c5"/>
      </object_component>
      <object_component id="oc-1e">
         <name>.debug_line</name>
         <load_address>0x1102</load_address>
         <run_address>0x1102</run_address>
         <size>0x4b</size>
         <input_file_ref idref="fl-c5"/>
      </object_component>
      <object_component id="oc-52">
         <name>.debug_line</name>
         <load_address>0x114d</load_address>
         <run_address>0x114d</run_address>
         <size>0x39</size>
         <input_file_ref idref="fl-c5"/>
      </object_component>
      <object_component id="oc-c4">
         <name>.debug_line</name>
         <load_address>0x1186</load_address>
         <run_address>0x1186</run_address>
         <size>0xa5</size>
         <input_file_ref idref="fl-c5"/>
      </object_component>
      <object_component id="oc-219">
         <name>.debug_line</name>
         <load_address>0x122b</load_address>
         <run_address>0x122b</run_address>
         <size>0xae</size>
         <input_file_ref idref="fl-c7"/>
      </object_component>
      <object_component id="oc-12d">
         <name>.debug_line</name>
         <load_address>0x12d9</load_address>
         <run_address>0x12d9</run_address>
         <size>0xd7</size>
         <input_file_ref idref="fl-c7"/>
      </object_component>
      <object_component id="oc-1b9">
         <name>.debug_line</name>
         <load_address>0x13b0</load_address>
         <run_address>0x13b0</run_address>
         <size>0xa5</size>
         <input_file_ref idref="fl-c7"/>
      </object_component>
      <object_component id="oc-238">
         <name>.debug_line</name>
         <load_address>0x1455</load_address>
         <run_address>0x1455</run_address>
         <size>0xa4</size>
         <input_file_ref idref="fl-c8"/>
      </object_component>
      <object_component id="oc-1c3">
         <name>.debug_line</name>
         <load_address>0x14f9</load_address>
         <run_address>0x14f9</run_address>
         <size>0x132</size>
         <input_file_ref idref="fl-c8"/>
      </object_component>
      <object_component id="oc-217">
         <name>.debug_line</name>
         <load_address>0x162b</load_address>
         <run_address>0x162b</run_address>
         <size>0x2b</size>
         <input_file_ref idref="fl-c9"/>
      </object_component>
      <object_component id="oc-173">
         <name>.debug_line</name>
         <load_address>0x1656</load_address>
         <run_address>0x1656</run_address>
         <size>0x128</size>
         <input_file_ref idref="fl-ca"/>
      </object_component>
      <object_component id="oc-167">
         <name>.debug_line</name>
         <load_address>0x177e</load_address>
         <run_address>0x177e</run_address>
         <size>0x2a</size>
         <input_file_ref idref="fl-ca"/>
      </object_component>
      <object_component id="oc-7d">
         <name>.debug_line</name>
         <load_address>0x17a8</load_address>
         <run_address>0x17a8</run_address>
         <size>0x86</size>
         <input_file_ref idref="fl-ca"/>
      </object_component>
      <object_component id="oc-111">
         <name>.debug_line</name>
         <load_address>0x182e</load_address>
         <run_address>0x182e</run_address>
         <size>0xd2</size>
         <input_file_ref idref="fl-cb"/>
      </object_component>
      <object_component id="oc-1a8">
         <name>.debug_line</name>
         <load_address>0x1900</load_address>
         <run_address>0x1900</run_address>
         <size>0x77</size>
         <input_file_ref idref="fl-cc"/>
      </object_component>
      <object_component id="oc-1c8">
         <name>.debug_line</name>
         <load_address>0x1977</load_address>
         <run_address>0x1977</run_address>
         <size>0x77</size>
         <input_file_ref idref="fl-cc"/>
      </object_component>
      <object_component id="oc-11b">
         <name>.debug_line</name>
         <load_address>0x19ee</load_address>
         <run_address>0x19ee</run_address>
         <size>0xa8</size>
         <input_file_ref idref="fl-cd"/>
      </object_component>
      <object_component id="oc-114">
         <name>.debug_line</name>
         <load_address>0x1a96</load_address>
         <run_address>0x1a96</run_address>
         <size>0x8e</size>
         <input_file_ref idref="fl-ce"/>
      </object_component>
      <object_component id="oc-13c">
         <name>.debug_line</name>
         <load_address>0x1b24</load_address>
         <run_address>0x1b24</run_address>
         <size>0x59</size>
         <input_file_ref idref="fl-cf"/>
      </object_component>
      <object_component id="oc-3f">
         <name>.debug_line</name>
         <load_address>0x1b7d</load_address>
         <run_address>0x1b7d</run_address>
         <size>0x88</size>
         <input_file_ref idref="fl-d0"/>
      </object_component>
      <object_component id="oc-55">
         <name>.debug_line</name>
         <load_address>0x1c05</load_address>
         <run_address>0x1c05</run_address>
         <size>0x79</size>
         <input_file_ref idref="fl-d1"/>
      </object_component>
      <object_component id="oc-65">
         <name>.debug_line</name>
         <load_address>0x1c7e</load_address>
         <run_address>0x1c7e</run_address>
         <size>0x3d</size>
         <input_file_ref idref="fl-d2"/>
      </object_component>
      <object_component id="oc-6b">
         <name>.debug_line</name>
         <load_address>0x1cbb</load_address>
         <run_address>0x1cbb</run_address>
         <size>0x40</size>
         <input_file_ref idref="fl-d3"/>
      </object_component>
      <object_component id="oc-23e">
         <name>.debug_line</name>
         <load_address>0x1cfb</load_address>
         <run_address>0x1cfb</run_address>
         <size>0x2a</size>
         <input_file_ref idref="fl-d4"/>
      </object_component>
      <object_component id="oc-222">
         <name>.debug_line</name>
         <load_address>0x1d25</load_address>
         <run_address>0x1d25</run_address>
         <size>0x2c</size>
         <input_file_ref idref="fl-d4"/>
      </object_component>
      <object_component id="oc-139">
         <name>.debug_line</name>
         <load_address>0x1d51</load_address>
         <run_address>0x1d51</run_address>
         <size>0xca</size>
         <input_file_ref idref="fl-d4"/>
      </object_component>
      <object_component id="oc-212">
         <name>.debug_line</name>
         <load_address>0x1e1b</load_address>
         <run_address>0x1e1b</run_address>
         <size>0x32</size>
         <input_file_ref idref="fl-d5"/>
      </object_component>
      <object_component id="oc-127">
         <name>.debug_line</name>
         <load_address>0x1e4d</load_address>
         <run_address>0x1e4d</run_address>
         <size>0x21d</size>
         <input_file_ref idref="fl-d5"/>
      </object_component>
      <object_component id="oc-210">
         <name>.debug_line</name>
         <load_address>0x206a</load_address>
         <run_address>0x206a</run_address>
         <size>0x32</size>
         <input_file_ref idref="fl-d6"/>
      </object_component>
      <object_component id="oc-121">
         <name>.debug_line</name>
         <load_address>0x209c</load_address>
         <run_address>0x209c</run_address>
         <size>0x209</size>
         <input_file_ref idref="fl-d6"/>
      </object_component>
      <object_component id="oc-220">
         <name>.debug_line</name>
         <load_address>0x22a5</load_address>
         <run_address>0x22a5</run_address>
         <size>0xb6</size>
         <input_file_ref idref="fl-d7"/>
      </object_component>
      <object_component id="oc-133">
         <name>.debug_line</name>
         <load_address>0x235b</load_address>
         <run_address>0x235b</run_address>
         <size>0x2a2</size>
         <input_file_ref idref="fl-d7"/>
      </object_component>
      <object_component id="oc-e5">
         <name>.debug_line</name>
         <load_address>0x25fd</load_address>
         <run_address>0x25fd</run_address>
         <size>0x33</size>
         <input_file_ref idref="fl-d8"/>
      </object_component>
      <object_component id="oc-10c">
         <name>.debug_line</name>
         <load_address>0x2630</load_address>
         <run_address>0x2630</run_address>
         <size>0x4c</size>
         <input_file_ref idref="fl-d9"/>
      </object_component>
      <object_component id="oc-1e6">
         <name>.debug_line</name>
         <load_address>0x267c</load_address>
         <run_address>0x267c</run_address>
         <size>0x20</size>
         <input_file_ref idref="fl-da"/>
      </object_component>
      <object_component id="oc-16f">
         <name>.debug_line</name>
         <load_address>0x269c</load_address>
         <run_address>0x269c</run_address>
         <size>0x2b</size>
         <input_file_ref idref="fl-da"/>
      </object_component>
      <object_component id="oc-16c">
         <name>.debug_line</name>
         <load_address>0x26c7</load_address>
         <run_address>0x26c7</run_address>
         <size>0x68</size>
         <input_file_ref idref="fl-da"/>
      </object_component>
      <object_component id="oc-160">
         <name>.debug_line</name>
         <load_address>0x272f</load_address>
         <run_address>0x272f</run_address>
         <size>0x2b</size>
         <input_file_ref idref="fl-db"/>
      </object_component>
      <object_component id="oc-73">
         <name>.debug_line</name>
         <load_address>0x275a</load_address>
         <run_address>0x275a</run_address>
         <size>0x50</size>
         <input_file_ref idref="fl-db"/>
      </object_component>
      <object_component id="oc-164">
         <name>.debug_line</name>
         <load_address>0x27aa</load_address>
         <run_address>0x27aa</run_address>
         <size>0x2b</size>
         <input_file_ref idref="fl-db"/>
      </object_component>
      <object_component id="oc-154">
         <name>.debug_line</name>
         <load_address>0x27d5</load_address>
         <run_address>0x27d5</run_address>
         <size>0xc4</size>
         <input_file_ref idref="fl-dc"/>
      </object_component>
      <object_component id="oc-71">
         <name>.debug_line</name>
         <load_address>0x2899</load_address>
         <run_address>0x2899</run_address>
         <size>0x8b</size>
         <input_file_ref idref="fl-dc"/>
      </object_component>
      <object_component id="oc-158">
         <name>.debug_line</name>
         <load_address>0x2924</load_address>
         <run_address>0x2924</run_address>
         <size>0x2e</size>
         <input_file_ref idref="fl-dc"/>
      </object_component>
      <object_component id="oc-15d">
         <name>.debug_line</name>
         <load_address>0x2952</load_address>
         <run_address>0x2952</run_address>
         <size>0xa6</size>
         <input_file_ref idref="fl-dc"/>
      </object_component>
      <object_component id="oc-1de">
         <name>.debug_line</name>
         <load_address>0x29f8</load_address>
         <run_address>0x29f8</run_address>
         <size>0xb3</size>
         <input_file_ref idref="fl-dd"/>
      </object_component>
      <object_component id="oc-d0">
         <name>.debug_line</name>
         <load_address>0x2aab</load_address>
         <run_address>0x2aab</run_address>
         <size>0x68</size>
         <input_file_ref idref="fl-dd"/>
      </object_component>
      <object_component id="oc-1e2">
         <name>.debug_line</name>
         <load_address>0x2b13</load_address>
         <run_address>0x2b13</run_address>
         <size>0x2e</size>
         <input_file_ref idref="fl-dd"/>
      </object_component>
      <object_component id="oc-198">
         <name>.debug_line</name>
         <load_address>0x2b41</load_address>
         <run_address>0x2b41</run_address>
         <size>0x5a</size>
         <input_file_ref idref="fl-de"/>
      </object_component>
      <object_component id="oc-1a3">
         <name>.debug_line</name>
         <load_address>0x2b9b</load_address>
         <run_address>0x2b9b</run_address>
         <size>0x50</size>
         <input_file_ref idref="fl-df"/>
      </object_component>
      <object_component id="oc-236">
         <name>.debug_line</name>
         <load_address>0x2beb</load_address>
         <run_address>0x2beb</run_address>
         <size>0x20</size>
         <input_file_ref idref="fl-e0"/>
      </object_component>
      <object_component id="oc-1b3">
         <name>.debug_line</name>
         <load_address>0x2c0b</load_address>
         <run_address>0x2c0b</run_address>
         <size>0x49</size>
         <input_file_ref idref="fl-e0"/>
      </object_component>
      <object_component id="oc-234">
         <name>.debug_line</name>
         <load_address>0x2c54</load_address>
         <run_address>0x2c54</run_address>
         <size>0x2a</size>
         <input_file_ref idref="fl-e1"/>
      </object_component>
      <object_component id="oc-232">
         <name>.debug_line</name>
         <load_address>0x2c7e</load_address>
         <run_address>0x2c7e</run_address>
         <size>0x30</size>
         <input_file_ref idref="fl-e1"/>
      </object_component>
      <object_component id="oc-1ae">
         <name>.debug_line</name>
         <load_address>0x2cae</load_address>
         <run_address>0x2cae</run_address>
         <size>0x3f8</size>
         <input_file_ref idref="fl-e1"/>
      </object_component>
      <object_component id="oc-20b">
         <name>.debug_line</name>
         <load_address>0x30a6</load_address>
         <run_address>0x30a6</run_address>
         <size>0xa5</size>
         <input_file_ref idref="fl-e1"/>
      </object_component>
      <object_component id="oc-226">
         <name>.debug_line</name>
         <load_address>0x314b</load_address>
         <run_address>0x314b</run_address>
         <size>0x20</size>
         <input_file_ref idref="fl-e2"/>
      </object_component>
      <object_component id="oc-19e">
         <name>.debug_line</name>
         <load_address>0x316b</load_address>
         <run_address>0x316b</run_address>
         <size>0x5e</size>
         <input_file_ref idref="fl-e2"/>
      </object_component>
      <object_component id="oc-23c">
         <name>.debug_line</name>
         <load_address>0x31c9</load_address>
         <run_address>0x31c9</run_address>
         <size>0x20</size>
         <input_file_ref idref="fl-e3"/>
      </object_component>
      <object_component id="oc-23a">
         <name>.debug_line</name>
         <load_address>0x31e9</load_address>
         <run_address>0x31e9</run_address>
         <size>0x2b</size>
         <input_file_ref idref="fl-e3"/>
      </object_component>
      <object_component id="oc-1cf">
         <name>.debug_line</name>
         <load_address>0x3214</load_address>
         <run_address>0x3214</run_address>
         <size>0x91</size>
         <input_file_ref idref="fl-e3"/>
      </object_component>
      <object_component id="oc-243">
         <name>.debug_line</name>
         <load_address>0x32a5</load_address>
         <run_address>0x32a5</run_address>
         <size>0x20</size>
         <input_file_ref idref="fl-e4"/>
      </object_component>
      <object_component id="oc-1fd">
         <name>.debug_line</name>
         <load_address>0x32c5</load_address>
         <run_address>0x32c5</run_address>
         <size>0xa8</size>
         <input_file_ref idref="fl-e4"/>
      </object_component>
      <object_component id="oc-241">
         <name>.debug_line</name>
         <load_address>0x336d</load_address>
         <run_address>0x336d</run_address>
         <size>0xae</size>
         <input_file_ref idref="fl-e5"/>
      </object_component>
      <object_component id="oc-1fa">
         <name>.debug_line</name>
         <load_address>0x341b</load_address>
         <run_address>0x341b</run_address>
         <size>0xa1</size>
         <input_file_ref idref="fl-e5"/>
      </object_component>
      <object_component id="oc-d5">
         <name>.debug_line</name>
         <load_address>0x34bc</load_address>
         <run_address>0x34bc</run_address>
         <size>0x3c</size>
         <input_file_ref idref="fl-e6"/>
      </object_component>
      <object_component id="oc-228">
         <name>.debug_line</name>
         <load_address>0x34f8</load_address>
         <run_address>0x34f8</run_address>
[...]
      <symbol id="sm-16d">
         <name>switch_to_azi</name>
         <value>0x20000100</value>
         <object_component_ref idref="oc-a1"/>
      </symbol>
      <symbol id="sm-16e">
         <name>begin_calculations</name>
         <value>0x200000f4</value>
         <object_component_ref idref="oc-a1"/>
      </symbol>
      <symbol id="sm-16f">
         <name>gps_on</name>
         <value>0x200000e4</value>
         <object_component_ref idref="oc-a1"/>
      </symbol>
      <symbol id="sm-18b">
         <name>start_azi_motor</name>
         <value>0x3aed</value>
         <object_component_ref idref="oc-9b"/>
      </symbol>
      <symbol id="sm-18c">
         <name>stop_alt_motor</name>
         <value>0x3acd</value>
         <object_component_ref idref="oc-9b"/>
      </symbol>
      <symbol id="sm-18d">
         <name>toggle_laser</name>
         <value>0x3b23</value>
         <object_component_ref idref="oc-9b"/>
      </symbol>
      <symbol id="sm-18e">
         <name>stop_azi_motor</name>
         <value>0x3b0d</value>
         <object_component_ref idref="oc-9b"/>
      </symbol>
      <symbol id="sm-18f">
         <name>start_alt_motor</name>
         <value>0x3aad</value>
         <object_component_ref idref="oc-9b"/>
      </symbol>
      <symbol id="sm-190">
         <name>configure_timer</name>
         <value>0x3a25</value>
         <object_component_ref idref="oc-9b"/>
      </symbol>
      <symbol id="sm-191">
         <name>configure_pins</name>
         <value>0x3a47</value>
         <object_component_ref idref="oc-9b"/>
      </symbol>
      <symbol id="sm-1a6">
         <name>Reset_Handler</name>
         <value>0x45bf</value>
         <object_component_ref idref="oc-2c"/>
      </symbol>
      <symbol id="sm-1a7">
         <name>Default_Handler</name>
         <value>0x45cb</value>
         <object_component_ref idref="oc-2c"/>
      </symbol>
      <symbol id="sm-1a8">
         <name>interruptVectors</name>
         <value>0x0</value>
         <object_component_ref idref="oc-10"/>
      </symbol>
      <symbol id="sm-1ef">
         <name>SystemInit</name>
         <value>0x2b09</value>
         <object_component_ref idref="oc-82"/>
      </symbol>
      <symbol id="sm-1f0">
         <name>SystemCoreClockUpdate</name>
         <value>0x2895</value>
         <object_component_ref idref="oc-82"/>
      </symbol>
      <symbol id="sm-1f1">
         <name>SystemCoreClock</name>
         <value>0x2000012c</value>
         <object_component_ref idref="oc-e6"/>
      </symbol>
      <symbol id="sm-218">
         <name>uart_putchar_n</name>
         <value>0x3389</value>
         <object_component_ref idref="oc-89"/>
      </symbol>
      <symbol id="sm-219">
         <name>uart_putchar</name>
         <value>0x336d</value>
         <object_component_ref idref="oc-89"/>
      </symbol>
      <symbol id="sm-21a">
         <name>configure_serial_port2</name>
         <value>0x32ad</value>
         <object_component_ref idref="oc-89"/>
      </symbol>
      <symbol id="sm-21b">
         <name>configure_serial_port0</name>
         <value>0x31ed</value>
         <object_component_ref idref="oc-89"/>
      </symbol>
      <symbol id="sm-22c">
         <name>_c_int00</name>
         <value>0x43a1</value>
         <object_component_ref idref="oc-25"/>
      </symbol>
      <symbol id="sm-22d">
         <name>__stack</name>
         <value>0x2000fe00</value>
         <object_component_ref idref="oc-2b"/>
      </symbol>
      <symbol id="sm-244">
         <name>__TI_decompress_none</name>
         <value>0x45b1</value>
         <object_component_ref idref="oc-13"/>
      </symbol>
      <symbol id="sm-26c">
         <name>__TI_decompress_rle24</name>
         <value>0x45cd</value>
         <object_component_ref idref="oc-19"/>
      </symbol>
      <symbol id="sm-2a8">
         <name>asinl</name>
         <value>0x1d6d</value>
         <object_component_ref idref="oc-128"/>
      </symbol>
      <symbol id="sm-2a9">
         <name>asin</name>
         <value>0x1d6d</value>
         <object_component_ref idref="oc-128"/>
      </symbol>
      <symbol id="sm-2cd">
         <name>sqrtl</name>
         <value>0x3725</value>
         <object_component_ref idref="oc-1be"/>
      </symbol>
      <symbol id="sm-2ce">
         <name>sqrt</name>
         <value>0x3725</value>
         <object_component_ref idref="oc-1be"/>
      </symbol>
      <symbol id="sm-2d6">
         <name>errno</name>
         <value>0x20000124</value>
         <object_component_ref idref="oc-1c9"/>
      </symbol>
      <symbol id="sm-2f7">
         <name>C$$EXIT</name>
         <value>0x43f5</value>
         <object_component_ref idref="oc-78"/>
      </symbol>
      <symbol id="sm-2f8">
         <name>abort</name>
         <value>0x43f9</value>
         <object_component_ref idref="oc-78"/>
      </symbol>
      <symbol id="sm-2f9">
         <name>exit</name>
         <value>0x4401</value>
         <object_component_ref idref="oc-78"/>
      </symbol>
      <symbol id="sm-2fa">
         <name>__TI_dtors_ptr</name>
         <value>0x2000010c</value>
         <object_component_ref idref="oc-db"/>
      </symbol>
      <symbol id="sm-2fb">
         <name>__TI_cleanup_ptr</name>
         <value>0x20000108</value>
         <object_component_ref idref="oc-db"/>
      </symbol>
      <symbol id="sm-2fc">
         <name>__TI_enable_exit_profile_output</name>
         <value>0x20000110</value>
         <object_component_ref idref="oc-db"/>
      </symbol>
      <symbol id="sm-313">
         <name>__aeabi_dsub</name>
         <value>0x33f9</value>
         <object_component_ref idref="oc-10d"/>
      </symbol>
      <symbol id="sm-314">
         <name>__aeabi_dadd</name>
         <value>0x3403</value>
         <object_component_ref idref="oc-10d"/>
      </symbol>
      <symbol id="sm-336">
         <name>__aeabi_cdcmpeq</name>
         <value>0x413d</value>
         <object_component_ref idref="oc-1a4"/>
      </symbol>
      <symbol id="sm-337">
         <name>__aeabi_cdcmple</name>
         <value>0x413d</value>
         <object_component_ref idref="oc-1a4"/>
      </symbol>
      <symbol id="sm-338">
         <name>__aeabi_cdrcmple</name>
         <value>0x41c3</value>
         <object_component_ref idref="oc-1c4"/>
      </symbol>
      <symbol id="sm-34c">
         <name>__aeabi_ddiv</name>
         <value>0x3b55</value>
         <object_component_ref idref="oc-117"/>
      </symbol>
      <symbol id="sm-357">
         <name>__aeabi_dmul</name>
         <value>0x3db1</value>
         <object_component_ref idref="oc-112"/>
      </symbol>
      <symbol id="sm-361">
         <name>__aeabi_d2uiz</name>
         <value>0x44dd</value>
         <object_component_ref idref="oc-13a"/>
      </symbol>
      <symbol id="sm-37c">
         <name>memcpy</name>
         <value>0x40a1</value>
         <object_component_ref idref="oc-3b"/>
      </symbol>
      <symbol id="sm-37d">
         <name>__aeabi_memcpy</name>
         <value>0x40a1</value>
         <object_component_ref idref="oc-3b"/>
      </symbol>
      <symbol id="sm-37e">
         <name>__aeabi_memcpy8</name>
         <value>0x40a1</value>
         <object_component_ref idref="oc-3b"/>
      </symbol>
      <symbol id="sm-37f">
         <name>__aeabi_memcpy4</name>
         <value>0x40a1</value>
         <object_component_ref idref="oc-3b"/>
      </symbol>
      <symbol id="sm-38e">
         <name>__aeabi_memset</name>
         <value>0x424b</value>
         <object_component_ref idref="oc-54"/>
      </symbol>
      <symbol id="sm-38f">
         <name>memset</name>
         <value>0x4251</value>
         <object_component_ref idref="oc-54"/>
      </symbol>
      <symbol id="sm-390">
         <name>__aeabi_memset8</name>
         <value>0x424b</value>
         <object_component_ref idref="oc-54"/>
      </symbol>
      <symbol id="sm-391">
         <name>__aeabi_memset4</name>
         <value>0x424b</value>
         <object_component_ref idref="oc-54"/>
      </symbol>
      <symbol id="sm-392">
         <name>__aeabi_memclr8</name>
         <value>0x4249</value>
         <object_component_ref idref="oc-54"/>
      </symbol>
      <symbol id="sm-393">
         <name>__aeabi_memclr4</name>
         <value>0x4249</value>
         <object_component_ref idref="oc-54"/>
      </symbol>
      <symbol id="sm-394">
         <name>__aeabi_memclr</name>
         <value>0x4249</value>
         <object_component_ref idref="oc-54"/>
      </symbol>
      <symbol id="sm-39e">
         <name>__mpu_init</name>
         <value>0x35af</value>
         <object_component_ref idref="oc-60"/>
      </symbol>
      <symbol id="sm-3a8">
         <name>_system_pre_init</name>
         <value>0x45d3</value>
         <object_component_ref idref="oc-66"/>
      </symbol>
      <symbol id="sm-3db">
         <name>atanl</name>
         <value>0x2edd</value>
         <object_component_ref idref="oc-134"/>
      </symbol>
      <symbol id="sm-3dc">
         <name>atan</name>
         <value>0x2edd</value>
         <object_component_ref idref="oc-134"/>
      </symbol>
      <symbol id="sm-42e">
         <name>cosl</name>
         <value>0x825</value>
         <object_component_ref idref="oc-122"/>
      </symbol>
      <symbol id="sm-42f">
         <name>cos</name>
         <value>0x825</value>
         <object_component_ref idref="oc-122"/>
      </symbol>
      <symbol id="sm-47c">
         <name>sin</name>
         <value>0xe09</value>
         <object_component_ref idref="oc-11c"/>
      </symbol>
      <symbol id="sm-47d">
         <name>sinl</name>
         <value>0xe09</value>
         <object_component_ref idref="oc-11c"/>
      </symbol>
      <symbol id="sm-4cd">
         <name>tanl</name>
         <value>0x13d9</value>
         <object_component_ref idref="oc-12e"/>
      </symbol>
      <symbol id="sm-4ce">
         <name>tan</name>
         <value>0x13d9</value>
         <object_component_ref idref="oc-12e"/>
      </symbol>
      <symbol id="sm-4d6">
         <name>main_func_sp</name>
         <value>0x20000128</value>
         <object_component_ref idref="oc-7e"/>
      </symbol>
      <symbol id="sm-4e0">
         <name>__aeabi_ui2d</name>
         <value>0x454f</value>
         <object_component_ref idref="oc-108"/>
      </symbol>
      <symbol id="sm-4f9">
         <name>_nop</name>
         <value>0x4597</value>
         <object_component_ref idref="oc-168"/>
      </symbol>
      <symbol id="sm-4fa">
         <name>_lock</name>
         <value>0x20000114</value>
         <object_component_ref idref="oc-de"/>
      </symbol>
      <symbol id="sm-4fb">
         <name>_unlock</name>
         <value>0x20000118</value>
         <object_component_ref idref="oc-de"/>
      </symbol>
      <symbol id="sm-4fc">
         <name>_register_lock</name>
         <value>0x458f</value>
         <object_component_ref idref="oc-168"/>
      </symbol>
      <symbol id="sm-4fd">
         <name>_register_unlock</name>
         <value>0x4589</value>
         <object_component_ref idref="oc-168"/>
      </symbol>
      <symbol id="sm-511">
         <name>_args_main</name>
         <value>0x4571</value>
         <object_component_ref idref="oc-72"/>
      </symbol>
      <symbol id="sm-536">
         <name>__TI_auto_init</name>
         <value>0x42c5</value>
         <object_component_ref idref="oc-6c"/>
      </symbol>
      <symbol id="sm-550">
         <name>copy_in</name>
         <value>0x4449</value>
         <object_component_ref idref="oc-cb"/>
      </symbol>
      <symbol id="sm-55a">
         <name>__aeabi_d2iz</name>
         <value>0x4495</value>
         <object_component_ref idref="oc-194"/>
      </symbol>
      <symbol id="sm-564">
         <name>__aeabi_i2d</name>
         <value>0x4521</value>
         <object_component_ref idref="oc-19f"/>
      </symbol>
      <symbol id="sm-57a">
         <name>__kernel_cos</name>
         <value>0x3895</value>
         <object_component_ref idref="oc-1af"/>
      </symbol>
      <symbol id="sm-5e2">
         <name>__kernel_rem_pio2</name>
         <value>0xe5</value>
         <object_component_ref idref="oc-1a9"/>
      </symbol>
      <symbol id="sm-5f9">
         <name>__kernel_sin</name>
         <value>0x35b1</value>
         <object_component_ref idref="oc-199"/>
      </symbol>
      <symbol id="sm-617">
         <name>__kernel_tan</name>
         <value>0x2bbd</value>
         <object_component_ref idref="oc-1ce"/>
      </symbol>
      <symbol id="sm-634">
         <name>floorl</name>
         <value>0x3fa9</value>
         <object_component_ref idref="oc-1fc"/>
      </symbol>
      <symbol id="sm-635">
         <name>floor</name>
         <value>0x3fa9</value>
         <object_component_ref idref="oc-1fc"/>
      </symbol>
      <symbol id="sm-652">
         <name>scalbn</name>
         <value>0x3ead</value>
         <object_component_ref idref="oc-1f6"/>
      </symbol>
      <symbol id="sm-653">
         <name>scalbnl</name>
         <value>0x3ead</value>
         <object_component_ref idref="oc-1f6"/>
      </symbol>
      <symbol id="sm-654">
         <name>ldexpl</name>
         <value>0x3ead</value>
         <object_component_ref idref="oc-1f6"/>
      </symbol>
      <symbol id="sm-655">
         <name>ldexp</name>
         <value>0x3ead</value>
         <object_component_ref idref="oc-1f6"/>
      </symbol>
      <symbol id="sm-65f">
         <name>_system_post_cinit</name>
         <value>0x3c8b</value>
         <object_component_ref idref="oc-d1"/>
      </symbol>
      <symbol id="sm-669">
         <name>copysign</name>
         <value>0x459d</value>
         <object_component_ref idref="oc-227"/>
      </symbol>
      <symbol id="sm-66a">
         <name>copysignl</name>
         <value>0x459d</value>
         <object_component_ref idref="oc-227"/>
      </symbol>
      <symbol id="sm-66b">
         <name>__TI_static_base__</name>
         <value>0x0</value>
      </symbol>
      <symbol id="sm-66e">
         <name>SHT$$INIT_ARRAY$$Limit</name>
         <value>0x0</value>
      </symbol>
      <symbol id="sm-66f">
         <name>SHT$$INIT_ARRAY$$Base</name>
         <value>0x0</value>
      </symbol>
      <symbol id="sm-670">
         <name>NMI_Handler</name>
         <value>0x45cb</value>
      </symbol>
      <symbol id="sm-671">
         <name>HardFault_Handler</name>
         <value>0x45cb</value>
      </symbol>
      <symbol id="sm-672">
         <name>MemManage_Handler</name>
         <value>0x45cb</value>
      </symbol>
      <symbol id="sm-673">
         <name>BusFault_Handler</name>
         <value>0x45cb</value>
      </symbol>
      <symbol id="sm-674">
         <name>UsageFault_Handler</name>
         <value>0x45cb</value>
      </symbol>
      <symbol id="sm-675">
         <name>SVC_Handler</name>
         <value>0x45cb</value>
      </symbol>
      <symbol id="sm-676">
         <name>DebugMon_Handler</name>
         <value>0x45cb</value>
      </symbol>
      <symbol id="sm-677">
         <name>PendSV_Handler</name>
         <value>0x45cb</value>
      </symbol>
      <symbol id="sm-678">
         <name>SysTick_Handler</name>
         <value>0x45cb</value>
      </symbol>
      <symbol id="sm-679">
         <name>PSS_IRQHandler</name>
         <value>0x45cb</value>
      </symbol>
      <symbol id="sm-67a">
         <name>CS_IRQHandler</name>
         <value>0x45cb</value>
      </symbol>
      <symbol id="sm-67b">
         <name>PCM_IRQHandler</name>
         <value>0x45cb</value>
      </symbol>
      <symbol id="sm-67c">
         <name>WDT_A_IRQHandler</name>
         <value>0x45cb</value>
      </symbol>
      <symbol id="sm-67d">
         <name>FPU_IRQHandler</name>
         <value>0x45cb</value>
      </symbol>
      <symbol id="sm-67e">
         <name>FLCTL_IRQHandler</name>
         <value>0x45cb</value>
      </symbol>
      <symbol id="sm-67f">
         <name>COMP_E0_IRQHandler</name>
         <value>0x45cb</value>
      </symbol>
      <symbol id="sm-680">
         <name>COMP_E1_IRQHandler</name>
         <value>0x45cb</value>
      </symbol>
      <symbol id="sm-681">
         <name>TA0_0_IRQHandler</name>
         <value>0x276f</value>
      </symbol>
      <symbol id="sm-682">
         <name>TA0_N_IRQHandler</name>
         <value>0x45cb</value>
      </symbol>
      <symbol id="sm-683">
         <name>TA1_0_IRQHandler</name>
         <value>0x45cb</value>
      </symbol>
      <symbol id="sm-684">
         <name>TA1_N_IRQHandler</name>
         <value>0x45cb</value>
      </symbol>
      <symbol id="sm-685">
         <name>TA2_0_IRQHandler</name>
         <value>0x45cb</value>
      </symbol>
      <symbol id="sm-686">
         <name>TA2_N_IRQHandler</name>
         <value>0x45cb</value>
      </symbol>
      <symbol id="sm-687">
         <name>TA3_0_IRQHandler</name>
         <value>0x45cb</value>
      </symbol>
      <symbol id="sm-688">
         <name>TA3_N_IRQHandler</name>
         <value>0x45cb</value>
      </symbol>
      <symbol id="sm-689">
         <name>EUSCIA0_IRQHandler</name>
         <value>0x2667</value>
      </symbol>
      <symbol id="sm-68a">
         <name>EUSCIA1_IRQHandler</name>
         <value>0x45cb</value>
      </symbol>
      <symbol id="sm-68b">
         <name>EUSCIA2_IRQHandler</name>
         <value>0x272d</value>
      </symbol>
      <symbol id="sm-68c">
         <name>EUSCIA3_IRQHandler</name>
         <value>0x45cb</value>
      </symbol>
      <symbol id="sm-68d">
         <name>EUSCIB0_IRQHandler</name>
         <value>0x45cb</value>
      </symbol>
      <symbol id="sm-68e">
         <name>EUSCIB1_IRQHandler</name>
         <value>0x45cb</value>
      </symbol>
      <symbol id="sm-68f">
         <name>EUSCIB2_IRQHandler</name>
         <value>0x45cb</value>
      </symbol>
      <symbol id="sm-690">
         <name>EUSCIB3_IRQHandler</name>
         <value>0x45cb</value>
      </symbol>
      <symbol id="sm-691">
         <name>ADC14_IRQHandler</name>
         <value>0x45cb</value>
      </symbol>
      <symbol id="sm-692">
         <name>T32_INT1_IRQHandler</name>
         <value>0x45cb</value>
      </symbol>
      <symbol id="sm-693">
         <name>T32_INT2_IRQHandler</name>
         <value>0x45cb</value>
      </symbol>
      <symbol id="sm-694">
         <name>T32_INTC_IRQHandler</name>
         <value>0x45cb</value>
      </symbol>
      <symbol id="sm-695">
         <name>AES256_IRQHandler</name>
         <value>0x45cb</value>
      </symbol>
      <symbol id="sm-696">
         <name>RTC_C_IRQHandler</name>
         <value>0x45cb</value>
      </symbol>
      <symbol id="sm-697">
         <name>DMA_ERR_IRQHandler</name>
         <value>0x45cb</value>
      </symbol>
      <symbol id="sm-698">
         <name>DMA_INT3_IRQHandler</name>
         <value>0x45cb</value>
      </symbol>
      <symbol id="sm-699">
         <name>DMA_INT2_IRQHandler</name>
         <value>0x45cb</value>
      </symbol>
      <symbol id="sm-69a">
         <name>DMA_INT1_IRQHandler</name>
         <value>0x45cb</value>
      </symbol>
      <symbol id="sm-69b">
         <name>DMA_INT0_IRQHandler</name>
         <value>0x45cb</value>
      </symbol>
      <symbol id="sm-69c">
         <name>PORT1_IRQHandler</name>
         <value>0x45cb</value>
      </symbol>
      <symbol id="sm-69d">
         <name>PORT2_IRQHandler</name>
         <value>0x45cb</value>
      </symbol>
      <symbol id="sm-69e">
         <name>PORT3_IRQHandler</name>
         <value>0x45cb</value>
      </symbol>
      <symbol id="sm-69f">
         <name>PORT4_IRQHandler</name>
         <value>0x45cb</value>
      </symbol>
      <symbol id="sm-6a0">
         <name>PORT5_IRQHandler</name>
         <value>0x45cb</value>
      </symbol>
      <symbol id="sm-6a1">
         <name>PORT6_IRQHandler</name>
         <value>0x45cb</value>
      </symbol>
   </symbol_table>
   <title>Link successful</title>
</link_info>
