******************************************************************************
                  TI ARM Linker PC v15.12.1                    
******************************************************************************
>> Linked Wed Dec 07 13:22:22 2016

OUTPUT FILE NAME:   <Motor_w_BT.out>
ENTRY POINT SYMBOL: "_c_int00"  address: 000043a1


MEMORY CONFIGURATION

         name            origin    length      used     unused   attr    fill
----------------------  --------  ---------  --------  --------  ----  --------
  MAIN                  00000000   00040000  000048c4  0003b73c  R  X
  INFO                  00200000   00004000  00000000  00004000  R  X
  SRAM_CODE             01000000   00010000  00000000  00010000  RW X
  SRAM_DATA             20000000   00010000  00000330  0000fcd0  RW  


SEGMENT ALLOCATION MAP

run origin  load origin   length   init length attrs members
----------  ----------- ---------- ----------- ----- -------
00000000    00000000    000048cc   000048cc    r-x
  00000000    00000000    000000e4   000000e4    r-- .intvecs
  000000e4    000000e4    000044f2   000044f2    r-x .text
  000045d8    000045d8    000002a2   000002a2    r-- .const
  00004880    00004880    0000004c   0000004c    r-- .cinit
20000000    20000000    00000130   00000000    rw-
  20000000    20000000    000000ac   00000000    rw- .bss
  200000ac    200000ac    00000084   00000000    rw- .data
2000fe00    2000fe00    00000200   00000000    rw-
  2000fe00    2000fe00    00000200   00000000    rw- .stack


SECTION ALLOCATION MAP

 output                                  attributes/
section   page    origin      length       input sections
--------  ----  ----------  ----------   ----------------
.intvecs   0    00000000    000000e4     
                  00000000    000000e4     startup_msp432p401r_ccs.obj (.intvecs:retain)

.text      0    000000e4    000044f2     
                  000000e4    00000740     rtsv7M4_T_le_v4SPD16_eabi.lib : k_rem_pio2.obj (.text)
                  00000824    000005e4                                   : s_cos.obj (.text)
                  00000e08    000005d0                                   : s_sin.obj (.text)
                  000013d8    00000510                                   : s_tan.obj (.text)
                  000018e8    00000484     locator.obj (.text)
                  00001d6c    00000410     rtsv7M4_T_le_v4SPD16_eabi.lib : e_asin.obj (.text)
                  0000217c    000003d4     gps.obj (.text)
                  00002550    00000344     main.obj (.text)
                  00002894    00000328     system_msp432p401r.obj (.text)
                  00002bbc    00000320     rtsv7M4_T_le_v4SPD16_eabi.lib : k_tan.obj (.text)
                  00002edc    000002ec                                   : s_atan.obj (.text)
                  000031c8    00000230     uart.obj (.text)
                  000033f8    000001b6     rtsv7M4_T_le_v4SPD16_eabi.lib : fd_add_t2.obj (.text)
                  000035ae    00000002                                   : mpu_init.obj (.text)
                  000035b0    00000174                                   : k_sin.obj (.text)
                  00003724    00000170                                   : e_sqrt.obj (.text)
                  00003894    0000016c                                   : k_cos.obj (.text)
                  00003a00    00000154     motor.obj (.text)
                  00003b54    00000136     rtsv7M4_T_le_v4SPD16_eabi.lib : fd_div_t2.obj (.text)
                  00003c8a    00000002                                   : startup.obj (.text)
                  00003c8c    00000124     logger.obj (.text)
                  00003db0    000000fc     rtsv7M4_T_le_v4SPD16_eabi.lib : fd_mul_t2.obj (.text)
                  00003eac    000000fc                                   : s_scalbn.obj (.text)
                  00003fa8    000000f8                                   : s_floor.obj (.text)
                  000040a0    0000009c                                   : memcpy_t2.obj (.text)
                  0000413c    00000086                                   : fd_cmp_t2.obj (.text:__aeabi_cdcmple)
                  000041c2    00000086                                   : fd_cmp_t2.obj (.text:__aeabi_cdrcmple)
                  00004248    0000007a                                   : memset_t2.obj (.text)
                  000042c2    00000002     --HOLE-- [fill = 0]
                  000042c4    00000070                                   : autoinit.obj (.text)
                  00004334    0000006a                                   : copy_decompress_rle.obj (.text)
                  0000439e    00000002     --HOLE-- [fill = 0]
                  000043a0    00000054                                   : boot.obj (.text)
                  000043f4    00000054                                   : exit.obj (.text)
                  00004448    0000004c                                   : cpy_tbl.obj (.text)
                  00004494    00000048                                   : fd_toi_t2.obj (.text)
                  000044dc    00000044                                   : fd_tou_t2.obj (.text)
                  00004520    0000002e                                   : i_tofd_t2.obj (.text)
                  0000454e    00000020                                   : u_tofd_t2.obj (.text)
                  0000456e    00000002     --HOLE-- [fill = 0]
                  00004570    00000018                                   : args_main.obj (.text)
                  00004588    00000014                                   : _lock.obj (.text)
                  0000459c    00000014                                   : s_copysign.obj (.text)
                  000045b0    0000000e                                   : copy_decompress_none.obj (.text:decompress:none)
                  000045be    0000000e     startup_msp432p401r_ccs.obj (.text)
                  000045cc    00000006     rtsv7M4_T_le_v4SPD16_eabi.lib : copy_decompress_rle.obj (.text:decompress:rle24)
                  000045d2    00000004                                   : pre_init.obj (.text)

.const     0    000045d8    000002a2     
                  000045d8    00000158     rtsv7M4_T_le_v4SPD16_eabi.lib : k_rem_pio2.obj (.const:$O1$$)
                  00004730    00000098                                   : s_atan.obj (.const:$O1$$)
                  000047c8    00000080                                   : k_tan.obj (.const:xxx)
                  00004848    0000000c     logger.obj (.const:.string:$P$T3$4)
                  00004854    0000000b     logger.obj (.const:.string:$P$T1$2)
                  0000485f    0000000b     logger.obj (.const:.string:$P$T2$3)
                  0000486a    00000009     logger.obj (.const:.string:$P$T0$1)
                  00004873    00000007     logger.obj (.const:.string:$P$T4$5)

.cinit     0    00004880    0000004c     
                  00004880    00000021     (.cinit..data.load) [load image, compression = rle]
                  000048a1    00000007     --HOLE-- [fill = 0]
                  000048a8    00000009     (.cinit..bss.load) [load image, compression = rle]
                  000048b1    00000003     --HOLE-- [fill = 0]
                  000048b4    00000008     (__TI_handler_table)
                  000048bc    00000010     (__TI_cinit_table)

.bss       0    20000000    000000ac     UNINITIALIZED
                  20000000    00000064     (.common:NMEA_GPRMC_string)
                  20000064    00000004     --HOLE--
                  20000068    00000020     (.common:location_info)
                  20000088    0000001c     (.common:current_info)
                  200000a4    00000008     (.common:message_id)

.data      0    200000ac    00000084     UNINITIALIZED
                  200000ac    00000035     gps.obj (.data)
                  200000e1    00000003     --HOLE--
                  200000e4    00000024     main.obj (.data)
                  20000108    0000000c     rtsv7M4_T_le_v4SPD16_eabi.lib : exit.obj (.data:$O1$$)
                  20000114    00000008                                   : _lock.obj (.data:$O1$$)
                  2000011c    00000005     gps.obj (.data:rmc_code)
                  20000121    00000003     --HOLE--
                  20000124    00000004     rtsv7M4_T_le_v4SPD16_eabi.lib : errno.obj (.data)
                  20000128    00000004                                   : stkdepth_vars.obj (.data)
                  2000012c    00000004     system_msp432p401r.obj (.data)

.stack     0    2000fe00    00000200     UNINITIALIZED
                  2000fe00    00000200     --HOLE--

MODULE SUMMARY

       Module                        code    ro data   rw data
       ------                        ----    -------   -------
    .\
       locator.obj                   1156    0         0      
       gps.obj                       980     0         66     
       main.obj                      836     0         196    
       system_msp432p401r.obj        808     0         4      
       uart.obj                      560     0         0      
       logger.obj                    292     50        0      
       motor.obj                     340     0         0      
       startup_msp432p401r_ccs.obj   14      228       0      
    +--+-----------------------------+-------+---------+---------+
       Total:                        4986    278       266    
                                                              
    C:\ti\ccsv6\tools\compiler\ti-cgt-arm_15.12.1.LTS\lib\rtsv7M4_T_le_v4SPD16_eabi.lib
       k_rem_pio2.obj                1856    344       0      
       s_cos.obj                     1508    0         0      
       s_sin.obj                     1488    0         0      
       s_tan.obj                     1296    0         0      
       e_asin.obj                    1040    0         0      
       k_tan.obj                     800     128       0      
       s_atan.obj                    748     152       0      
       fd_add_t2.obj                 438     0         0      
       k_sin.obj                     372     0         0      
       e_sqrt.obj                    368     0         0      
       k_cos.obj                     364     0         0      
       fd_div_t2.obj                 310     0         0      
       fd_cmp_t2.obj                 268     0         0      
       fd_mul_t2.obj                 252     0         0      
       s_scalbn.obj                  252     0         0      
       s_floor.obj                   248     0         0      
       memcpy_t2.obj                 156     0         0      
       memset_t2.obj                 122     0         0      
       autoinit.obj                  112     0         0      
       copy_decompress_rle.obj       112     0         0      
       exit.obj                      84      0         12     
       boot.obj                      84      0         0      
       cpy_tbl.obj                   76      0         0      
       fd_toi_t2.obj                 72      0         0      
       fd_tou_t2.obj                 68      0         0      
       i_tofd_t2.obj                 46      0         0      
       u_tofd_t2.obj                 32      0         0      
       _lock.obj                     20      0         8      
       args_main.obj                 24      0         0      
       s_copysign.obj                20      0         0      
       copy_decompress_none.obj      14      0         0      
       errno.obj                     0       0         4      
       pre_init.obj                  4       0         0      
       stkdepth_vars.obj             0       0         4      
       mpu_init.obj                  2       0         0      
       startup.obj                   2       0         0      
    +--+-----------------------------+-------+---------+---------+
       Total:                        12658   624       28     
                                                              
       Stack:                        0       0         512    
       Linker Generated:             0       66        0      
    +--+-----------------------------+-------+---------+---------+
       Grand Total:                  17644   968       806    


LINKER GENERATED COPY TABLES

__TI_cinit_table @ 000048bc records: 2, size/record: 8, table size: 16
	.data: load addr=00004880, load size=00000021 bytes, run addr=200000ac, run size=00000084 bytes, compression=rle
	.bss: load addr=000048a8, load size=00000009 bytes, run addr=20000000, run size=000000ac bytes, compression=rle


LINKER GENERATED HANDLER TABLE

__TI_handler_table @ 000048b4 records: 2, size/record: 4, table size: 8
	index: 0, handler: __TI_decompress_rle24
	index: 1, handler: __TI_decompress_none


GLOBAL SYMBOLS: SORTED ALPHABETICALLY BY Name 

address   name                           
-------   ----                           
000045cb  ADC14_IRQHandler               
000045cb  AES256_IRQHandler              
000045cb  BusFault_Handler               
000043f5  C$$EXIT                        
000045cb  COMP_E0_IRQHandler             
000045cb  COMP_E1_IRQHandler             
000045cb  CS_IRQHandler                  
000045cb  DMA_ERR_IRQHandler             
000045cb  DMA_INT0_IRQHandler            
000045cb  DMA_INT1_IRQHandler            
000045cb  DMA_INT2_IRQHandler            
000045cb  DMA_INT3_IRQHandler            
000045cb  DebugMon_Handler               
000045cb  Default_Handler                
00002667  EUSCIA0_IRQHandler             
00002667  EUSCIA0_IRQHandler             
000045cb  EUSCIA1_IRQHandler             
0000272d  EUSCIA2_IRQHandler             
0000272d  EUSCIA2_IRQHandler             
000045cb  EUSCIA3_IRQHandler             
000045cb  EUSCIB0_IRQHandler             
000045cb  EUSCIB1_IRQHandler             
000045cb  EUSCIB2_IRQHandler             
000045cb  EUSCIB3_IRQHandler             
000045cb  FLCTL_IRQHandler               
000045cb  FPU_IRQHandler                 
000045cb  HardFault_Handler              
000045cb  MemManage_Handler              
20000000  NMEA_GPRMC_string              
200000e8  NMEA_count                     
000045cb  NMI_Handler                    
000045cb  PCM_IRQHandler                 
000045cb  PORT1_IRQHandler               
000045cb  PORT2_IRQHandler               
000045cb  PORT3_IRQHandler               
000045cb  PORT4_IRQHandler               
000045cb  PORT5_IRQHandler               
000045cb  PORT6_IRQHandler               
000045cb  PSS_IRQHandler                 
000045cb  PendSV_Handler                 
000045cb  RTC_C_IRQHandler               
000045bf  Reset_Handler                  
UNDEFED   SHT$$INIT_ARRAY$$Base          
UNDEFED   SHT$$INIT_ARRAY$$Limit         
000045cb  SVC_Handler                    
000045cb  SysTick_Handler                
2000012c  SystemCoreClock                
00002895  SystemCoreClockUpdate          
00002b09  SystemInit                     
000045cb  T32_INT1_IRQHandler            
000045cb  T32_INT2_IRQHandler            
000045cb  T32_INTC_IRQHandler            
0000276f  TA0_0_IRQHandler               
0000276f  TA0_0_IRQHandler               
000045cb  TA0_N_IRQHandler               
000045cb  TA1_0_IRQHandler               
000045cb  TA1_N_IRQHandler               
000045cb  TA2_0_IRQHandler               
000045cb  TA2_N_IRQHandler               
000045cb  TA3_0_IRQHandler               
000045cb  TA3_N_IRQHandler               
000045cb  UsageFault_Handler             
4000480c  WDTCTL_SYM                     
000045cb  WDT_A_IRQHandler               
20010000  __STACK_END                    
00000200  __STACK_SIZE                   
000048bc  __TI_CINIT_Base                
000048cc  __TI_CINIT_Limit               
000048b4  __TI_Handler_Table_Base        
000048bc  __TI_Handler_Table_Limit       
000042c5  __TI_auto_init                 
20000108  __TI_cleanup_ptr               
000045b1  __TI_decompress_none           
000045cd  __TI_decompress_rle24          
2000010c  __TI_dtors_ptr                 
20000110  __TI_enable_exit_profile_output
ffffffff  __TI_pprof_out_hndl            
ffffffff  __TI_prof_data_size            
ffffffff  __TI_prof_data_start           
00000000  __TI_static_base__             
0000413d  __aeabi_cdcmpeq                
0000413d  __aeabi_cdcmple                
000041c3  __aeabi_cdrcmple               
00004495  __aeabi_d2iz                   
000044dd  __aeabi_d2uiz                  
00003403  __aeabi_dadd                   
00003b55  __aeabi_ddiv                   
00003db1  __aeabi_dmul                   
000033f9  __aeabi_dsub                   
00004521  __aeabi_i2d                    
00004249  __aeabi_memclr                 
00004249  __aeabi_memclr4                
00004249  __aeabi_memclr8                
000040a1  __aeabi_memcpy                 
000040a1  __aeabi_memcpy4                
000040a1  __aeabi_memcpy8                
0000424b  __aeabi_memset                 
0000424b  __aeabi_memset4                
0000424b  __aeabi_memset8                
0000454f  __aeabi_ui2d                   
ffffffff  __binit__                      
ffffffff  __c_args__                     
00003895  __kernel_cos                   
000000e5  __kernel_rem_pio2              
000035b1  __kernel_sin                   
00002bbd  __kernel_tan                   
000035af  __mpu_init                     
2000fe00  __stack                        
00004571  _args_main                     
000043a1  _c_int00                       
20000114  _lock                          
00004597  _nop                           
0000458f  _register_lock                 
00004589  _register_unlock               
00003c8b  _system_post_cinit             
000045d3  _system_pre_init               
20000118  _unlock                        
000043f9  abort                          
00001d6d  asin                           
00001d6d  asinl                          
00002edd  atan                           
00002edd  atanl                          
200000f8  begin_alt_motor                
200000fc  begin_azi_motor                
200000f4  begin_calculations             
ffffffff  binit                          
00001971  calculate_alt                  
00001d0d  calculate_alt_steps            
00001b33  calculate_azi                  
00001d31  calculate_azi_steps            
000018e9  calculate_lha                  
200000ec  capture_string                 
200000d8  collect_date                   
200000c0  collect_latitude               
200000c8  collect_latitude_dir           
200000cc  collect_longitude              
200000d4  collect_longitude_dir          
200000b0  collect_message_id             
200000b8  collect_utc                    
00003a47  configure_pins                 
000031ed  configure_serial_port0         
000032ad  configure_serial_port2         
00003a25  configure_timer                
00004449  copy_in                        
0000459d  copysign                       
0000459d  copysignl                      
00000825  cos                            
00000825  cosl                           
200000dc  count_date                     
200000c4  count_latitude                 
200000d0  count_longitude                
200000b4  count_message_id               
200000bc  count_utc                      
20000088  current_info                   
20000124  errno                          
00004401  exit                           
00003fa9  floor                          
00003fa9  floorl                         
00002449  gps_lock_led                   
200000e4  gps_on                         
00000000  interruptVectors               
00002475  lat_long_atoi                  
00003ead  ldexp                          
00003ead  ldexpl                         
20000068  location_info                  
00003d65  log_date                       
00003c8d  log_gps_lock                   
00003ce1  log_latitude                   
00003d23  log_longitude                  
00003cb1  log_utc                        
00002551  main                           
20000128  main_func_sp                   
000040a1  memcpy                         
00004251  memset                         
200000a4  message_id                     
200000e0  prev                           
200000f0  process_string                 
2000011c  rmc_code                       
00003ead  scalbn                         
00003ead  scalbnl                        
00000e09  sin                            
00000e09  sinl                           
0000217d  sort_gps_data                  
00003725  sqrt                           
00003725  sqrtl                          
00003aad  start_alt_motor                
00003aed  start_azi_motor                
200000ac  start_search                   
20000104  step_counter                   
00003acd  stop_alt_motor                 
00003b0d  stop_azi_motor                 
20000100  switch_to_azi                  
000013d9  tan                            
000013d9  tanl                           
00003b23  toggle_laser                   
0000336d  uart_putchar                   
00003389  uart_putchar_n                 


GLOBAL SYMBOLS: SORTED BY Symbol Address 

address   name                           
-------   ----                           
00000000  __TI_static_base__             
00000000  interruptVectors               
000000e5  __kernel_rem_pio2              
00000200  __STACK_SIZE                   
00000825  cos                            
00000825  cosl                           
00000e09  sin                            
00000e09  sinl                           
000013d9  tan                            
000013d9  tanl                           
000018e9  calculate_lha                  
00001971  calculate_alt                  
00001b33  calculate_azi                  
00001d0d  calculate_alt_steps            
00001d31  calculate_azi_steps            
00001d6d  asin                           
00001d6d  asinl                          
0000217d  sort_gps_data                  
00002449  gps_lock_led                   
00002475  lat_long_atoi                  
00002551  main                           
00002667  EUSCIA0_IRQHandler             
00002667  EUSCIA0_IRQHandler             
0000272d  EUSCIA2_IRQHandler             
0000272d  EUSCIA2_IRQHandler             
0000276f  TA0_0_IRQHandler               
0000276f  TA0_0_IRQHandler               
00002895  SystemCoreClockUpdate          
00002b09  SystemInit                     
00002bbd  __kernel_tan                   
00002edd  atan                           
00002edd  atanl                          
000031ed  configure_serial_port0         
000032ad  configure_serial_port2         
0000336d  uart_putchar                   
00003389  uart_putchar_n                 
000033f9  __aeabi_dsub                   
00003403  __aeabi_dadd                   
000035af  __mpu_init                     
000035b1  __kernel_sin                   
00003725  sqrt                           
00003725  sqrtl                          
00003895  __kernel_cos                   
00003a25  configure_timer                
00003a47  configure_pins                 
00003aad  start_alt_motor                
00003acd  stop_alt_motor                 
00003aed  start_azi_motor                
00003b0d  stop_azi_motor                 
00003b23  toggle_laser                   
00003b55  __aeabi_ddiv                   
00003c8b  _system_post_cinit             
00003c8d  log_gps_lock                   
00003cb1  log_utc                        
00003ce1  log_latitude                   
00003d23  log_longitude                  
00003d65  log_date                       
00003db1  __aeabi_dmul                   
00003ead  ldexp                          
00003ead  ldexpl                         
00003ead  scalbn                         
00003ead  scalbnl                        
00003fa9  floor                          
00003fa9  floorl                         
000040a1  __aeabi_memcpy                 
000040a1  __aeabi_memcpy4                
000040a1  __aeabi_memcpy8                
000040a1  memcpy                         
0000413d  __aeabi_cdcmpeq                
0000413d  __aeabi_cdcmple                
000041c3  __aeabi_cdrcmple               
00004249  __aeabi_memclr                 
00004249  __aeabi_memclr4                
00004249  __aeabi_memclr8                
0000424b  __aeabi_memset                 
0000424b  __aeabi_memset4                
0000424b  __aeabi_memset8                
00004251  memset                         
000042c5  __TI_auto_init                 
000043a1  _c_int00                       
000043f5  C$$EXIT                        
000043f9  abort                          
00004401  exit                           
00004449  copy_in                        
00004495  __aeabi_d2iz                   
000044dd  __aeabi_d2uiz                  
00004521  __aeabi_i2d                    
0000454f  __aeabi_ui2d                   
00004571  _args_main                     
00004589  _register_unlock               
0000458f  _register_lock                 
00004597  _nop                           
0000459d  copysign                       
0000459d  copysignl                      
000045b1  __TI_decompress_none           
000045bf  Reset_Handler                  
000045cb  ADC14_IRQHandler               
000045cb  AES256_IRQHandler              
000045cb  BusFault_Handler               
000045cb  COMP_E0_IRQHandler             
000045cb  COMP_E1_IRQHandler             
000045cb  CS_IRQHandler                  
000045cb  DMA_ERR_IRQHandler             
000045cb  DMA_INT0_IRQHandler            
000045cb  DMA_INT1_IRQHandler            
000045cb  DMA_INT2_IRQHandler            
000045cb  DMA_INT3_IRQHandler            
000045cb  DebugMon_Handler               
000045cb  Default_Handler                
000045cb  EUSCIA1_IRQHandler             
000045cb  EUSCIA3_IRQHandler             
000045cb  EUSCIB0_IRQHandler             
000045cb  EUSCIB1_IRQHandler             
000045cb  EUSCIB2_IRQHandler             
000045cb  EUSCIB3_IRQHandler             
000045cb  FLCTL_IRQHandler               
000045cb  FPU_IRQHandler                 
000045cb  HardFault_Handler              
000045cb  MemManage_Handler              
000045cb  NMI_Handler                    
000045cb  PCM_IRQHandler                 
000045cb  PORT1_IRQHandler               
000045cb  PORT2_IRQHandler               
000045cb  PORT3_IRQHandler               
000045cb  PORT4_IRQHandler               
000045cb  PORT5_IRQHandler               
000045cb  PORT6_IRQHandler               
000045cb  PSS_IRQHandler                 
000045cb  PendSV_Handler                 
000045cb  RTC_C_IRQHandler               
000045cb  SVC_Handler                    
000045cb  SysTick_Handler                
000045cb  T32_INT1_IRQHandler            
000045cb  T32_INT2_IRQHandler            
000045cb  T32_INTC_IRQHandler            
000045cb  TA0_N_IRQHandler               
000045cb  TA1_0_IRQHandler               
000045cb  TA1_N_IRQHandler               
000045cb  TA2_0_IRQHandler               
000045cb  TA2_N_IRQHandler               
000045cb  TA3_0_IRQHandler               
000045cb  TA3_N_IRQHandler               
000045cb  UsageFault_Handler             
000045cb  WDT_A_IRQHandler               
000045cd  __TI_decompress_rle24          
000045d3  _system_pre_init               
000048b4  __TI_Handler_Table_Base        
000048bc  __TI_CINIT_Base                
000048bc  __TI_Handler_Table_Limit       
000048cc  __TI_CINIT_Limit               
20000000  NMEA_GPRMC_string              
20000068  location_info                  
20000088  current_info                   
200000a4  message_id                     
200000ac  start_search                   
200000b0  collect_message_id             
200000b4  count_message_id               
200000b8  collect_utc                    
200000bc  count_utc                      
200000c0  collect_latitude               
200000c4  count_latitude                 
200000c8  collect_latitude_dir           
200000cc  collect_longitude              
200000d0  count_longitude                
200000d4  collect_longitude_dir          
200000d8  collect_date                   
200000dc  count_date                     
200000e0  prev                           
200000e4  gps_on                         
200000e8  NMEA_count                     
200000ec  capture_string                 
200000f0  process_string                 
200000f4  begin_calculations             
200000f8  begin_alt_motor                
200000fc  begin_azi_motor                
20000100  switch_to_azi                  
20000104  step_counter                   
20000108  __TI_cleanup_ptr               
2000010c  __TI_dtors_ptr                 
20000110  __TI_enable_exit_profile_output
20000114  _lock                          
20000118  _unlock                        
2000011c  rmc_code                       
20000124  errno                          
20000128  main_func_sp                   
2000012c  SystemCoreClock                
2000fe00  __stack                        
20010000  __STACK_END                    
4000480c  WDTCTL_SYM                     
ffffffff  __TI_pprof_out_hndl            
ffffffff  __TI_prof_data_size            
ffffffff  __TI_prof_data_start           
ffffffff  __binit__                      
ffffffff  __c_args__                     
ffffffff  binit                          
UNDEFED   SHT$$INIT_ARRAY$$Base          
UNDEFED   SHT$$INIT_ARRAY$$Limit         

[197 symbols]
