******************************************************************************
                  TI ARM Linker PC v15.12.1                    
******************************************************************************
>> Linked Wed Dec 07 23:31:20 2016

OUTPUT FILE NAME:   <Motor_w_BT.out>
ENTRY POINT SYMBOL: "_c_int00"  address: 000048e5


MEMORY CONFIGURATION

         name            origin    length      used     unused   attr    fill
----------------------  --------  ---------  --------  --------  ----  --------
  MAIN                  00000000   00040000  00004e9b  0003b165  R  X
  INFO                  00200000   00004000  00000000  00004000  R  X
  SRAM_CODE             01000000   00010000  00000000  00010000  RW X
  SRAM_DATA             20000000   00010000  0000037c  0000fc84  RW  


SEGMENT ALLOCATION MAP

run origin  load origin   length   init length attrs members
----------  ----------- ---------- ----------- ----- -------
00000000    00000000    00004ea4   00004ea4    r-x
  00000000    00000000    000000e4   000000e4    r-- .intvecs
  000000e4    000000e4    00004a76   00004a76    r-x .text
  00004b60    00004b60    000002f5   000002f5    r-- .const
  00004e58    00004e58    0000004c   0000004c    r-- .cinit
20000000    20000000    0000017c   00000000    rw-
  20000000    20000000    000000e0   00000000    rw- .bss
  200000e0    200000e0    0000009c   00000000    rw- .data
2000fe00    2000fe00    00000200   00000000    rw-
  2000fe00    2000fe00    00000200   00000000    rw- .stack


SECTION ALLOCATION MAP

 output                                  attributes/
section   page    origin      length       input sections
--------  ----  ----------  ----------   ----------------
.intvecs   0    00000000    000000e4     
                  00000000    000000e4     startup_msp432p401r_ccs.obj (.intvecs:retain)

.text      0    000000e4    00004a76     
                  000000e4    00000740     rtsv7M4_T_le_v4SPD16_eabi.lib : k_rem_pio2.obj (.text)
                  00000824    000006a0     locator.obj (.text)
                  00000ec4    000005e4     rtsv7M4_T_le_v4SPD16_eabi.lib : s_cos.obj (.text)
                  000014a8    000005d0                                   : s_sin.obj (.text)
                  00001a78    00000518     gps.obj (.text)
                  00001f90    00000510     rtsv7M4_T_le_v4SPD16_eabi.lib : s_tan.obj (.text)
                  000024a0    00000460     main.obj (.text)
                  00002900    00000410     rtsv7M4_T_le_v4SPD16_eabi.lib : e_asin.obj (.text)
                  00002d10    00000328     system_msp432p401r.obj (.text)
                  00003038    00000320     rtsv7M4_T_le_v4SPD16_eabi.lib : k_tan.obj (.text)
                  00003358    000002ec                                   : s_atan.obj (.text)
                  00003644    00000230     uart.obj (.text)
                  00003874    000001d4     logger.obj (.text)
                  00003a48    000001b6     rtsv7M4_T_le_v4SPD16_eabi.lib : fd_add_t2.obj (.text)
                  00003bfe    00000002                                   : mpu_init.obj (.text)
                  00003c00    00000174                                   : k_sin.obj (.text)
                  00003d74    00000170                                   : e_sqrt.obj (.text)
                  00003ee4    0000016c     motor.obj (.text)
                  00004050    0000016c     rtsv7M4_T_le_v4SPD16_eabi.lib : k_cos.obj (.text)
                  000041bc    00000136                                   : fd_div_t2.obj (.text)
                  000042f2    000000fc                                   : fd_mul_t2.obj (.text)
                  000043ee    00000002                                   : startup.obj (.text)
                  000043f0    000000fc                                   : s_scalbn.obj (.text)
                  000044ec    000000f8                                   : s_floor.obj (.text)
                  000045e4    0000009c                                   : memcpy_t2.obj (.text)
                  00004680    00000086                                   : fd_cmp_t2.obj (.text:__aeabi_cdcmple)
                  00004706    00000086                                   : fd_cmp_t2.obj (.text:__aeabi_cdrcmple)
                  0000478c    0000007a                                   : memset_t2.obj (.text)
                  00004806    00000002     --HOLE-- [fill = 0]
                  00004808    00000070                                   : autoinit.obj (.text)
                  00004878    0000006a                                   : copy_decompress_rle.obj (.text)
                  000048e2    00000002     --HOLE-- [fill = 0]
                  000048e4    00000054                                   : boot.obj (.text)
                  00004938    00000054                                   : exit.obj (.text)
                  0000498c    0000004c                                   : cpy_tbl.obj (.text)
                  000049d8    00000048                                   : fd_toi_t2.obj (.text)
                  00004a20    00000044                                   : fd_tou_t2.obj (.text)
                  00004a64    00000040     menu.obj (.text)
                  00004aa4    0000002e     rtsv7M4_T_le_v4SPD16_eabi.lib : i_tofd_t2.obj (.text)
                  00004ad2    00000020                                   : u_tofd_t2.obj (.text)
                  00004af2    00000002     --HOLE-- [fill = 0]
                  00004af4    00000018                                   : args_main.obj (.text)
                  00004b0c    00000014                                   : _lock.obj (.text)
                  00004b20    00000014                                   : s_copysign.obj (.text)
                  00004b34    0000000e                                   : copy_decompress_none.obj (.text:decompress:none)
                  00004b42    0000000e     startup_msp432p401r_ccs.obj (.text)
                  00004b50    00000006     rtsv7M4_T_le_v4SPD16_eabi.lib : copy_decompress_rle.obj (.text:decompress:rle24)
                  00004b56    00000004                                   : pre_init.obj (.text)

.const     0    00004b60    000002f5     
                  00004b60    00000158     rtsv7M4_T_le_v4SPD16_eabi.lib : k_rem_pio2.obj (.const:$O1$$)
                  00004cb8    00000098                                   : s_atan.obj (.const:$O1$$)
                  00004d50    00000080                                   : k_tan.obj (.const:xxx)
                  00004dd0    00000016     logger.obj (.const:.string:$P$T8$9)
                  00004de6    0000000e     logger.obj (.const:.string:$P$T7$8)
                  00004df4    0000000d     logger.obj (.const:.string:$P$T6$7)
                  00004e01    0000000c     logger.obj (.const:.string:$P$T3$4)
                  00004e0d    0000000c     logger.obj (.const:.string:$P$T5$6)
                  00004e19    0000000b     menu.obj (.const:.string:$P$T0$1)
                  00004e24    0000000b     logger.obj (.const:.string:$P$T1$2)
                  00004e2f    0000000b     menu.obj (.const:.string:$P$T1$2)
                  00004e3a    0000000b     logger.obj (.const:.string:$P$T2$3)
                  00004e45    00000009     logger.obj (.const:.string:$P$T0$1)
                  00004e4e    00000007     logger.obj (.const:.string:$P$T4$5)

.cinit     0    00004e58    0000004c     
                  00004e58    00000021     (.cinit..data.load) [load image, compression = rle]
                  00004e79    00000007     --HOLE-- [fill = 0]
                  00004e80    00000009     (.cinit..bss.load) [load image, compression = rle]
                  00004e89    00000003     --HOLE-- [fill = 0]
                  00004e8c    00000008     (__TI_handler_table)
                  00004e94    00000010     (__TI_cinit_table)

.bss       0    20000000    000000e0     UNINITIALIZED
                  20000000    00000064     (.common:NMEA_GPRMC_string)
                  20000064    00000004     --HOLE--
                  20000068    00000040     (.common:location_info)
                  200000a8    00000030     (.common:current_info)
                  200000d8    00000008     (.common:message_id)

.data      0    200000e0    0000009c     UNINITIALIZED
                  200000e0    0000003c     main.obj (.data)
                  2000011c    00000035     gps.obj (.data)
                  20000151    00000003     --HOLE--
                  20000154    0000000c     rtsv7M4_T_le_v4SPD16_eabi.lib : exit.obj (.data:$O1$$)
                  20000160    00000008                                   : _lock.obj (.data:$O1$$)
                  20000168    00000005     gps.obj (.data:rmc_code)
                  2000016d    00000003     --HOLE--
                  20000170    00000004     rtsv7M4_T_le_v4SPD16_eabi.lib : errno.obj (.data)
                  20000174    00000004                                   : stkdepth_vars.obj (.data)
                  20000178    00000004     system_msp432p401r.obj (.data)

.stack     0    2000fe00    00000200     UNINITIALIZED
                  2000fe00    00000200     --HOLE--

MODULE SUMMARY

       Module                        code    ro data   rw data
       ------                        ----    -------   -------
    .\
       locator.obj                   1696    0         0      
       main.obj                      1120    0         272    
       gps.obj                       1304    0         66     
       system_msp432p401r.obj        808     0         4      
       logger.obj                    468     111       0      
       uart.obj                      560     0         0      
       motor.obj                     364     0         0      
       startup_msp432p401r_ccs.obj   14      228       0      
       menu.obj                      64      22        0      
    +--+-----------------------------+-------+---------+---------+
       Total:                        6398    361       342    
                                                              
    C:\ti\ccsv6\tools\compiler\ti-cgt-arm_15.12.1.LTS\lib\rtsv7M4_T_le_v4SPD16_eabi.lib
       k_rem_pio2.obj                1856    344       0      
       s_cos.obj                     1508    0         0      
       s_sin.obj                     1488    0         0      
       s_tan.obj                     1296    0         0      
       e_asin.obj                    1040    0         0      
       k_tan.obj                     800     128       0      
       s_atan.obj                    748     152       0      
       fd_add_t2.obj                 438     0         0      
       k_sin.obj                     372     0         0      
       e_sqrt.obj                    368     0         0      
       k_cos.obj                     364     0         0      
       fd_div_t2.obj                 310     0         0      
       fd_cmp_t2.obj                 268     0         0      
       fd_mul_t2.obj                 252     0         0      
       s_scalbn.obj                  252     0         0      
       s_floor.obj                   248     0         0      
       memcpy_t2.obj                 156     0         0      
       memset_t2.obj                 122     0         0      
       autoinit.obj                  112     0         0      
       copy_decompress_rle.obj       112     0         0      
       exit.obj                      84      0         12     
       boot.obj                      84      0         0      
       cpy_tbl.obj                   76      0         0      
       fd_toi_t2.obj                 72      0         0      
       fd_tou_t2.obj                 68      0         0      
       i_tofd_t2.obj                 46      0         0      
       u_tofd_t2.obj                 32      0         0      
       _lock.obj                     20      0         8      
       args_main.obj                 24      0         0      
       s_copysign.obj                20      0         0      
       copy_decompress_none.obj      14      0         0      
       errno.obj                     0       0         4      
       pre_init.obj                  4       0         0      
       stkdepth_vars.obj             0       0         4      
       mpu_init.obj                  2       0         0      
       startup.obj                   2       0         0      
    +--+-----------------------------+-------+---------+---------+
       Total:                        12658   624       28     
                                                              
       Stack:                        0       0         512    
       Linker Generated:             0       66        0      
    +--+-----------------------------+-------+---------+---------+
       Grand Total:                  19056   1051      882    


LINKER GENERATED COPY TABLES

__TI_cinit_table @ 00004e94 records: 2, size/record: 8, table size: 16
	.data: load addr=00004e58, load size=00000021 bytes, run addr=200000e0, run size=0000009c bytes, compression=rle
	.bss: load addr=00004e80, load size=00000009 bytes, run addr=20000000, run size=000000e0 bytes, compression=rle


LINKER GENERATED HANDLER TABLE

__TI_handler_table @ 00004e8c records: 2, size/record: 4, table size: 8
	index: 0, handler: __TI_decompress_rle24
	index: 1, handler: __TI_decompress_none


GLOBAL SYMBOLS: SORTED ALPHABETICALLY BY Name 

address   name                           
-------   ----                           
00004b4f  ADC14_IRQHandler               
00004b4f  AES256_IRQHandler              
00004b4f  BusFault_Handler               
00004939  C$$EXIT                        
00004b4f  COMP_E0_IRQHandler             
00004b4f  COMP_E1_IRQHandler             
00004b4f  CS_IRQHandler                  
00004b4f  DMA_ERR_IRQHandler             
00004b4f  DMA_INT0_IRQHandler            
00004b4f  DMA_INT1_IRQHandler            
00004b4f  DMA_INT2_IRQHandler            
00004b4f  DMA_INT3_IRQHandler            
00004b4f  DebugMon_Handler               
00004b4f  Default_Handler                
00002621  EUSCIA0_IRQHandler             
00002621  EUSCIA0_IRQHandler             
00004b4f  EUSCIA1_IRQHandler             
00002709  EUSCIA2_IRQHandler             
00002709  EUSCIA2_IRQHandler             
00004b4f  EUSCIA3_IRQHandler             
00004b4f  EUSCIB0_IRQHandler             
00004b4f  EUSCIB1_IRQHandler             
00004b4f  EUSCIB2_IRQHandler             
00004b4f  EUSCIB3_IRQHandler             
00004b4f  FLCTL_IRQHandler               
00004b4f  FPU_IRQHandler                 
00004b4f  HardFault_Handler              
00004b4f  MemManage_Handler              
20000000  NMEA_GPRMC_string              
200000e4  NMEA_count                     
00004b4f  NMI_Handler                    
00004b4f  PCM_IRQHandler                 
00004b4f  PORT1_IRQHandler               
00004b4f  PORT2_IRQHandler               
00004b4f  PORT3_IRQHandler               
00004b4f  PORT4_IRQHandler               
00004b4f  PORT5_IRQHandler               
00004b4f  PORT6_IRQHandler               
00004b4f  PSS_IRQHandler                 
00004b4f  PendSV_Handler                 
00004b4f  RTC_C_IRQHandler               
00004b43  Reset_Handler                  
UNDEFED   SHT$$INIT_ARRAY$$Base          
UNDEFED   SHT$$INIT_ARRAY$$Limit         
00004b4f  SVC_Handler                    
00004b4f  SysTick_Handler                
20000178  SystemCoreClock                
00002d11  SystemCoreClockUpdate          
00002f85  SystemInit                     
00004b4f  T32_INT1_IRQHandler            
00004b4f  T32_INT2_IRQHandler            
00004b4f  T32_INTC_IRQHandler            
00002821  TA0_0_IRQHandler               
00002821  TA0_0_IRQHandler               
00004b4f  TA0_N_IRQHandler               
00004b4f  TA1_0_IRQHandler               
00004b4f  TA1_N_IRQHandler               
00004b4f  TA2_0_IRQHandler               
00004b4f  TA2_N_IRQHandler               
00004b4f  TA3_0_IRQHandler               
00004b4f  TA3_N_IRQHandler               
00004b4f  UsageFault_Handler             
4000480c  WDTCTL_SYM                     
00004b4f  WDT_A_IRQHandler               
20010000  __STACK_END                    
00000200  __STACK_SIZE                   
00004e94  __TI_CINIT_Base                
00004ea4  __TI_CINIT_Limit               
00004e8c  __TI_Handler_Table_Base        
00004e94  __TI_Handler_Table_Limit       
00004809  __TI_auto_init                 
20000154  __TI_cleanup_ptr               
00004b35  __TI_decompress_none           
00004b51  __TI_decompress_rle24          
20000158  __TI_dtors_ptr                 
2000015c  __TI_enable_exit_profile_output
ffffffff  __TI_pprof_out_hndl            
ffffffff  __TI_prof_data_size            
ffffffff  __TI_prof_data_start           
00000000  __TI_static_base__             
00004681  __aeabi_cdcmpeq                
00004681  __aeabi_cdcmple                
00004707  __aeabi_cdrcmple               
000049d9  __aeabi_d2iz                   
00004a21  __aeabi_d2uiz                  
00003a53  __aeabi_dadd                   
000041bd  __aeabi_ddiv                   
000042f3  __aeabi_dmul                   
00003a49  __aeabi_dsub                   
00004aa5  __aeabi_i2d                    
0000478d  __aeabi_memclr                 
0000478d  __aeabi_memclr4                
0000478d  __aeabi_memclr8                
000045e5  __aeabi_memcpy                 
000045e5  __aeabi_memcpy4                
000045e5  __aeabi_memcpy8                
0000478f  __aeabi_memset                 
0000478f  __aeabi_memset4                
0000478f  __aeabi_memset8                
00004ad3  __aeabi_ui2d                   
ffffffff  __binit__                      
ffffffff  __c_args__                     
00004051  __kernel_cos                   
000000e5  __kernel_rem_pio2              
00003c01  __kernel_sin                   
00003039  __kernel_tan                   
00003bff  __mpu_init                     
2000fe00  __stack                        
00004af5  _args_main                     
000048e5  _c_int00                       
20000160  _lock                          
00004b1b  _nop                           
00004b13  _register_lock                 
00004b0d  _register_unlock               
000043ef  _system_post_cinit             
00004b57  _system_pre_init               
20000164  _unlock                        
0000493d  abort                          
00002901  asin                           
00002901  asinl                          
00003359  atan                           
00003359  atanl                          
2000010c  begin_alt_motor                
20000110  begin_azi_motor                
20000108  begin_calculations             
ffffffff  binit                          
000008ad  calculate_alt                  
00000c49  calculate_alt_steps            
00000a6f  calculate_azi                  
00000c6d  calculate_azi_steps            
00000825  calculate_lha                  
200000e8  capture_string                 
20000148  collect_date                   
20000130  collect_latitude               
20000138  collect_latitude_dir           
2000013c  collect_longitude              
20000144  collect_longitude_dir          
20000120  collect_message_id             
20000128  collect_utc                    
00003f2b  configure_pins                 
00003669  configure_serial_port0         
00003729  configure_serial_port2         
00003f09  configure_timer                
0000498d  copy_in                        
00004b21  copysign                       
00004b21  copysignl                      
00000ec5  cos                            
00000ec5  cosl                           
2000014c  count_date                     
20000100  count_declination              
200000f8  count_gha                      
20000134  count_latitude                 
20000140  count_longitude                
20000124  count_message_id               
2000012c  count_utc                      
200000a8  current_info                   
20000170  errno                          
00004945  exit                           
000044ed  floor                          
000044ed  floorl                         
20000104  found_neg                      
200000fc  gather_declination             
200000f4  gather_gha                     
200000f0  gather_input                   
00000c91  gha_dec_atoi                   
00001d51  gps_lock_led                   
200000e0  gps_on                         
00000000  interruptVectors               
00001d95  lat_long_atoi                  
000043f1  ldexp                          
000043f1  ldexpl                         
20000068  location_info                  
0000394d  log_date                       
000039f5  log_gathered_dec               
000039c7  log_gathered_gha               
00003875  log_gps_lock                   
000038c9  log_latitude                   
0000390b  log_longitude                  
00003983  log_movement                   
000039a1  log_object_found               
00003899  log_utc                        
000024a1  main                           
20000174  main_func_sp                   
000045e5  memcpy                         
00004795  memset                         
200000d8  message_id                     
20000150  prev                           
00004a81  print_dec_menu                 
00004a65  print_gha_menu                 
200000ec  process_string                 
20000168  rmc_code                       
000043f1  scalbn                         
000043f1  scalbnl                        
000014a9  sin                            
000014a9  sinl                           
00001a79  sort_gps_data                  
00003d75  sqrt                           
00003d75  sqrtl                          
00003fa5  start_alt_motor                
00003fe5  start_azi_motor                
2000011c  start_search                   
20000118  step_counter                   
00003fc5  stop_alt_motor                 
00004005  stop_azi_motor                 
20000114  switch_to_azi                  
00001f91  tan                            
00001f91  tanl                           
0000401b  toggle_laser                   
000037e9  uart_putchar                   
00003805  uart_putchar_n                 


GLOBAL SYMBOLS: SORTED BY Symbol Address 

address   name                           
-------   ----                           
00000000  __TI_static_base__             
00000000  interruptVectors               
000000e5  __kernel_rem_pio2              
00000200  __STACK_SIZE                   
00000825  calculate_lha                  
000008ad  calculate_alt                  
00000a6f  calculate_azi                  
00000c49  calculate_alt_steps            
00000c6d  calculate_azi_steps            
00000c91  gha_dec_atoi                   
00000ec5  cos                            
00000ec5  cosl                           
000014a9  sin                            
000014a9  sinl                           
00001a79  sort_gps_data                  
00001d51  gps_lock_led                   
00001d95  lat_long_atoi                  
00001f91  tan                            
00001f91  tanl                           
000024a1  main                           
00002621  EUSCIA0_IRQHandler             
00002621  EUSCIA0_IRQHandler             
00002709  EUSCIA2_IRQHandler             
00002709  EUSCIA2_IRQHandler             
00002821  TA0_0_IRQHandler               
00002821  TA0_0_IRQHandler               
00002901  asin                           
00002901  asinl                          
00002d11  SystemCoreClockUpdate          
00002f85  SystemInit                     
00003039  __kernel_tan                   
00003359  atan                           
00003359  atanl                          
00003669  configure_serial_port0         
00003729  configure_serial_port2         
000037e9  uart_putchar                   
00003805  uart_putchar_n                 
00003875  log_gps_lock                   
00003899  log_utc                        
000038c9  log_latitude                   
0000390b  log_longitude                  
0000394d  log_date                       
00003983  log_movement                   
000039a1  log_object_found               
000039c7  log_gathered_gha               
000039f5  log_gathered_dec               
00003a49  __aeabi_dsub                   
00003a53  __aeabi_dadd                   
00003bff  __mpu_init                     
00003c01  __kernel_sin                   
00003d75  sqrt                           
00003d75  sqrtl                          
00003f09  configure_timer                
00003f2b  configure_pins                 
00003fa5  start_alt_motor                
00003fc5  stop_alt_motor                 
00003fe5  start_azi_motor                
00004005  stop_azi_motor                 
0000401b  toggle_laser                   
00004051  __kernel_cos                   
000041bd  __aeabi_ddiv                   
000042f3  __aeabi_dmul                   
000043ef  _system_post_cinit             
000043f1  ldexp                          
000043f1  ldexpl                         
000043f1  scalbn                         
000043f1  scalbnl                        
000044ed  floor                          
000044ed  floorl                         
000045e5  __aeabi_memcpy                 
000045e5  __aeabi_memcpy4                
000045e5  __aeabi_memcpy8                
000045e5  memcpy                         
00004681  __aeabi_cdcmpeq                
00004681  __aeabi_cdcmple                
00004707  __aeabi_cdrcmple               
0000478d  __aeabi_memclr                 
0000478d  __aeabi_memclr4                
0000478d  __aeabi_memclr8                
0000478f  __aeabi_memset                 
0000478f  __aeabi_memset4                
0000478f  __aeabi_memset8                
00004795  memset                         
00004809  __TI_auto_init                 
000048e5  _c_int00                       
00004939  C$$EXIT                        
0000493d  abort                          
00004945  exit                           
0000498d  copy_in                        
000049d9  __aeabi_d2iz                   
00004a21  __aeabi_d2uiz                  
00004a65  print_gha_menu                 
00004a81  print_dec_menu                 
00004aa5  __aeabi_i2d                    
00004ad3  __aeabi_ui2d                   
00004af5  _args_main                     
00004b0d  _register_unlock               
00004b13  _register_lock                 
00004b1b  _nop                           
00004b21  copysign                       
00004b21  copysignl                      
00004b35  __TI_decompress_none           
00004b43  Reset_Handler                  
00004b4f  ADC14_IRQHandler               
00004b4f  AES256_IRQHandler              
00004b4f  BusFault_Handler               
00004b4f  COMP_E0_IRQHandler             
00004b4f  COMP_E1_IRQHandler             
00004b4f  CS_IRQHandler                  
00004b4f  DMA_ERR_IRQHandler             
00004b4f  DMA_INT0_IRQHandler            
00004b4f  DMA_INT1_IRQHandler            
00004b4f  DMA_INT2_IRQHandler            
00004b4f  DMA_INT3_IRQHandler            
00004b4f  DebugMon_Handler               
00004b4f  Default_Handler                
00004b4f  EUSCIA1_IRQHandler             
00004b4f  EUSCIA3_IRQHandler             
00004b4f  EUSCIB0_IRQHandler             
00004b4f  EUSCIB1_IRQHandler             
00004b4f  EUSCIB2_IRQHandler             
00004b4f  EUSCIB3_IRQHandler             
00004b4f  FLCTL_IRQHandler               
00004b4f  FPU_IRQHandler                 
00004b4f  HardFault_Handler              
00004b4f  MemManage_Handler              
00004b4f  NMI_Handler                    
00004b4f  PCM_IRQHandler                 
00004b4f  PORT1_IRQHandler               
00004b4f  PORT2_IRQHandler               
00004b4f  PORT3_IRQHandler               
00004b4f  PORT4_IRQHandler               
00004b4f  PORT5_IRQHandler               
00004b4f  PORT6_IRQHandler               
00004b4f  PSS_IRQHandler                 
00004b4f  PendSV_Handler                 
00004b4f  RTC_C_IRQHandler               
00004b4f  SVC_Handler                    
00004b4f  SysTick_Handler                
00004b4f  T32_INT1_IRQHandler            
00004b4f  T32_INT2_IRQHandler            
00004b4f  T32_INTC_IRQHandler            
00004b4f  TA0_N_IRQHandler               
00004b4f  TA1_0_IRQHandler               
00004b4f  TA1_N_IRQHandler               
00004b4f  TA2_0_IRQHandler               
00004b4f  TA2_N_IRQHandler               
00004b4f  TA3_0_IRQHandler               
00004b4f  TA3_N_IRQHandler               
00004b4f  UsageFault_Handler             
00004b4f  WDT_A_IRQHandler               
00004b51  __TI_decompress_rle24          
00004b57  _system_pre_init               
00004e8c  __TI_Handler_Table_Base        
00004e94  __TI_CINIT_Base                
00004e94  __TI_Handler_Table_Limit       
00004ea4  __TI_CINIT_Limit               
20000000  NMEA_GPRMC_string              
20000068  location_info                  
200000a8  current_info                   
200000d8  message_id                     
200000e0  gps_on                         
200000e4  NMEA_count                     
200000e8  capture_string                 
200000ec  process_string                 
200000f0  gather_input                   
200000f4  gather_gha                     
200000f8  count_gha                      
200000fc  gather_declination             
20000100  count_declination              
20000104  found_neg                      
20000108  begin_calculations             
2000010c  begin_alt_motor                
20000110  begin_azi_motor                
20000114  switch_to_azi                  
20000118  step_counter                   
2000011c  start_search                   
20000120  collect_message_id             
20000124  count_message_id               
20000128  collect_utc                    
2000012c  count_utc                      
20000130  collect_latitude               
20000134  count_latitude                 
20000138  collect_latitude_dir           
2000013c  collect_longitude              
20000140  count_longitude                
20000144  collect_longitude_dir          
20000148  collect_date                   
2000014c  count_date                     
20000150  prev                           
20000154  __TI_cleanup_ptr               
20000158  __TI_dtors_ptr                 
2000015c  __TI_enable_exit_profile_output
20000160  _lock                          
20000164  _unlock                        
20000168  rmc_code                       
20000170  errno                          
20000174  main_func_sp                   
20000178  SystemCoreClock                
2000fe00  __stack                        
20010000  __STACK_END                    
4000480c  WDTCTL_SYM                     
ffffffff  __TI_pprof_out_hndl            
ffffffff  __TI_prof_data_size            
ffffffff  __TI_prof_data_start           
ffffffff  __binit__                      
ffffffff  __c_args__                     
ffffffff  binit                          
UNDEFED   SHT$$INIT_ARRAY$$Base          
UNDEFED   SHT$$INIT_ARRAY$$Limit         

[210 symbols]
